
Discarded input sections

 .group         0x0000000000000000        0xc /Users/phamvanvu/HALAAcademy/01_Courses/AUTOSAR_Classic/MCAL/Pwm/exmaple/build/negative/case_07_power_uninit/obj/main.o
 .group         0x0000000000000000        0xc /Users/phamvanvu/HALAAcademy/01_Courses/AUTOSAR_Classic/MCAL/Pwm/exmaple/build/negative/case_07_power_uninit/obj/main.o
 .group         0x0000000000000000        0xc /Users/phamvanvu/HALAAcademy/01_Courses/AUTOSAR_Classic/MCAL/Pwm/exmaple/build/negative/case_07_power_uninit/obj/main.o
 .group         0x0000000000000000        0xc /Users/phamvanvu/HALAAcademy/01_Courses/AUTOSAR_Classic/MCAL/Pwm/exmaple/build/negative/case_07_power_uninit/obj/main.o
 .group         0x0000000000000000        0xc /Users/phamvanvu/HALAAcademy/01_Courses/AUTOSAR_Classic/MCAL/Pwm/exmaple/build/negative/case_07_power_uninit/obj/main.o
 .group         0x0000000000000000        0xc /Users/phamvanvu/HALAAcademy/01_Courses/AUTOSAR_Classic/MCAL/Pwm/exmaple/build/negative/case_07_power_uninit/obj/main.o
 .group         0x0000000000000000        0xc /Users/phamvanvu/HALAAcademy/01_Courses/AUTOSAR_Classic/MCAL/Pwm/exmaple/build/negative/case_07_power_uninit/obj/main.o
 .group         0x0000000000000000        0xc /Users/phamvanvu/HALAAcademy/01_Courses/AUTOSAR_Classic/MCAL/Pwm/exmaple/build/negative/case_07_power_uninit/obj/main.o
 .group         0x0000000000000000        0xc /Users/phamvanvu/HALAAcademy/01_Courses/AUTOSAR_Classic/MCAL/Pwm/exmaple/build/negative/case_07_power_uninit/obj/main.o
 .group         0x0000000000000000        0xc /Users/phamvanvu/HALAAcademy/01_Courses/AUTOSAR_Classic/MCAL/Pwm/exmaple/build/negative/case_07_power_uninit/obj/main.o
 .group         0x0000000000000000        0xc /Users/phamvanvu/HALAAcademy/01_Courses/AUTOSAR_Classic/MCAL/Pwm/exmaple/build/negative/case_07_power_uninit/obj/main.o
 .group         0x0000000000000000        0xc /Users/phamvanvu/HALAAcademy/01_Courses/AUTOSAR_Classic/MCAL/Pwm/exmaple/build/negative/case_07_power_uninit/obj/main.o
 .group         0x0000000000000000        0xc /Users/phamvanvu/HALAAcademy/01_Courses/AUTOSAR_Classic/MCAL/Pwm/exmaple/build/negative/case_07_power_uninit/obj/main.o
 .group         0x0000000000000000        0xc /Users/phamvanvu/HALAAcademy/01_Courses/AUTOSAR_Classic/MCAL/Pwm/exmaple/build/negative/case_07_power_uninit/obj/main.o
 .group         0x0000000000000000        0xc /Users/phamvanvu/HALAAcademy/01_Courses/AUTOSAR_Classic/MCAL/Pwm/exmaple/build/negative/case_07_power_uninit/obj/main.o
 .group         0x0000000000000000        0xc /Users/phamvanvu/HALAAcademy/01_Courses/AUTOSAR_Classic/MCAL/Pwm/exmaple/build/negative/case_07_power_uninit/obj/main.o
 .group         0x0000000000000000        0xc /Users/phamvanvu/HALAAcademy/01_Courses/AUTOSAR_Classic/MCAL/Pwm/exmaple/build/negative/case_07_power_uninit/obj/main.o
 .comment       0x0000000000000000       0x4a /Users/phamvanvu/HALAAcademy/01_Courses/AUTOSAR_Classic/MCAL/Pwm/exmaple/build/negative/case_07_power_uninit/obj/main.o
 .group         0x0000000000000000        0xc /Users/phamvanvu/HALAAcademy/01_Courses/AUTOSAR_Classic/MCAL/Pwm/exmaple/build/negative/case_07_power_uninit/obj/pwm_example_port.o
 .group         0x0000000000000000        0xc /Users/phamvanvu/HALAAcademy/01_Courses/AUTOSAR_Classic/MCAL/Pwm/exmaple/build/negative/case_07_power_uninit/obj/pwm_example_port.o
 .group         0x0000000000000000        0xc /Users/phamvanvu/HALAAcademy/01_Courses/AUTOSAR_Classic/MCAL/Pwm/exmaple/build/negative/case_07_power_uninit/obj/pwm_example_port.o
 .group         0x0000000000000000        0xc /Users/phamvanvu/HALAAcademy/01_Courses/AUTOSAR_Classic/MCAL/Pwm/exmaple/build/negative/case_07_power_uninit/obj/pwm_example_port.o
 .group         0x0000000000000000        0xc /Users/phamvanvu/HALAAcademy/01_Courses/AUTOSAR_Classic/MCAL/Pwm/exmaple/build/negative/case_07_power_uninit/obj/pwm_example_port.o
 .group         0x0000000000000000        0xc /Users/phamvanvu/HALAAcademy/01_Courses/AUTOSAR_Classic/MCAL/Pwm/exmaple/build/negative/case_07_power_uninit/obj/pwm_example_port.o
 .group         0x0000000000000000        0xc /Users/phamvanvu/HALAAcademy/01_Courses/AUTOSAR_Classic/MCAL/Pwm/exmaple/build/negative/case_07_power_uninit/obj/pwm_example_port.o
 .group         0x0000000000000000        0xc /Users/phamvanvu/HALAAcademy/01_Courses/AUTOSAR_Classic/MCAL/Pwm/exmaple/build/negative/case_07_power_uninit/obj/pwm_example_port.o
 .group         0x0000000000000000        0xc /Users/phamvanvu/HALAAcademy/01_Courses/AUTOSAR_Classic/MCAL/Pwm/exmaple/build/negative/case_07_power_uninit/obj/pwm_example_port.o
 .group         0x0000000000000000        0xc /Users/phamvanvu/HALAAcademy/01_Courses/AUTOSAR_Classic/MCAL/Pwm/exmaple/build/negative/case_07_power_uninit/obj/pwm_example_port.o
 .group         0x0000000000000000        0xc /Users/phamvanvu/HALAAcademy/01_Courses/AUTOSAR_Classic/MCAL/Pwm/exmaple/build/negative/case_07_power_uninit/obj/pwm_example_port.o
 .group         0x0000000000000000        0xc /Users/phamvanvu/HALAAcademy/01_Courses/AUTOSAR_Classic/MCAL/Pwm/exmaple/build/negative/case_07_power_uninit/obj/pwm_example_port.o
 .group         0x0000000000000000        0xc /Users/phamvanvu/HALAAcademy/01_Courses/AUTOSAR_Classic/MCAL/Pwm/exmaple/build/negative/case_07_power_uninit/obj/pwm_example_port.o
 .group         0x0000000000000000        0xc /Users/phamvanvu/HALAAcademy/01_Courses/AUTOSAR_Classic/MCAL/Pwm/exmaple/build/negative/case_07_power_uninit/obj/pwm_example_port.o
 .group         0x0000000000000000        0xc /Users/phamvanvu/HALAAcademy/01_Courses/AUTOSAR_Classic/MCAL/Pwm/exmaple/build/negative/case_07_power_uninit/obj/pwm_example_port.o
 .group         0x0000000000000000        0xc /Users/phamvanvu/HALAAcademy/01_Courses/AUTOSAR_Classic/MCAL/Pwm/exmaple/build/negative/case_07_power_uninit/obj/pwm_example_port.o
 .group         0x0000000000000000        0xc /Users/phamvanvu/HALAAcademy/01_Courses/AUTOSAR_Classic/MCAL/Pwm/exmaple/build/negative/case_07_power_uninit/obj/pwm_example_port.o
 .debug_macro   0x0000000000000000      0xa66 /Users/phamvanvu/HALAAcademy/01_Courses/AUTOSAR_Classic/MCAL/Pwm/exmaple/build/negative/case_07_power_uninit/obj/pwm_example_port.o
 .debug_macro   0x0000000000000000       0x5d /Users/phamvanvu/HALAAcademy/01_Courses/AUTOSAR_Classic/MCAL/Pwm/exmaple/build/negative/case_07_power_uninit/obj/pwm_example_port.o
 .debug_macro   0x0000000000000000       0x22 /Users/phamvanvu/HALAAcademy/01_Courses/AUTOSAR_Classic/MCAL/Pwm/exmaple/build/negative/case_07_power_uninit/obj/pwm_example_port.o
 .debug_macro   0x0000000000000000       0x8e /Users/phamvanvu/HALAAcademy/01_Courses/AUTOSAR_Classic/MCAL/Pwm/exmaple/build/negative/case_07_power_uninit/obj/pwm_example_port.o
 .debug_macro   0x0000000000000000       0x51 /Users/phamvanvu/HALAAcademy/01_Courses/AUTOSAR_Classic/MCAL/Pwm/exmaple/build/negative/case_07_power_uninit/obj/pwm_example_port.o
 .debug_macro   0x0000000000000000      0x103 /Users/phamvanvu/HALAAcademy/01_Courses/AUTOSAR_Classic/MCAL/Pwm/exmaple/build/negative/case_07_power_uninit/obj/pwm_example_port.o
 .debug_macro   0x0000000000000000       0x6a /Users/phamvanvu/HALAAcademy/01_Courses/AUTOSAR_Classic/MCAL/Pwm/exmaple/build/negative/case_07_power_uninit/obj/pwm_example_port.o
 .debug_macro   0x0000000000000000      0x1df /Users/phamvanvu/HALAAcademy/01_Courses/AUTOSAR_Classic/MCAL/Pwm/exmaple/build/negative/case_07_power_uninit/obj/pwm_example_port.o
 .debug_macro   0x0000000000000000       0x1c /Users/phamvanvu/HALAAcademy/01_Courses/AUTOSAR_Classic/MCAL/Pwm/exmaple/build/negative/case_07_power_uninit/obj/pwm_example_port.o
 .debug_macro   0x0000000000000000       0x22 /Users/phamvanvu/HALAAcademy/01_Courses/AUTOSAR_Classic/MCAL/Pwm/exmaple/build/negative/case_07_power_uninit/obj/pwm_example_port.o
 .debug_macro   0x0000000000000000       0xbd /Users/phamvanvu/HALAAcademy/01_Courses/AUTOSAR_Classic/MCAL/Pwm/exmaple/build/negative/case_07_power_uninit/obj/pwm_example_port.o
 .debug_macro   0x0000000000000000      0xd00 /Users/phamvanvu/HALAAcademy/01_Courses/AUTOSAR_Classic/MCAL/Pwm/exmaple/build/negative/case_07_power_uninit/obj/pwm_example_port.o
 .debug_macro   0x0000000000000000     0x7eb3 /Users/phamvanvu/HALAAcademy/01_Courses/AUTOSAR_Classic/MCAL/Pwm/exmaple/build/negative/case_07_power_uninit/obj/pwm_example_port.o
 .debug_macro   0x0000000000000000       0x10 /Users/phamvanvu/HALAAcademy/01_Courses/AUTOSAR_Classic/MCAL/Pwm/exmaple/build/negative/case_07_power_uninit/obj/pwm_example_port.o
 .debug_macro   0x0000000000000000       0x35 /Users/phamvanvu/HALAAcademy/01_Courses/AUTOSAR_Classic/MCAL/Pwm/exmaple/build/negative/case_07_power_uninit/obj/pwm_example_port.o
 .comment       0x0000000000000000       0x4a /Users/phamvanvu/HALAAcademy/01_Courses/AUTOSAR_Classic/MCAL/Pwm/exmaple/build/negative/case_07_power_uninit/obj/pwm_example_port.o
 .group         0x0000000000000000        0xc /Users/phamvanvu/HALAAcademy/01_Courses/AUTOSAR_Classic/MCAL/Pwm/exmaple/build/negative/case_07_power_uninit/obj/Pwm.o
 .group         0x0000000000000000        0xc /Users/phamvanvu/HALAAcademy/01_Courses/AUTOSAR_Classic/MCAL/Pwm/exmaple/build/negative/case_07_power_uninit/obj/Pwm.o
 .group         0x0000000000000000        0xc /Users/phamvanvu/HALAAcademy/01_Courses/AUTOSAR_Classic/MCAL/Pwm/exmaple/build/negative/case_07_power_uninit/obj/Pwm.o
 .group         0x0000000000000000        0xc /Users/phamvanvu/HALAAcademy/01_Courses/AUTOSAR_Classic/MCAL/Pwm/exmaple/build/negative/case_07_power_uninit/obj/Pwm.o
 .group         0x0000000000000000        0xc /Users/phamvanvu/HALAAcademy/01_Courses/AUTOSAR_Classic/MCAL/Pwm/exmaple/build/negative/case_07_power_uninit/obj/Pwm.o
 .group         0x0000000000000000        0xc /Users/phamvanvu/HALAAcademy/01_Courses/AUTOSAR_Classic/MCAL/Pwm/exmaple/build/negative/case_07_power_uninit/obj/Pwm.o
 .group         0x0000000000000000        0xc /Users/phamvanvu/HALAAcademy/01_Courses/AUTOSAR_Classic/MCAL/Pwm/exmaple/build/negative/case_07_power_uninit/obj/Pwm.o
 .group         0x0000000000000000        0xc /Users/phamvanvu/HALAAcademy/01_Courses/AUTOSAR_Classic/MCAL/Pwm/exmaple/build/negative/case_07_power_uninit/obj/Pwm.o
 .group         0x0000000000000000        0xc /Users/phamvanvu/HALAAcademy/01_Courses/AUTOSAR_Classic/MCAL/Pwm/exmaple/build/negative/case_07_power_uninit/obj/Pwm.o
 .group         0x0000000000000000        0xc /Users/phamvanvu/HALAAcademy/01_Courses/AUTOSAR_Classic/MCAL/Pwm/exmaple/build/negative/case_07_power_uninit/obj/Pwm.o
 .group         0x0000000000000000        0xc /Users/phamvanvu/HALAAcademy/01_Courses/AUTOSAR_Classic/MCAL/Pwm/exmaple/build/negative/case_07_power_uninit/obj/Pwm.o
 .group         0x0000000000000000        0xc /Users/phamvanvu/HALAAcademy/01_Courses/AUTOSAR_Classic/MCAL/Pwm/exmaple/build/negative/case_07_power_uninit/obj/Pwm.o
 .group         0x0000000000000000        0xc /Users/phamvanvu/HALAAcademy/01_Courses/AUTOSAR_Classic/MCAL/Pwm/exmaple/build/negative/case_07_power_uninit/obj/Pwm.o
 .group         0x0000000000000000        0xc /Users/phamvanvu/HALAAcademy/01_Courses/AUTOSAR_Classic/MCAL/Pwm/exmaple/build/negative/case_07_power_uninit/obj/Pwm.o
 .group         0x0000000000000000        0xc /Users/phamvanvu/HALAAcademy/01_Courses/AUTOSAR_Classic/MCAL/Pwm/exmaple/build/negative/case_07_power_uninit/obj/Pwm.o
 .group         0x0000000000000000        0xc /Users/phamvanvu/HALAAcademy/01_Courses/AUTOSAR_Classic/MCAL/Pwm/exmaple/build/negative/case_07_power_uninit/obj/Pwm.o
 .group         0x0000000000000000        0xc /Users/phamvanvu/HALAAcademy/01_Courses/AUTOSAR_Classic/MCAL/Pwm/exmaple/build/negative/case_07_power_uninit/obj/Pwm.o
 .group         0x0000000000000000        0xc /Users/phamvanvu/HALAAcademy/01_Courses/AUTOSAR_Classic/MCAL/Pwm/exmaple/build/negative/case_07_power_uninit/obj/Pwm.o
 .group         0x0000000000000000        0xc /Users/phamvanvu/HALAAcademy/01_Courses/AUTOSAR_Classic/MCAL/Pwm/exmaple/build/negative/case_07_power_uninit/obj/Pwm.o
 .debug_macro   0x0000000000000000      0xa66 /Users/phamvanvu/HALAAcademy/01_Courses/AUTOSAR_Classic/MCAL/Pwm/exmaple/build/negative/case_07_power_uninit/obj/Pwm.o
 .debug_macro   0x0000000000000000       0x69 /Users/phamvanvu/HALAAcademy/01_Courses/AUTOSAR_Classic/MCAL/Pwm/exmaple/build/negative/case_07_power_uninit/obj/Pwm.o
 .debug_macro   0x0000000000000000       0x5d /Users/phamvanvu/HALAAcademy/01_Courses/AUTOSAR_Classic/MCAL/Pwm/exmaple/build/negative/case_07_power_uninit/obj/Pwm.o
 .debug_macro   0x0000000000000000       0x22 /Users/phamvanvu/HALAAcademy/01_Courses/AUTOSAR_Classic/MCAL/Pwm/exmaple/build/negative/case_07_power_uninit/obj/Pwm.o
 .debug_macro   0x0000000000000000       0x8e /Users/phamvanvu/HALAAcademy/01_Courses/AUTOSAR_Classic/MCAL/Pwm/exmaple/build/negative/case_07_power_uninit/obj/Pwm.o
 .debug_macro   0x0000000000000000       0x51 /Users/phamvanvu/HALAAcademy/01_Courses/AUTOSAR_Classic/MCAL/Pwm/exmaple/build/negative/case_07_power_uninit/obj/Pwm.o
 .debug_macro   0x0000000000000000      0x103 /Users/phamvanvu/HALAAcademy/01_Courses/AUTOSAR_Classic/MCAL/Pwm/exmaple/build/negative/case_07_power_uninit/obj/Pwm.o
 .debug_macro   0x0000000000000000       0x6a /Users/phamvanvu/HALAAcademy/01_Courses/AUTOSAR_Classic/MCAL/Pwm/exmaple/build/negative/case_07_power_uninit/obj/Pwm.o
 .debug_macro   0x0000000000000000      0x1df /Users/phamvanvu/HALAAcademy/01_Courses/AUTOSAR_Classic/MCAL/Pwm/exmaple/build/negative/case_07_power_uninit/obj/Pwm.o
 .debug_macro   0x0000000000000000       0x1c /Users/phamvanvu/HALAAcademy/01_Courses/AUTOSAR_Classic/MCAL/Pwm/exmaple/build/negative/case_07_power_uninit/obj/Pwm.o
 .debug_macro   0x0000000000000000       0x22 /Users/phamvanvu/HALAAcademy/01_Courses/AUTOSAR_Classic/MCAL/Pwm/exmaple/build/negative/case_07_power_uninit/obj/Pwm.o
 .debug_macro   0x0000000000000000       0xbd /Users/phamvanvu/HALAAcademy/01_Courses/AUTOSAR_Classic/MCAL/Pwm/exmaple/build/negative/case_07_power_uninit/obj/Pwm.o
 .debug_macro   0x0000000000000000      0xd00 /Users/phamvanvu/HALAAcademy/01_Courses/AUTOSAR_Classic/MCAL/Pwm/exmaple/build/negative/case_07_power_uninit/obj/Pwm.o
 .debug_macro   0x0000000000000000     0x7eb3 /Users/phamvanvu/HALAAcademy/01_Courses/AUTOSAR_Classic/MCAL/Pwm/exmaple/build/negative/case_07_power_uninit/obj/Pwm.o
 .debug_macro   0x0000000000000000       0x10 /Users/phamvanvu/HALAAcademy/01_Courses/AUTOSAR_Classic/MCAL/Pwm/exmaple/build/negative/case_07_power_uninit/obj/Pwm.o
 .debug_macro   0x0000000000000000       0x35 /Users/phamvanvu/HALAAcademy/01_Courses/AUTOSAR_Classic/MCAL/Pwm/exmaple/build/negative/case_07_power_uninit/obj/Pwm.o
 .debug_macro   0x0000000000000000      0x70b /Users/phamvanvu/HALAAcademy/01_Courses/AUTOSAR_Classic/MCAL/Pwm/exmaple/build/negative/case_07_power_uninit/obj/Pwm.o
 .comment       0x0000000000000000       0x4a /Users/phamvanvu/HALAAcademy/01_Courses/AUTOSAR_Classic/MCAL/Pwm/exmaple/build/negative/case_07_power_uninit/obj/Pwm.o
 .group         0x0000000000000000        0xc /Users/phamvanvu/HALAAcademy/01_Courses/AUTOSAR_Classic/MCAL/Pwm/exmaple/build/negative/case_07_power_uninit/obj/Pwm_Lcfg.o
 .group         0x0000000000000000        0xc /Users/phamvanvu/HALAAcademy/01_Courses/AUTOSAR_Classic/MCAL/Pwm/exmaple/build/negative/case_07_power_uninit/obj/Pwm_Lcfg.o
 .group         0x0000000000000000        0xc /Users/phamvanvu/HALAAcademy/01_Courses/AUTOSAR_Classic/MCAL/Pwm/exmaple/build/negative/case_07_power_uninit/obj/Pwm_Lcfg.o
 .group         0x0000000000000000        0xc /Users/phamvanvu/HALAAcademy/01_Courses/AUTOSAR_Classic/MCAL/Pwm/exmaple/build/negative/case_07_power_uninit/obj/Pwm_Lcfg.o
 .group         0x0000000000000000        0xc /Users/phamvanvu/HALAAcademy/01_Courses/AUTOSAR_Classic/MCAL/Pwm/exmaple/build/negative/case_07_power_uninit/obj/Pwm_Lcfg.o
 .group         0x0000000000000000        0xc /Users/phamvanvu/HALAAcademy/01_Courses/AUTOSAR_Classic/MCAL/Pwm/exmaple/build/negative/case_07_power_uninit/obj/Pwm_Lcfg.o
 .group         0x0000000000000000        0xc /Users/phamvanvu/HALAAcademy/01_Courses/AUTOSAR_Classic/MCAL/Pwm/exmaple/build/negative/case_07_power_uninit/obj/Pwm_Lcfg.o
 .group         0x0000000000000000        0xc /Users/phamvanvu/HALAAcademy/01_Courses/AUTOSAR_Classic/MCAL/Pwm/exmaple/build/negative/case_07_power_uninit/obj/Pwm_Lcfg.o
 .group         0x0000000000000000        0xc /Users/phamvanvu/HALAAcademy/01_Courses/AUTOSAR_Classic/MCAL/Pwm/exmaple/build/negative/case_07_power_uninit/obj/Pwm_Lcfg.o
 .group         0x0000000000000000        0xc /Users/phamvanvu/HALAAcademy/01_Courses/AUTOSAR_Classic/MCAL/Pwm/exmaple/build/negative/case_07_power_uninit/obj/Pwm_Lcfg.o
 .group         0x0000000000000000        0xc /Users/phamvanvu/HALAAcademy/01_Courses/AUTOSAR_Classic/MCAL/Pwm/exmaple/build/negative/case_07_power_uninit/obj/Pwm_Lcfg.o
 .group         0x0000000000000000        0xc /Users/phamvanvu/HALAAcademy/01_Courses/AUTOSAR_Classic/MCAL/Pwm/exmaple/build/negative/case_07_power_uninit/obj/Pwm_Lcfg.o
 .group         0x0000000000000000        0xc /Users/phamvanvu/HALAAcademy/01_Courses/AUTOSAR_Classic/MCAL/Pwm/exmaple/build/negative/case_07_power_uninit/obj/Pwm_Lcfg.o
 .group         0x0000000000000000        0xc /Users/phamvanvu/HALAAcademy/01_Courses/AUTOSAR_Classic/MCAL/Pwm/exmaple/build/negative/case_07_power_uninit/obj/Pwm_Lcfg.o
 .group         0x0000000000000000        0xc /Users/phamvanvu/HALAAcademy/01_Courses/AUTOSAR_Classic/MCAL/Pwm/exmaple/build/negative/case_07_power_uninit/obj/Pwm_Lcfg.o
 .group         0x0000000000000000        0xc /Users/phamvanvu/HALAAcademy/01_Courses/AUTOSAR_Classic/MCAL/Pwm/exmaple/build/negative/case_07_power_uninit/obj/Pwm_Lcfg.o
 .group         0x0000000000000000        0xc /Users/phamvanvu/HALAAcademy/01_Courses/AUTOSAR_Classic/MCAL/Pwm/exmaple/build/negative/case_07_power_uninit/obj/Pwm_Lcfg.o
 .group         0x0000000000000000        0xc /Users/phamvanvu/HALAAcademy/01_Courses/AUTOSAR_Classic/MCAL/Pwm/exmaple/build/negative/case_07_power_uninit/obj/Pwm_Lcfg.o
 .group         0x0000000000000000        0xc /Users/phamvanvu/HALAAcademy/01_Courses/AUTOSAR_Classic/MCAL/Pwm/exmaple/build/negative/case_07_power_uninit/obj/Pwm_Lcfg.o
 .group         0x0000000000000000        0xc /Users/phamvanvu/HALAAcademy/01_Courses/AUTOSAR_Classic/MCAL/Pwm/exmaple/build/negative/case_07_power_uninit/obj/Pwm_Lcfg.o
 .group         0x0000000000000000        0xc /Users/phamvanvu/HALAAcademy/01_Courses/AUTOSAR_Classic/MCAL/Pwm/exmaple/build/negative/case_07_power_uninit/obj/Pwm_Lcfg.o
 .group         0x0000000000000000        0xc /Users/phamvanvu/HALAAcademy/01_Courses/AUTOSAR_Classic/MCAL/Pwm/exmaple/build/negative/case_07_power_uninit/obj/Pwm_Lcfg.o
 .group         0x0000000000000000        0xc /Users/phamvanvu/HALAAcademy/01_Courses/AUTOSAR_Classic/MCAL/Pwm/exmaple/build/negative/case_07_power_uninit/obj/Pwm_Lcfg.o
 .group         0x0000000000000000        0xc /Users/phamvanvu/HALAAcademy/01_Courses/AUTOSAR_Classic/MCAL/Pwm/exmaple/build/negative/case_07_power_uninit/obj/Pwm_Lcfg.o
 .group         0x0000000000000000        0xc /Users/phamvanvu/HALAAcademy/01_Courses/AUTOSAR_Classic/MCAL/Pwm/exmaple/build/negative/case_07_power_uninit/obj/Pwm_Lcfg.o
 .group         0x0000000000000000        0xc /Users/phamvanvu/HALAAcademy/01_Courses/AUTOSAR_Classic/MCAL/Pwm/exmaple/build/negative/case_07_power_uninit/obj/Pwm_Lcfg.o
 .group         0x0000000000000000        0xc /Users/phamvanvu/HALAAcademy/01_Courses/AUTOSAR_Classic/MCAL/Pwm/exmaple/build/negative/case_07_power_uninit/obj/Pwm_Lcfg.o
 .group         0x0000000000000000        0xc /Users/phamvanvu/HALAAcademy/01_Courses/AUTOSAR_Classic/MCAL/Pwm/exmaple/build/negative/case_07_power_uninit/obj/Pwm_Lcfg.o
 .group         0x0000000000000000        0xc /Users/phamvanvu/HALAAcademy/01_Courses/AUTOSAR_Classic/MCAL/Pwm/exmaple/build/negative/case_07_power_uninit/obj/Pwm_Lcfg.o
 .group         0x0000000000000000        0xc /Users/phamvanvu/HALAAcademy/01_Courses/AUTOSAR_Classic/MCAL/Pwm/exmaple/build/negative/case_07_power_uninit/obj/Pwm_Lcfg.o
 .group         0x0000000000000000        0xc /Users/phamvanvu/HALAAcademy/01_Courses/AUTOSAR_Classic/MCAL/Pwm/exmaple/build/negative/case_07_power_uninit/obj/Pwm_Lcfg.o
 .group         0x0000000000000000        0xc /Users/phamvanvu/HALAAcademy/01_Courses/AUTOSAR_Classic/MCAL/Pwm/exmaple/build/negative/case_07_power_uninit/obj/Pwm_Lcfg.o
 .group         0x0000000000000000        0xc /Users/phamvanvu/HALAAcademy/01_Courses/AUTOSAR_Classic/MCAL/Pwm/exmaple/build/negative/case_07_power_uninit/obj/Pwm_Lcfg.o
 .group         0x0000000000000000        0xc /Users/phamvanvu/HALAAcademy/01_Courses/AUTOSAR_Classic/MCAL/Pwm/exmaple/build/negative/case_07_power_uninit/obj/Pwm_Lcfg.o
 .group         0x0000000000000000        0xc /Users/phamvanvu/HALAAcademy/01_Courses/AUTOSAR_Classic/MCAL/Pwm/exmaple/build/negative/case_07_power_uninit/obj/Pwm_Lcfg.o
 .group         0x0000000000000000        0xc /Users/phamvanvu/HALAAcademy/01_Courses/AUTOSAR_Classic/MCAL/Pwm/exmaple/build/negative/case_07_power_uninit/obj/Pwm_Lcfg.o
 .group         0x0000000000000000        0xc /Users/phamvanvu/HALAAcademy/01_Courses/AUTOSAR_Classic/MCAL/Pwm/exmaple/build/negative/case_07_power_uninit/obj/Pwm_Lcfg.o
 .group         0x0000000000000000        0xc /Users/phamvanvu/HALAAcademy/01_Courses/AUTOSAR_Classic/MCAL/Pwm/exmaple/build/negative/case_07_power_uninit/obj/Pwm_Lcfg.o
 .group         0x0000000000000000        0xc /Users/phamvanvu/HALAAcademy/01_Courses/AUTOSAR_Classic/MCAL/Pwm/exmaple/build/negative/case_07_power_uninit/obj/Pwm_Lcfg.o
 .group         0x0000000000000000        0xc /Users/phamvanvu/HALAAcademy/01_Courses/AUTOSAR_Classic/MCAL/Pwm/exmaple/build/negative/case_07_power_uninit/obj/Pwm_Lcfg.o
 .group         0x0000000000000000        0xc /Users/phamvanvu/HALAAcademy/01_Courses/AUTOSAR_Classic/MCAL/Pwm/exmaple/build/negative/case_07_power_uninit/obj/Pwm_Lcfg.o
 .group         0x0000000000000000        0xc /Users/phamvanvu/HALAAcademy/01_Courses/AUTOSAR_Classic/MCAL/Pwm/exmaple/build/negative/case_07_power_uninit/obj/Pwm_Lcfg.o
 .group         0x0000000000000000        0xc /Users/phamvanvu/HALAAcademy/01_Courses/AUTOSAR_Classic/MCAL/Pwm/exmaple/build/negative/case_07_power_uninit/obj/Pwm_Lcfg.o
 .debug_macro   0x0000000000000000      0xa66 /Users/phamvanvu/HALAAcademy/01_Courses/AUTOSAR_Classic/MCAL/Pwm/exmaple/build/negative/case_07_power_uninit/obj/Pwm_Lcfg.o
 .debug_macro   0x0000000000000000       0x69 /Users/phamvanvu/HALAAcademy/01_Courses/AUTOSAR_Classic/MCAL/Pwm/exmaple/build/negative/case_07_power_uninit/obj/Pwm_Lcfg.o
 .debug_macro   0x0000000000000000       0x5d /Users/phamvanvu/HALAAcademy/01_Courses/AUTOSAR_Classic/MCAL/Pwm/exmaple/build/negative/case_07_power_uninit/obj/Pwm_Lcfg.o
 .debug_macro   0x0000000000000000       0x22 /Users/phamvanvu/HALAAcademy/01_Courses/AUTOSAR_Classic/MCAL/Pwm/exmaple/build/negative/case_07_power_uninit/obj/Pwm_Lcfg.o
 .debug_macro   0x0000000000000000       0x8e /Users/phamvanvu/HALAAcademy/01_Courses/AUTOSAR_Classic/MCAL/Pwm/exmaple/build/negative/case_07_power_uninit/obj/Pwm_Lcfg.o
 .debug_macro   0x0000000000000000       0x51 /Users/phamvanvu/HALAAcademy/01_Courses/AUTOSAR_Classic/MCAL/Pwm/exmaple/build/negative/case_07_power_uninit/obj/Pwm_Lcfg.o
 .debug_macro   0x0000000000000000      0x103 /Users/phamvanvu/HALAAcademy/01_Courses/AUTOSAR_Classic/MCAL/Pwm/exmaple/build/negative/case_07_power_uninit/obj/Pwm_Lcfg.o
 .debug_macro   0x0000000000000000       0x6a /Users/phamvanvu/HALAAcademy/01_Courses/AUTOSAR_Classic/MCAL/Pwm/exmaple/build/negative/case_07_power_uninit/obj/Pwm_Lcfg.o
 .debug_macro   0x0000000000000000      0x1df /Users/phamvanvu/HALAAcademy/01_Courses/AUTOSAR_Classic/MCAL/Pwm/exmaple/build/negative/case_07_power_uninit/obj/Pwm_Lcfg.o
 .debug_macro   0x0000000000000000       0x1c /Users/phamvanvu/HALAAcademy/01_Courses/AUTOSAR_Classic/MCAL/Pwm/exmaple/build/negative/case_07_power_uninit/obj/Pwm_Lcfg.o
 .debug_macro   0x0000000000000000       0x22 /Users/phamvanvu/HALAAcademy/01_Courses/AUTOSAR_Classic/MCAL/Pwm/exmaple/build/negative/case_07_power_uninit/obj/Pwm_Lcfg.o
 .debug_macro   0x0000000000000000       0xbd /Users/phamvanvu/HALAAcademy/01_Courses/AUTOSAR_Classic/MCAL/Pwm/exmaple/build/negative/case_07_power_uninit/obj/Pwm_Lcfg.o
 .debug_macro   0x0000000000000000      0xd00 /Users/phamvanvu/HALAAcademy/01_Courses/AUTOSAR_Classic/MCAL/Pwm/exmaple/build/negative/case_07_power_uninit/obj/Pwm_Lcfg.o
 .debug_macro   0x0000000000000000     0x7eb3 /Users/phamvanvu/HALAAcademy/01_Courses/AUTOSAR_Classic/MCAL/Pwm/exmaple/build/negative/case_07_power_uninit/obj/Pwm_Lcfg.o
 .debug_macro   0x0000000000000000       0x10 /Users/phamvanvu/HALAAcademy/01_Courses/AUTOSAR_Classic/MCAL/Pwm/exmaple/build/negative/case_07_power_uninit/obj/Pwm_Lcfg.o
 .debug_macro   0x0000000000000000       0x35 /Users/phamvanvu/HALAAcademy/01_Courses/AUTOSAR_Classic/MCAL/Pwm/exmaple/build/negative/case_07_power_uninit/obj/Pwm_Lcfg.o
 .debug_macro   0x0000000000000000      0x70b /Users/phamvanvu/HALAAcademy/01_Courses/AUTOSAR_Classic/MCAL/Pwm/exmaple/build/negative/case_07_power_uninit/obj/Pwm_Lcfg.o
 .comment       0x0000000000000000       0x4a /Users/phamvanvu/HALAAcademy/01_Courses/AUTOSAR_Classic/MCAL/Pwm/exmaple/build/negative/case_07_power_uninit/obj/Pwm_Lcfg.o
 .group         0x0000000000000000        0xc /Users/phamvanvu/HALAAcademy/01_Courses/AUTOSAR_Classic/MCAL/Pwm/exmaple/build/negative/case_07_power_uninit/obj/system_stm32f10x.o
 .group         0x0000000000000000        0xc /Users/phamvanvu/HALAAcademy/01_Courses/AUTOSAR_Classic/MCAL/Pwm/exmaple/build/negative/case_07_power_uninit/obj/system_stm32f10x.o
 .group         0x0000000000000000        0xc /Users/phamvanvu/HALAAcademy/01_Courses/AUTOSAR_Classic/MCAL/Pwm/exmaple/build/negative/case_07_power_uninit/obj/system_stm32f10x.o
 .group         0x0000000000000000        0xc /Users/phamvanvu/HALAAcademy/01_Courses/AUTOSAR_Classic/MCAL/Pwm/exmaple/build/negative/case_07_power_uninit/obj/system_stm32f10x.o
 .group         0x0000000000000000        0xc /Users/phamvanvu/HALAAcademy/01_Courses/AUTOSAR_Classic/MCAL/Pwm/exmaple/build/negative/case_07_power_uninit/obj/system_stm32f10x.o
 .group         0x0000000000000000        0xc /Users/phamvanvu/HALAAcademy/01_Courses/AUTOSAR_Classic/MCAL/Pwm/exmaple/build/negative/case_07_power_uninit/obj/system_stm32f10x.o
 .group         0x0000000000000000        0xc /Users/phamvanvu/HALAAcademy/01_Courses/AUTOSAR_Classic/MCAL/Pwm/exmaple/build/negative/case_07_power_uninit/obj/system_stm32f10x.o
 .group         0x0000000000000000        0xc /Users/phamvanvu/HALAAcademy/01_Courses/AUTOSAR_Classic/MCAL/Pwm/exmaple/build/negative/case_07_power_uninit/obj/system_stm32f10x.o
 .group         0x0000000000000000        0xc /Users/phamvanvu/HALAAcademy/01_Courses/AUTOSAR_Classic/MCAL/Pwm/exmaple/build/negative/case_07_power_uninit/obj/system_stm32f10x.o
 .group         0x0000000000000000        0xc /Users/phamvanvu/HALAAcademy/01_Courses/AUTOSAR_Classic/MCAL/Pwm/exmaple/build/negative/case_07_power_uninit/obj/system_stm32f10x.o
 .group         0x0000000000000000        0xc /Users/phamvanvu/HALAAcademy/01_Courses/AUTOSAR_Classic/MCAL/Pwm/exmaple/build/negative/case_07_power_uninit/obj/system_stm32f10x.o
 .group         0x0000000000000000        0xc /Users/phamvanvu/HALAAcademy/01_Courses/AUTOSAR_Classic/MCAL/Pwm/exmaple/build/negative/case_07_power_uninit/obj/system_stm32f10x.o
 .group         0x0000000000000000        0xc /Users/phamvanvu/HALAAcademy/01_Courses/AUTOSAR_Classic/MCAL/Pwm/exmaple/build/negative/case_07_power_uninit/obj/system_stm32f10x.o
 .group         0x0000000000000000        0xc /Users/phamvanvu/HALAAcademy/01_Courses/AUTOSAR_Classic/MCAL/Pwm/exmaple/build/negative/case_07_power_uninit/obj/system_stm32f10x.o
 .group         0x0000000000000000        0xc /Users/phamvanvu/HALAAcademy/01_Courses/AUTOSAR_Classic/MCAL/Pwm/exmaple/build/negative/case_07_power_uninit/obj/system_stm32f10x.o
 .debug_macro   0x0000000000000000      0xa66 /Users/phamvanvu/HALAAcademy/01_Courses/AUTOSAR_Classic/MCAL/Pwm/exmaple/build/negative/case_07_power_uninit/obj/system_stm32f10x.o
 .debug_macro   0x0000000000000000       0x5d /Users/phamvanvu/HALAAcademy/01_Courses/AUTOSAR_Classic/MCAL/Pwm/exmaple/build/negative/case_07_power_uninit/obj/system_stm32f10x.o
 .debug_macro   0x0000000000000000       0x22 /Users/phamvanvu/HALAAcademy/01_Courses/AUTOSAR_Classic/MCAL/Pwm/exmaple/build/negative/case_07_power_uninit/obj/system_stm32f10x.o
 .debug_macro   0x0000000000000000       0x8e /Users/phamvanvu/HALAAcademy/01_Courses/AUTOSAR_Classic/MCAL/Pwm/exmaple/build/negative/case_07_power_uninit/obj/system_stm32f10x.o
 .debug_macro   0x0000000000000000       0x51 /Users/phamvanvu/HALAAcademy/01_Courses/AUTOSAR_Classic/MCAL/Pwm/exmaple/build/negative/case_07_power_uninit/obj/system_stm32f10x.o
 .debug_macro   0x0000000000000000      0x103 /Users/phamvanvu/HALAAcademy/01_Courses/AUTOSAR_Classic/MCAL/Pwm/exmaple/build/negative/case_07_power_uninit/obj/system_stm32f10x.o
 .debug_macro   0x0000000000000000       0x6a /Users/phamvanvu/HALAAcademy/01_Courses/AUTOSAR_Classic/MCAL/Pwm/exmaple/build/negative/case_07_power_uninit/obj/system_stm32f10x.o
 .debug_macro   0x0000000000000000      0x1df /Users/phamvanvu/HALAAcademy/01_Courses/AUTOSAR_Classic/MCAL/Pwm/exmaple/build/negative/case_07_power_uninit/obj/system_stm32f10x.o
 .debug_macro   0x0000000000000000       0x1c /Users/phamvanvu/HALAAcademy/01_Courses/AUTOSAR_Classic/MCAL/Pwm/exmaple/build/negative/case_07_power_uninit/obj/system_stm32f10x.o
 .debug_macro   0x0000000000000000       0x22 /Users/phamvanvu/HALAAcademy/01_Courses/AUTOSAR_Classic/MCAL/Pwm/exmaple/build/negative/case_07_power_uninit/obj/system_stm32f10x.o
 .debug_macro   0x0000000000000000       0xbd /Users/phamvanvu/HALAAcademy/01_Courses/AUTOSAR_Classic/MCAL/Pwm/exmaple/build/negative/case_07_power_uninit/obj/system_stm32f10x.o
 .debug_macro   0x0000000000000000      0xd00 /Users/phamvanvu/HALAAcademy/01_Courses/AUTOSAR_Classic/MCAL/Pwm/exmaple/build/negative/case_07_power_uninit/obj/system_stm32f10x.o
 .debug_macro   0x0000000000000000     0x7eb3 /Users/phamvanvu/HALAAcademy/01_Courses/AUTOSAR_Classic/MCAL/Pwm/exmaple/build/negative/case_07_power_uninit/obj/system_stm32f10x.o
 .debug_macro   0x0000000000000000       0x10 /Users/phamvanvu/HALAAcademy/01_Courses/AUTOSAR_Classic/MCAL/Pwm/exmaple/build/negative/case_07_power_uninit/obj/system_stm32f10x.o
 .debug_macro   0x0000000000000000       0x35 /Users/phamvanvu/HALAAcademy/01_Courses/AUTOSAR_Classic/MCAL/Pwm/exmaple/build/negative/case_07_power_uninit/obj/system_stm32f10x.o
 .comment       0x0000000000000000       0x4a /Users/phamvanvu/HALAAcademy/01_Courses/AUTOSAR_Classic/MCAL/Pwm/exmaple/build/negative/case_07_power_uninit/obj/system_stm32f10x.o
 .group         0x0000000000000000        0xc /Users/phamvanvu/HALAAcademy/01_Courses/AUTOSAR_Classic/MCAL/Pwm/exmaple/build/negative/case_07_power_uninit/obj/stm32f10x_rcc.o
 .group         0x0000000000000000        0xc /Users/phamvanvu/HALAAcademy/01_Courses/AUTOSAR_Classic/MCAL/Pwm/exmaple/build/negative/case_07_power_uninit/obj/stm32f10x_rcc.o
 .group         0x0000000000000000        0xc /Users/phamvanvu/HALAAcademy/01_Courses/AUTOSAR_Classic/MCAL/Pwm/exmaple/build/negative/case_07_power_uninit/obj/stm32f10x_rcc.o
 .group         0x0000000000000000        0xc /Users/phamvanvu/HALAAcademy/01_Courses/AUTOSAR_Classic/MCAL/Pwm/exmaple/build/negative/case_07_power_uninit/obj/stm32f10x_rcc.o
 .group         0x0000000000000000        0xc /Users/phamvanvu/HALAAcademy/01_Courses/AUTOSAR_Classic/MCAL/Pwm/exmaple/build/negative/case_07_power_uninit/obj/stm32f10x_rcc.o
 .group         0x0000000000000000        0xc /Users/phamvanvu/HALAAcademy/01_Courses/AUTOSAR_Classic/MCAL/Pwm/exmaple/build/negative/case_07_power_uninit/obj/stm32f10x_rcc.o
 .group         0x0000000000000000        0xc /Users/phamvanvu/HALAAcademy/01_Courses/AUTOSAR_Classic/MCAL/Pwm/exmaple/build/negative/case_07_power_uninit/obj/stm32f10x_rcc.o
 .group         0x0000000000000000        0xc /Users/phamvanvu/HALAAcademy/01_Courses/AUTOSAR_Classic/MCAL/Pwm/exmaple/build/negative/case_07_power_uninit/obj/stm32f10x_rcc.o
 .group         0x0000000000000000        0xc /Users/phamvanvu/HALAAcademy/01_Courses/AUTOSAR_Classic/MCAL/Pwm/exmaple/build/negative/case_07_power_uninit/obj/stm32f10x_rcc.o
 .group         0x0000000000000000        0xc /Users/phamvanvu/HALAAcademy/01_Courses/AUTOSAR_Classic/MCAL/Pwm/exmaple/build/negative/case_07_power_uninit/obj/stm32f10x_rcc.o
 .group         0x0000000000000000        0xc /Users/phamvanvu/HALAAcademy/01_Courses/AUTOSAR_Classic/MCAL/Pwm/exmaple/build/negative/case_07_power_uninit/obj/stm32f10x_rcc.o
 .group         0x0000000000000000        0xc /Users/phamvanvu/HALAAcademy/01_Courses/AUTOSAR_Classic/MCAL/Pwm/exmaple/build/negative/case_07_power_uninit/obj/stm32f10x_rcc.o
 .group         0x0000000000000000        0xc /Users/phamvanvu/HALAAcademy/01_Courses/AUTOSAR_Classic/MCAL/Pwm/exmaple/build/negative/case_07_power_uninit/obj/stm32f10x_rcc.o
 .group         0x0000000000000000        0xc /Users/phamvanvu/HALAAcademy/01_Courses/AUTOSAR_Classic/MCAL/Pwm/exmaple/build/negative/case_07_power_uninit/obj/stm32f10x_rcc.o
 .group         0x0000000000000000        0xc /Users/phamvanvu/HALAAcademy/01_Courses/AUTOSAR_Classic/MCAL/Pwm/exmaple/build/negative/case_07_power_uninit/obj/stm32f10x_rcc.o
 .group         0x0000000000000000        0xc /Users/phamvanvu/HALAAcademy/01_Courses/AUTOSAR_Classic/MCAL/Pwm/exmaple/build/negative/case_07_power_uninit/obj/stm32f10x_rcc.o
 .debug_macro   0x0000000000000000      0xa66 /Users/phamvanvu/HALAAcademy/01_Courses/AUTOSAR_Classic/MCAL/Pwm/exmaple/build/negative/case_07_power_uninit/obj/stm32f10x_rcc.o
 .debug_macro   0x0000000000000000       0x5d /Users/phamvanvu/HALAAcademy/01_Courses/AUTOSAR_Classic/MCAL/Pwm/exmaple/build/negative/case_07_power_uninit/obj/stm32f10x_rcc.o
 .debug_macro   0x0000000000000000       0x22 /Users/phamvanvu/HALAAcademy/01_Courses/AUTOSAR_Classic/MCAL/Pwm/exmaple/build/negative/case_07_power_uninit/obj/stm32f10x_rcc.o
 .debug_macro   0x0000000000000000       0x8e /Users/phamvanvu/HALAAcademy/01_Courses/AUTOSAR_Classic/MCAL/Pwm/exmaple/build/negative/case_07_power_uninit/obj/stm32f10x_rcc.o
 .debug_macro   0x0000000000000000       0x51 /Users/phamvanvu/HALAAcademy/01_Courses/AUTOSAR_Classic/MCAL/Pwm/exmaple/build/negative/case_07_power_uninit/obj/stm32f10x_rcc.o
 .debug_macro   0x0000000000000000      0x103 /Users/phamvanvu/HALAAcademy/01_Courses/AUTOSAR_Classic/MCAL/Pwm/exmaple/build/negative/case_07_power_uninit/obj/stm32f10x_rcc.o
 .debug_macro   0x0000000000000000       0x6a /Users/phamvanvu/HALAAcademy/01_Courses/AUTOSAR_Classic/MCAL/Pwm/exmaple/build/negative/case_07_power_uninit/obj/stm32f10x_rcc.o
 .debug_macro   0x0000000000000000      0x1df /Users/phamvanvu/HALAAcademy/01_Courses/AUTOSAR_Classic/MCAL/Pwm/exmaple/build/negative/case_07_power_uninit/obj/stm32f10x_rcc.o
 .debug_macro   0x0000000000000000       0x1c /Users/phamvanvu/HALAAcademy/01_Courses/AUTOSAR_Classic/MCAL/Pwm/exmaple/build/negative/case_07_power_uninit/obj/stm32f10x_rcc.o
 .debug_macro   0x0000000000000000       0x22 /Users/phamvanvu/HALAAcademy/01_Courses/AUTOSAR_Classic/MCAL/Pwm/exmaple/build/negative/case_07_power_uninit/obj/stm32f10x_rcc.o
 .debug_macro   0x0000000000000000       0xbd /Users/phamvanvu/HALAAcademy/01_Courses/AUTOSAR_Classic/MCAL/Pwm/exmaple/build/negative/case_07_power_uninit/obj/stm32f10x_rcc.o
 .debug_macro   0x0000000000000000      0xd00 /Users/phamvanvu/HALAAcademy/01_Courses/AUTOSAR_Classic/MCAL/Pwm/exmaple/build/negative/case_07_power_uninit/obj/stm32f10x_rcc.o
 .debug_macro   0x0000000000000000     0x7eb3 /Users/phamvanvu/HALAAcademy/01_Courses/AUTOSAR_Classic/MCAL/Pwm/exmaple/build/negative/case_07_power_uninit/obj/stm32f10x_rcc.o
 .debug_macro   0x0000000000000000       0x10 /Users/phamvanvu/HALAAcademy/01_Courses/AUTOSAR_Classic/MCAL/Pwm/exmaple/build/negative/case_07_power_uninit/obj/stm32f10x_rcc.o
 .debug_macro   0x0000000000000000       0x35 /Users/phamvanvu/HALAAcademy/01_Courses/AUTOSAR_Classic/MCAL/Pwm/exmaple/build/negative/case_07_power_uninit/obj/stm32f10x_rcc.o
 .comment       0x0000000000000000       0x4a /Users/phamvanvu/HALAAcademy/01_Courses/AUTOSAR_Classic/MCAL/Pwm/exmaple/build/negative/case_07_power_uninit/obj/stm32f10x_rcc.o
 .group         0x0000000000000000        0xc /Users/phamvanvu/HALAAcademy/01_Courses/AUTOSAR_Classic/MCAL/Pwm/exmaple/build/negative/case_07_power_uninit/obj/stm32f10x_gpio.o
 .group         0x0000000000000000        0xc /Users/phamvanvu/HALAAcademy/01_Courses/AUTOSAR_Classic/MCAL/Pwm/exmaple/build/negative/case_07_power_uninit/obj/stm32f10x_gpio.o
 .group         0x0000000000000000        0xc /Users/phamvanvu/HALAAcademy/01_Courses/AUTOSAR_Classic/MCAL/Pwm/exmaple/build/negative/case_07_power_uninit/obj/stm32f10x_gpio.o
 .group         0x0000000000000000        0xc /Users/phamvanvu/HALAAcademy/01_Courses/AUTOSAR_Classic/MCAL/Pwm/exmaple/build/negative/case_07_power_uninit/obj/stm32f10x_gpio.o
 .group         0x0000000000000000        0xc /Users/phamvanvu/HALAAcademy/01_Courses/AUTOSAR_Classic/MCAL/Pwm/exmaple/build/negative/case_07_power_uninit/obj/stm32f10x_gpio.o
 .group         0x0000000000000000        0xc /Users/phamvanvu/HALAAcademy/01_Courses/AUTOSAR_Classic/MCAL/Pwm/exmaple/build/negative/case_07_power_uninit/obj/stm32f10x_gpio.o
 .group         0x0000000000000000        0xc /Users/phamvanvu/HALAAcademy/01_Courses/AUTOSAR_Classic/MCAL/Pwm/exmaple/build/negative/case_07_power_uninit/obj/stm32f10x_gpio.o
 .group         0x0000000000000000        0xc /Users/phamvanvu/HALAAcademy/01_Courses/AUTOSAR_Classic/MCAL/Pwm/exmaple/build/negative/case_07_power_uninit/obj/stm32f10x_gpio.o
 .group         0x0000000000000000        0xc /Users/phamvanvu/HALAAcademy/01_Courses/AUTOSAR_Classic/MCAL/Pwm/exmaple/build/negative/case_07_power_uninit/obj/stm32f10x_gpio.o
 .group         0x0000000000000000        0xc /Users/phamvanvu/HALAAcademy/01_Courses/AUTOSAR_Classic/MCAL/Pwm/exmaple/build/negative/case_07_power_uninit/obj/stm32f10x_gpio.o
 .group         0x0000000000000000        0xc /Users/phamvanvu/HALAAcademy/01_Courses/AUTOSAR_Classic/MCAL/Pwm/exmaple/build/negative/case_07_power_uninit/obj/stm32f10x_gpio.o
 .group         0x0000000000000000        0xc /Users/phamvanvu/HALAAcademy/01_Courses/AUTOSAR_Classic/MCAL/Pwm/exmaple/build/negative/case_07_power_uninit/obj/stm32f10x_gpio.o
 .group         0x0000000000000000        0xc /Users/phamvanvu/HALAAcademy/01_Courses/AUTOSAR_Classic/MCAL/Pwm/exmaple/build/negative/case_07_power_uninit/obj/stm32f10x_gpio.o
 .group         0x0000000000000000        0xc /Users/phamvanvu/HALAAcademy/01_Courses/AUTOSAR_Classic/MCAL/Pwm/exmaple/build/negative/case_07_power_uninit/obj/stm32f10x_gpio.o
 .group         0x0000000000000000        0xc /Users/phamvanvu/HALAAcademy/01_Courses/AUTOSAR_Classic/MCAL/Pwm/exmaple/build/negative/case_07_power_uninit/obj/stm32f10x_gpio.o
 .group         0x0000000000000000        0xc /Users/phamvanvu/HALAAcademy/01_Courses/AUTOSAR_Classic/MCAL/Pwm/exmaple/build/negative/case_07_power_uninit/obj/stm32f10x_gpio.o
 .group         0x0000000000000000        0xc /Users/phamvanvu/HALAAcademy/01_Courses/AUTOSAR_Classic/MCAL/Pwm/exmaple/build/negative/case_07_power_uninit/obj/stm32f10x_gpio.o
 .debug_macro   0x0000000000000000      0xa66 /Users/phamvanvu/HALAAcademy/01_Courses/AUTOSAR_Classic/MCAL/Pwm/exmaple/build/negative/case_07_power_uninit/obj/stm32f10x_gpio.o
 .debug_macro   0x0000000000000000       0x5d /Users/phamvanvu/HALAAcademy/01_Courses/AUTOSAR_Classic/MCAL/Pwm/exmaple/build/negative/case_07_power_uninit/obj/stm32f10x_gpio.o
 .debug_macro   0x0000000000000000       0x22 /Users/phamvanvu/HALAAcademy/01_Courses/AUTOSAR_Classic/MCAL/Pwm/exmaple/build/negative/case_07_power_uninit/obj/stm32f10x_gpio.o
 .debug_macro   0x0000000000000000       0x8e /Users/phamvanvu/HALAAcademy/01_Courses/AUTOSAR_Classic/MCAL/Pwm/exmaple/build/negative/case_07_power_uninit/obj/stm32f10x_gpio.o
 .debug_macro   0x0000000000000000       0x51 /Users/phamvanvu/HALAAcademy/01_Courses/AUTOSAR_Classic/MCAL/Pwm/exmaple/build/negative/case_07_power_uninit/obj/stm32f10x_gpio.o
 .debug_macro   0x0000000000000000      0x103 /Users/phamvanvu/HALAAcademy/01_Courses/AUTOSAR_Classic/MCAL/Pwm/exmaple/build/negative/case_07_power_uninit/obj/stm32f10x_gpio.o
 .debug_macro   0x0000000000000000       0x6a /Users/phamvanvu/HALAAcademy/01_Courses/AUTOSAR_Classic/MCAL/Pwm/exmaple/build/negative/case_07_power_uninit/obj/stm32f10x_gpio.o
 .debug_macro   0x0000000000000000      0x1df /Users/phamvanvu/HALAAcademy/01_Courses/AUTOSAR_Classic/MCAL/Pwm/exmaple/build/negative/case_07_power_uninit/obj/stm32f10x_gpio.o
 .debug_macro   0x0000000000000000       0x1c /Users/phamvanvu/HALAAcademy/01_Courses/AUTOSAR_Classic/MCAL/Pwm/exmaple/build/negative/case_07_power_uninit/obj/stm32f10x_gpio.o
 .debug_macro   0x0000000000000000       0x22 /Users/phamvanvu/HALAAcademy/01_Courses/AUTOSAR_Classic/MCAL/Pwm/exmaple/build/negative/case_07_power_uninit/obj/stm32f10x_gpio.o
 .debug_macro   0x0000000000000000       0xbd /Users/phamvanvu/HALAAcademy/01_Courses/AUTOSAR_Classic/MCAL/Pwm/exmaple/build/negative/case_07_power_uninit/obj/stm32f10x_gpio.o
 .debug_macro   0x0000000000000000      0xd00 /Users/phamvanvu/HALAAcademy/01_Courses/AUTOSAR_Classic/MCAL/Pwm/exmaple/build/negative/case_07_power_uninit/obj/stm32f10x_gpio.o
 .debug_macro   0x0000000000000000     0x7eb3 /Users/phamvanvu/HALAAcademy/01_Courses/AUTOSAR_Classic/MCAL/Pwm/exmaple/build/negative/case_07_power_uninit/obj/stm32f10x_gpio.o
 .debug_macro   0x0000000000000000       0x10 /Users/phamvanvu/HALAAcademy/01_Courses/AUTOSAR_Classic/MCAL/Pwm/exmaple/build/negative/case_07_power_uninit/obj/stm32f10x_gpio.o
 .debug_macro   0x0000000000000000       0x35 /Users/phamvanvu/HALAAcademy/01_Courses/AUTOSAR_Classic/MCAL/Pwm/exmaple/build/negative/case_07_power_uninit/obj/stm32f10x_gpio.o
 .debug_macro   0x0000000000000000      0x2a6 /Users/phamvanvu/HALAAcademy/01_Courses/AUTOSAR_Classic/MCAL/Pwm/exmaple/build/negative/case_07_power_uninit/obj/stm32f10x_gpio.o
 .debug_macro   0x0000000000000000      0x3e2 /Users/phamvanvu/HALAAcademy/01_Courses/AUTOSAR_Classic/MCAL/Pwm/exmaple/build/negative/case_07_power_uninit/obj/stm32f10x_gpio.o
 .comment       0x0000000000000000       0x4a /Users/phamvanvu/HALAAcademy/01_Courses/AUTOSAR_Classic/MCAL/Pwm/exmaple/build/negative/case_07_power_uninit/obj/stm32f10x_gpio.o
 .group         0x0000000000000000        0xc /Users/phamvanvu/HALAAcademy/01_Courses/AUTOSAR_Classic/MCAL/Pwm/exmaple/build/negative/case_07_power_uninit/obj/stm32f10x_tim.o
 .group         0x0000000000000000        0xc /Users/phamvanvu/HALAAcademy/01_Courses/AUTOSAR_Classic/MCAL/Pwm/exmaple/build/negative/case_07_power_uninit/obj/stm32f10x_tim.o
 .group         0x0000000000000000        0xc /Users/phamvanvu/HALAAcademy/01_Courses/AUTOSAR_Classic/MCAL/Pwm/exmaple/build/negative/case_07_power_uninit/obj/stm32f10x_tim.o
 .group         0x0000000000000000        0xc /Users/phamvanvu/HALAAcademy/01_Courses/AUTOSAR_Classic/MCAL/Pwm/exmaple/build/negative/case_07_power_uninit/obj/stm32f10x_tim.o
 .group         0x0000000000000000        0xc /Users/phamvanvu/HALAAcademy/01_Courses/AUTOSAR_Classic/MCAL/Pwm/exmaple/build/negative/case_07_power_uninit/obj/stm32f10x_tim.o
 .group         0x0000000000000000        0xc /Users/phamvanvu/HALAAcademy/01_Courses/AUTOSAR_Classic/MCAL/Pwm/exmaple/build/negative/case_07_power_uninit/obj/stm32f10x_tim.o
 .group         0x0000000000000000        0xc /Users/phamvanvu/HALAAcademy/01_Courses/AUTOSAR_Classic/MCAL/Pwm/exmaple/build/negative/case_07_power_uninit/obj/stm32f10x_tim.o
 .group         0x0000000000000000        0xc /Users/phamvanvu/HALAAcademy/01_Courses/AUTOSAR_Classic/MCAL/Pwm/exmaple/build/negative/case_07_power_uninit/obj/stm32f10x_tim.o
 .group         0x0000000000000000        0xc /Users/phamvanvu/HALAAcademy/01_Courses/AUTOSAR_Classic/MCAL/Pwm/exmaple/build/negative/case_07_power_uninit/obj/stm32f10x_tim.o
 .group         0x0000000000000000        0xc /Users/phamvanvu/HALAAcademy/01_Courses/AUTOSAR_Classic/MCAL/Pwm/exmaple/build/negative/case_07_power_uninit/obj/stm32f10x_tim.o
 .group         0x0000000000000000        0xc /Users/phamvanvu/HALAAcademy/01_Courses/AUTOSAR_Classic/MCAL/Pwm/exmaple/build/negative/case_07_power_uninit/obj/stm32f10x_tim.o
 .group         0x0000000000000000        0xc /Users/phamvanvu/HALAAcademy/01_Courses/AUTOSAR_Classic/MCAL/Pwm/exmaple/build/negative/case_07_power_uninit/obj/stm32f10x_tim.o
 .group         0x0000000000000000        0xc /Users/phamvanvu/HALAAcademy/01_Courses/AUTOSAR_Classic/MCAL/Pwm/exmaple/build/negative/case_07_power_uninit/obj/stm32f10x_tim.o
 .group         0x0000000000000000        0xc /Users/phamvanvu/HALAAcademy/01_Courses/AUTOSAR_Classic/MCAL/Pwm/exmaple/build/negative/case_07_power_uninit/obj/stm32f10x_tim.o
 .group         0x0000000000000000        0xc /Users/phamvanvu/HALAAcademy/01_Courses/AUTOSAR_Classic/MCAL/Pwm/exmaple/build/negative/case_07_power_uninit/obj/stm32f10x_tim.o
 .group         0x0000000000000000        0xc /Users/phamvanvu/HALAAcademy/01_Courses/AUTOSAR_Classic/MCAL/Pwm/exmaple/build/negative/case_07_power_uninit/obj/stm32f10x_tim.o
 .group         0x0000000000000000        0xc /Users/phamvanvu/HALAAcademy/01_Courses/AUTOSAR_Classic/MCAL/Pwm/exmaple/build/negative/case_07_power_uninit/obj/stm32f10x_tim.o
 .debug_macro   0x0000000000000000      0xa66 /Users/phamvanvu/HALAAcademy/01_Courses/AUTOSAR_Classic/MCAL/Pwm/exmaple/build/negative/case_07_power_uninit/obj/stm32f10x_tim.o
 .debug_macro   0x0000000000000000       0x5d /Users/phamvanvu/HALAAcademy/01_Courses/AUTOSAR_Classic/MCAL/Pwm/exmaple/build/negative/case_07_power_uninit/obj/stm32f10x_tim.o
 .debug_macro   0x0000000000000000       0x22 /Users/phamvanvu/HALAAcademy/01_Courses/AUTOSAR_Classic/MCAL/Pwm/exmaple/build/negative/case_07_power_uninit/obj/stm32f10x_tim.o
 .debug_macro   0x0000000000000000       0x8e /Users/phamvanvu/HALAAcademy/01_Courses/AUTOSAR_Classic/MCAL/Pwm/exmaple/build/negative/case_07_power_uninit/obj/stm32f10x_tim.o
 .debug_macro   0x0000000000000000       0x51 /Users/phamvanvu/HALAAcademy/01_Courses/AUTOSAR_Classic/MCAL/Pwm/exmaple/build/negative/case_07_power_uninit/obj/stm32f10x_tim.o
 .debug_macro   0x0000000000000000      0x103 /Users/phamvanvu/HALAAcademy/01_Courses/AUTOSAR_Classic/MCAL/Pwm/exmaple/build/negative/case_07_power_uninit/obj/stm32f10x_tim.o
 .debug_macro   0x0000000000000000       0x6a /Users/phamvanvu/HALAAcademy/01_Courses/AUTOSAR_Classic/MCAL/Pwm/exmaple/build/negative/case_07_power_uninit/obj/stm32f10x_tim.o
 .debug_macro   0x0000000000000000      0x1df /Users/phamvanvu/HALAAcademy/01_Courses/AUTOSAR_Classic/MCAL/Pwm/exmaple/build/negative/case_07_power_uninit/obj/stm32f10x_tim.o
 .debug_macro   0x0000000000000000       0x1c /Users/phamvanvu/HALAAcademy/01_Courses/AUTOSAR_Classic/MCAL/Pwm/exmaple/build/negative/case_07_power_uninit/obj/stm32f10x_tim.o
 .debug_macro   0x0000000000000000       0x22 /Users/phamvanvu/HALAAcademy/01_Courses/AUTOSAR_Classic/MCAL/Pwm/exmaple/build/negative/case_07_power_uninit/obj/stm32f10x_tim.o
 .debug_macro   0x0000000000000000       0xbd /Users/phamvanvu/HALAAcademy/01_Courses/AUTOSAR_Classic/MCAL/Pwm/exmaple/build/negative/case_07_power_uninit/obj/stm32f10x_tim.o
 .debug_macro   0x0000000000000000      0xd00 /Users/phamvanvu/HALAAcademy/01_Courses/AUTOSAR_Classic/MCAL/Pwm/exmaple/build/negative/case_07_power_uninit/obj/stm32f10x_tim.o
 .debug_macro   0x0000000000000000     0x7eb3 /Users/phamvanvu/HALAAcademy/01_Courses/AUTOSAR_Classic/MCAL/Pwm/exmaple/build/negative/case_07_power_uninit/obj/stm32f10x_tim.o
 .debug_macro   0x0000000000000000       0x10 /Users/phamvanvu/HALAAcademy/01_Courses/AUTOSAR_Classic/MCAL/Pwm/exmaple/build/negative/case_07_power_uninit/obj/stm32f10x_tim.o
 .debug_macro   0x0000000000000000       0x35 /Users/phamvanvu/HALAAcademy/01_Courses/AUTOSAR_Classic/MCAL/Pwm/exmaple/build/negative/case_07_power_uninit/obj/stm32f10x_tim.o
 .debug_macro   0x0000000000000000      0x70b /Users/phamvanvu/HALAAcademy/01_Courses/AUTOSAR_Classic/MCAL/Pwm/exmaple/build/negative/case_07_power_uninit/obj/stm32f10x_tim.o
 .debug_macro   0x0000000000000000      0x3e2 /Users/phamvanvu/HALAAcademy/01_Courses/AUTOSAR_Classic/MCAL/Pwm/exmaple/build/negative/case_07_power_uninit/obj/stm32f10x_tim.o
 .comment       0x0000000000000000       0x4a /Users/phamvanvu/HALAAcademy/01_Courses/AUTOSAR_Classic/MCAL/Pwm/exmaple/build/negative/case_07_power_uninit/obj/stm32f10x_tim.o

Memory Configuration

Name             Origin             Length             Attributes
FLASH            0x0000000008000000 0x0000000000010000 xr
RAM              0x0000000020000000 0x0000000000005000 xrw
*default*        0x0000000000000000 0xffffffffffffffff

Linker script and memory map

LOAD /Users/phamvanvu/HALAAcademy/01_Courses/AUTOSAR_Classic/MCAL/Pwm/exmaple/build/negative/case_07_power_uninit/obj/main.o
LOAD /Users/phamvanvu/HALAAcademy/01_Courses/AUTOSAR_Classic/MCAL/Pwm/exmaple/build/negative/case_07_power_uninit/obj/pwm_example_port.o
LOAD /Users/phamvanvu/HALAAcademy/01_Courses/AUTOSAR_Classic/MCAL/Pwm/exmaple/build/negative/case_07_power_uninit/obj/Pwm.o
LOAD /Users/phamvanvu/HALAAcademy/01_Courses/AUTOSAR_Classic/MCAL/Pwm/exmaple/build/negative/case_07_power_uninit/obj/Pwm_Lcfg.o
LOAD /Users/phamvanvu/HALAAcademy/01_Courses/AUTOSAR_Classic/MCAL/Pwm/exmaple/build/negative/case_07_power_uninit/obj/system_stm32f10x.o
LOAD /Users/phamvanvu/HALAAcademy/01_Courses/AUTOSAR_Classic/MCAL/Pwm/exmaple/build/negative/case_07_power_uninit/obj/stm32f10x_rcc.o
LOAD /Users/phamvanvu/HALAAcademy/01_Courses/AUTOSAR_Classic/MCAL/Pwm/exmaple/build/negative/case_07_power_uninit/obj/stm32f10x_gpio.o
LOAD /Users/phamvanvu/HALAAcademy/01_Courses/AUTOSAR_Classic/MCAL/Pwm/exmaple/build/negative/case_07_power_uninit/obj/stm32f10x_tim.o
LOAD /Users/phamvanvu/HALAAcademy/01_Courses/AUTOSAR_Classic/MCAL/Pwm/exmaple/build/negative/case_07_power_uninit/obj/startup_stm32f10x_md.o
                0x0000000020005000                _estack = (ORIGIN (RAM) + LENGTH (RAM))

.isr_vector     0x0000000008000000      0x10c
 *(.isr_vector)
 .isr_vector    0x0000000008000000      0x10c /Users/phamvanvu/HALAAcademy/01_Courses/AUTOSAR_Classic/MCAL/Pwm/exmaple/build/negative/case_07_power_uninit/obj/startup_stm32f10x_md.o
                0x0000000008000000                g_pfnVectors

.text           0x000000000800010c     0x3500
                0x000000000800010c                _stext = .
 *(.text*)
 .text          0x000000000800010c       0x68 /Users/phamvanvu/HALAAcademy/01_Courses/AUTOSAR_Classic/MCAL/Pwm/exmaple/build/negative/case_07_power_uninit/obj/main.o
                0x000000000800010c                main
 .text          0x0000000008000174       0x30 /Users/phamvanvu/HALAAcademy/01_Courses/AUTOSAR_Classic/MCAL/Pwm/exmaple/build/negative/case_07_power_uninit/obj/pwm_example_port.o
                0x0000000008000174                Pwm_Example_PortInit
 .text          0x00000000080001a4      0x638 /Users/phamvanvu/HALAAcademy/01_Courses/AUTOSAR_Classic/MCAL/Pwm/exmaple/build/negative/case_07_power_uninit/obj/Pwm.o
                0x0000000008000314                Pwm_Init
                0x00000000080003d4                Pwm_DeInit
                0x0000000008000470                Pwm_SetDutyCycle
                0x00000000080004b6                Pwm_SetPeriodAndDuty
                0x000000000800050c                Pwm_SetOutputToIdle
                0x0000000008000538                Pwm_GetOutputState
                0x00000000080005d2                Pwm_DisableNotification
                0x00000000080005fe                Pwm_EnableNotification
                0x0000000008000630                Pwm_GetVersionInfo
                0x000000000800066c                Pwm_SetPowerState
                0x00000000080006d4                Pwm_GetCurrentPowerState
                0x0000000008000724                Pwm_GetTargetPowerState
                0x0000000008000774                Pwm_PreparePowerState
                0x00000000080007c8                Pwm_Main_PowerTransitionManager
 .text          0x00000000080007dc        0xc /Users/phamvanvu/HALAAcademy/01_Courses/AUTOSAR_Classic/MCAL/Pwm/exmaple/build/negative/case_07_power_uninit/obj/Pwm_Lcfg.o
                0x00000000080007dc                Pwm_Channel0_Notification
 .text          0x00000000080007e8      0x258 /Users/phamvanvu/HALAAcademy/01_Courses/AUTOSAR_Classic/MCAL/Pwm/exmaple/build/negative/case_07_power_uninit/obj/system_stm32f10x.o
                0x00000000080007e8                SystemInit
                0x0000000008000850                SystemCoreClockUpdate
 .text          0x0000000008000a40      0x7dc /Users/phamvanvu/HALAAcademy/01_Courses/AUTOSAR_Classic/MCAL/Pwm/exmaple/build/negative/case_07_power_uninit/obj/stm32f10x_rcc.o
                0x0000000008000a40                RCC_DeInit
                0x0000000008000a9c                RCC_HSEConfig
                0x0000000008000af8                RCC_WaitForHSEStartUp
                0x0000000008000b48                RCC_AdjustHSICalibrationValue
                0x0000000008000b84                RCC_HSICmd
                0x0000000008000ba4                RCC_PLLConfig
                0x0000000008000be0                RCC_PLLCmd
                0x0000000008000c00                RCC_SYSCLKConfig
                0x0000000008000c38                RCC_GetSYSCLKSource
                0x0000000008000c54                RCC_HCLKConfig
                0x0000000008000c8c                RCC_PCLK1Config
                0x0000000008000cc4                RCC_PCLK2Config
                0x0000000008000cfc                RCC_ITConfig
                0x0000000008000d48                RCC_USBCLKConfig
                0x0000000008000d64                RCC_ADCCLKConfig
                0x0000000008000d9c                RCC_LSEConfig
                0x0000000008000ddc                RCC_LSICmd
                0x0000000008000dfc                RCC_RTCCLKConfig
                0x0000000008000e20                RCC_RTCCLKCmd
                0x0000000008000e40                RCC_GetClocksFreq
                0x0000000008000fac                RCC_AHBPeriphClockCmd
                0x0000000008000fe8                RCC_APB2PeriphClockCmd
                0x0000000008001024                RCC_APB1PeriphClockCmd
                0x0000000008001060                RCC_APB2PeriphResetCmd
                0x000000000800109c                RCC_APB1PeriphResetCmd
                0x00000000080010d8                RCC_BackupResetCmd
                0x00000000080010f8                RCC_ClockSecuritySystemCmd
                0x0000000008001118                RCC_MCOConfig
                0x0000000008001138                RCC_GetFlagStatus
                0x00000000080011ac                RCC_ClearFlag
                0x00000000080011c8                RCC_GetITStatus
                0x00000000080011fc                RCC_ClearITPendingBit
 .text          0x000000000800121c      0x5d8 /Users/phamvanvu/HALAAcademy/01_Courses/AUTOSAR_Classic/MCAL/Pwm/exmaple/build/negative/case_07_power_uninit/obj/stm32f10x_gpio.o
                0x000000000800121c                GPIO_DeInit
                0x0000000008001300                GPIO_AFIODeInit
                0x0000000008001318                GPIO_Init
                0x0000000008001490                GPIO_StructInit
                0x00000000080014b6                GPIO_ReadInputDataBit
                0x00000000080014e8                GPIO_ReadInputData
                0x0000000008001500                GPIO_ReadOutputDataBit
                0x0000000008001532                GPIO_ReadOutputData
                0x000000000800154a                GPIO_SetBits
                0x0000000008001566                GPIO_ResetBits
                0x0000000008001582                GPIO_WriteBit
                0x00000000080015b0                GPIO_Write
                0x00000000080015cc                GPIO_PinLockConfig
                0x000000000800160e                GPIO_EventOutputConfig
                0x0000000008001658                GPIO_EventOutputCmd
                0x0000000008001678                GPIO_PinRemapConfig
                0x0000000008001758                GPIO_EXTILineConfig
                0x00000000080017d8                GPIO_ETH_MediaInterfaceConfig
 .text          0x00000000080017f4     0x1d94 /Users/phamvanvu/HALAAcademy/01_Courses/AUTOSAR_Classic/MCAL/Pwm/exmaple/build/negative/case_07_power_uninit/obj/stm32f10x_tim.o
                0x00000000080017f4                TIM_DeInit
                0x0000000008001a20                TIM_TimeBaseInit
                0x0000000008001b18                TIM_OC1Init
                0x0000000008001c30                TIM_OC2Init
                0x0000000008001d40                TIM_OC3Init
                0x0000000008001e4c                TIM_OC4Init
                0x0000000008001f1c                TIM_ICInit
                0x0000000008001fc4                TIM_PWMIConfig
                0x000000000800207c                TIM_BDTRConfig
                0x00000000080020ca                TIM_TimeBaseStructInit
                0x00000000080020fc                TIM_OCStructInit
                0x000000000800213e                TIM_ICStructInit
                0x000000000800216e                TIM_BDTRStructInit
                0x00000000080021aa                TIM_Cmd
                0x00000000080021e8                TIM_CtrlPWMOutputs
                0x0000000008002232                TIM_ITConfig
                0x0000000008002278                TIM_GenerateEvent
                0x0000000008002294                TIM_DMAConfig
                0x00000000080022bc                TIM_DMACmd
                0x0000000008002302                TIM_InternalClockConfig
                0x0000000008002324                TIM_ITRxExternalClockConfig
                0x0000000008002352                TIM_TIxExternalClockConfig
                0x00000000080023ae                TIM_ETRClockMode1Config
                0x000000000800240c                TIM_ETRClockMode2Config
                0x000000000800244a                TIM_ETRConfig
                0x000000000800249c                TIM_PrescalerConfig
                0x00000000080024c2                TIM_CounterModeConfig
                0x00000000080024f8                TIM_SelectInputTrigger
                0x000000000800252e                TIM_EncoderInterfaceConfig
                0x00000000080025c4                TIM_ForcedOC1Config
                0x00000000080025fa                TIM_ForcedOC2Config
                0x0000000008002634                TIM_ForcedOC3Config
                0x000000000800266a                TIM_ForcedOC4Config
                0x00000000080026a4                TIM_ARRPreloadConfig
                0x00000000080026e2                TIM_SelectCOM
                0x0000000008002720                TIM_SelectCCDMA
                0x000000000800275e                TIM_CCPreloadControl
                0x000000000800279c                TIM_OC1PreloadConfig
                0x00000000080027d2                TIM_OC2PreloadConfig
                0x000000000800280c                TIM_OC3PreloadConfig
                0x0000000008002842                TIM_OC4PreloadConfig
                0x000000000800287c                TIM_OC1FastConfig
                0x00000000080028b2                TIM_OC2FastConfig
                0x00000000080028ec                TIM_OC3FastConfig
                0x0000000008002922                TIM_OC4FastConfig
                0x000000000800295c                TIM_ClearOC1Ref
                0x0000000008002992                TIM_ClearOC2Ref
                0x00000000080029cc                TIM_ClearOC3Ref
                0x0000000008002a02                TIM_ClearOC4Ref
                0x0000000008002a3c                TIM_OC1PolarityConfig
                0x0000000008002a72                TIM_OC1NPolarityConfig
                0x0000000008002aa8                TIM_OC2PolarityConfig
                0x0000000008002ae2                TIM_OC2NPolarityConfig
                0x0000000008002b1c                TIM_OC3PolarityConfig
                0x0000000008002b56                TIM_OC3NPolarityConfig
                0x0000000008002b90                TIM_OC4PolarityConfig
                0x0000000008002bca                TIM_CCxCmd
                0x0000000008002c1e                TIM_CCxNCmd
                0x0000000008002c72                TIM_SelectOCxM
                0x0000000008002d22                TIM_UpdateDisableConfig
                0x0000000008002d60                TIM_UpdateRequestConfig
                0x0000000008002d9e                TIM_SelectHallSensor
                0x0000000008002ddc                TIM_SelectOnePulseMode
                0x0000000008002e12                TIM_SelectOutputTrigger
                0x0000000008002e48                TIM_SelectSlaveMode
                0x0000000008002e7e                TIM_SelectMasterSlaveMode
                0x0000000008002eb4                TIM_SetCounter
                0x0000000008002ed0                TIM_SetAutoreload
                0x0000000008002eec                TIM_SetCompare1
                0x0000000008002f08                TIM_SetCompare2
                0x0000000008002f24                TIM_SetCompare3
                0x0000000008002f40                TIM_SetCompare4
                0x0000000008002f5e                TIM_SetIC1Prescaler
                0x0000000008002f94                TIM_SetIC2Prescaler
                0x0000000008002fce                TIM_SetIC3Prescaler
                0x0000000008003004                TIM_SetIC4Prescaler
                0x000000000800303e                TIM_SetClockDivision
                0x0000000008003074                TIM_GetCapture1
                0x000000000800308c                TIM_GetCapture2
                0x00000000080030a4                TIM_GetCapture3
                0x00000000080030bc                TIM_GetCapture4
                0x00000000080030d6                TIM_GetCounter
                0x00000000080030ee                TIM_GetPrescaler
                0x0000000008003106                TIM_GetFlagStatus
                0x000000000800313c                TIM_ClearFlag
                0x000000000800315c                TIM_GetITStatus
                0x00000000080031ae                TIM_ClearITPendingBit
 .text          0x0000000008003588       0x14 /Users/phamvanvu/HALAAcademy/01_Courses/AUTOSAR_Classic/MCAL/Pwm/exmaple/build/negative/case_07_power_uninit/obj/startup_stm32f10x_md.o
 .text.Reset_Handler
                0x000000000800359c       0x44 /Users/phamvanvu/HALAAcademy/01_Courses/AUTOSAR_Classic/MCAL/Pwm/exmaple/build/negative/case_07_power_uninit/obj/startup_stm32f10x_md.o
                0x000000000800359c                Reset_Handler
 .text.Default_Handler
                0x00000000080035e0        0x2 /Users/phamvanvu/HALAAcademy/01_Courses/AUTOSAR_Classic/MCAL/Pwm/exmaple/build/negative/case_07_power_uninit/obj/startup_stm32f10x_md.o
                0x00000000080035e0                USBWakeUp_IRQHandler
                0x00000000080035e0                DebugMon_Handler
                0x00000000080035e0                TIM1_CC_IRQHandler
                0x00000000080035e0                HardFault_Handler
                0x00000000080035e0                SysTick_Handler
                0x00000000080035e0                PVD_IRQHandler
                0x00000000080035e0                PendSV_Handler
                0x00000000080035e0                NMI_Handler
                0x00000000080035e0                EXTI3_IRQHandler
                0x00000000080035e0                EXTI0_IRQHandler
                0x00000000080035e0                I2C2_EV_IRQHandler
                0x00000000080035e0                UsageFault_Handler
                0x00000000080035e0                ADC1_2_IRQHandler
                0x00000000080035e0                SPI1_IRQHandler
                0x00000000080035e0                TAMPER_IRQHandler
                0x00000000080035e0                DMA1_Channel4_IRQHandler
                0x00000000080035e0                USART3_IRQHandler
                0x00000000080035e0                RTC_IRQHandler
                0x00000000080035e0                DMA1_Channel7_IRQHandler
                0x00000000080035e0                CAN1_RX1_IRQHandler
                0x00000000080035e0                TIM4_IRQHandler
                0x00000000080035e0                I2C1_EV_IRQHandler
                0x00000000080035e0                DMA1_Channel6_IRQHandler
                0x00000000080035e0                TIM3_IRQHandler
                0x00000000080035e0                RCC_IRQHandler
                0x00000000080035e0                TIM1_TRG_COM_IRQHandler
                0x00000000080035e0                DMA1_Channel1_IRQHandler
                0x00000000080035e0                Default_Handler
                0x00000000080035e0                EXTI15_10_IRQHandler
                0x00000000080035e0                EXTI9_5_IRQHandler
                0x00000000080035e0                SPI2_IRQHandler
                0x00000000080035e0                MemManage_Handler
                0x00000000080035e0                SVC_Handler
                0x00000000080035e0                DMA1_Channel5_IRQHandler
                0x00000000080035e0                EXTI4_IRQHandler
                0x00000000080035e0                USB_LP_CAN1_RX0_IRQHandler
                0x00000000080035e0                USB_HP_CAN1_TX_IRQHandler
                0x00000000080035e0                DMA1_Channel3_IRQHandler
                0x00000000080035e0                TIM1_UP_IRQHandler
                0x00000000080035e0                WWDG_IRQHandler
                0x00000000080035e0                TIM2_IRQHandler
                0x00000000080035e0                TIM1_BRK_IRQHandler
                0x00000000080035e0                EXTI1_IRQHandler
                0x00000000080035e0                RTCAlarm_IRQHandler
                0x00000000080035e0                USART2_IRQHandler
                0x00000000080035e0                I2C2_ER_IRQHandler
                0x00000000080035e0                DMA1_Channel2_IRQHandler
                0x00000000080035e0                CAN1_SCE_IRQHandler
                0x00000000080035e0                FLASH_IRQHandler
                0x00000000080035e0                BusFault_Handler
                0x00000000080035e0                USART1_IRQHandler
                0x00000000080035e0                I2C1_ER_IRQHandler
                0x00000000080035e0                EXTI2_IRQHandler
 *(.rodata*)
 *fill*         0x00000000080035e2        0x2 
 .rodata        0x00000000080035e4       0x28 /Users/phamvanvu/HALAAcademy/01_Courses/AUTOSAR_Classic/MCAL/Pwm/exmaple/build/negative/case_07_power_uninit/obj/Pwm_Lcfg.o
                0x00000000080035e4                PwmChannelsConfig
                0x0000000008003604                PwmDriverConfig
 *(.glue_7)
 .glue_7        0x000000000800360c        0x0 linker stubs
 *(.glue_7t)
 .glue_7t       0x000000000800360c        0x0 linker stubs

.vfp11_veneer   0x000000000800360c        0x0
 .vfp11_veneer  0x000000000800360c        0x0 linker stubs

.v4_bx          0x000000000800360c        0x0
 .v4_bx         0x000000000800360c        0x0 linker stubs

.iplt           0x000000000800360c        0x0
 .iplt          0x000000000800360c        0x0 /Users/phamvanvu/HALAAcademy/01_Courses/AUTOSAR_Classic/MCAL/Pwm/exmaple/build/negative/case_07_power_uninit/obj/main.o

.rel.dyn        0x000000000800360c        0x0
 .rel.iplt      0x000000000800360c        0x0 /Users/phamvanvu/HALAAcademy/01_Courses/AUTOSAR_Classic/MCAL/Pwm/exmaple/build/negative/case_07_power_uninit/obj/main.o
                0x000000000800360c                . = ALIGN (0x4)

.ARM.extab
 *(.ARM.extab* .gnu.linkonce.armextab.*)
                0x000000000800360c                . = ALIGN (0x4)
                0x000000000800360c                __exidx_start = .

.ARM.exidx
 *(.ARM.exidx* .gnu.linkonce.armexidx.*)
                0x000000000800360c                __exidx_end = .
                0x000000000800360c                . = ALIGN (0x4)
                0x000000000800360c                _etext = .

.data           0x0000000020000000       0x2c load address 0x000000000800360c
                0x0000000020000000                . = ALIGN (0x4)
                0x0000000020000000                _sdata = .
 *(.data*)
 .data          0x0000000020000000        0x4 /Users/phamvanvu/HALAAcademy/01_Courses/AUTOSAR_Classic/MCAL/Pwm/exmaple/build/negative/case_07_power_uninit/obj/main.o
                0x0000000020000000                g_case07_ret0
                0x0000000020000001                g_case07_ret1
                0x0000000020000002                g_case07_ret2
                0x0000000020000003                g_case07_ret3
 .data          0x0000000020000004        0x0 /Users/phamvanvu/HALAAcademy/01_Courses/AUTOSAR_Classic/MCAL/Pwm/exmaple/build/negative/case_07_power_uninit/obj/pwm_example_port.o
 .data          0x0000000020000004        0x0 /Users/phamvanvu/HALAAcademy/01_Courses/AUTOSAR_Classic/MCAL/Pwm/exmaple/build/negative/case_07_power_uninit/obj/Pwm.o
 .data          0x0000000020000004        0x0 /Users/phamvanvu/HALAAcademy/01_Courses/AUTOSAR_Classic/MCAL/Pwm/exmaple/build/negative/case_07_power_uninit/obj/Pwm_Lcfg.o
 .data          0x0000000020000004       0x14 /Users/phamvanvu/HALAAcademy/01_Courses/AUTOSAR_Classic/MCAL/Pwm/exmaple/build/negative/case_07_power_uninit/obj/system_stm32f10x.o
                0x0000000020000004                SystemCoreClock
                0x0000000020000008                AHBPrescTable
 .data          0x0000000020000018       0x14 /Users/phamvanvu/HALAAcademy/01_Courses/AUTOSAR_Classic/MCAL/Pwm/exmaple/build/negative/case_07_power_uninit/obj/stm32f10x_rcc.o
 .data          0x000000002000002c        0x0 /Users/phamvanvu/HALAAcademy/01_Courses/AUTOSAR_Classic/MCAL/Pwm/exmaple/build/negative/case_07_power_uninit/obj/stm32f10x_gpio.o
 .data          0x000000002000002c        0x0 /Users/phamvanvu/HALAAcademy/01_Courses/AUTOSAR_Classic/MCAL/Pwm/exmaple/build/negative/case_07_power_uninit/obj/stm32f10x_tim.o
 .data          0x000000002000002c        0x0 /Users/phamvanvu/HALAAcademy/01_Courses/AUTOSAR_Classic/MCAL/Pwm/exmaple/build/negative/case_07_power_uninit/obj/startup_stm32f10x_md.o
 *(.data.*)
                0x000000002000002c                . = ALIGN (0x4)
                0x000000002000002c                _edata = .
                0x000000000800360c                _sidata = LOADADDR (.data)

.igot.plt       0x000000002000002c        0x0 load address 0x0000000008003638
 .igot.plt      0x000000002000002c        0x0 /Users/phamvanvu/HALAAcademy/01_Courses/AUTOSAR_Classic/MCAL/Pwm/exmaple/build/negative/case_07_power_uninit/obj/main.o

.bss            0x000000002000002c        0xc load address 0x0000000008003638
                0x000000002000002c                . = ALIGN (0x4)
                0x000000002000002c                _sbss = .
 *(.bss*)
 .bss           0x000000002000002c        0x2 /Users/phamvanvu/HALAAcademy/01_Courses/AUTOSAR_Classic/MCAL/Pwm/exmaple/build/negative/case_07_power_uninit/obj/main.o
                0x000000002000002c                g_case07_result
                0x000000002000002d                g_case07_state
 .bss           0x000000002000002e        0x0 /Users/phamvanvu/HALAAcademy/01_Courses/AUTOSAR_Classic/MCAL/Pwm/exmaple/build/negative/case_07_power_uninit/obj/pwm_example_port.o
 *fill*         0x000000002000002e        0x2 
 .bss           0x0000000020000030        0x8 /Users/phamvanvu/HALAAcademy/01_Courses/AUTOSAR_Classic/MCAL/Pwm/exmaple/build/negative/case_07_power_uninit/obj/Pwm.o
 .bss           0x0000000020000038        0x0 /Users/phamvanvu/HALAAcademy/01_Courses/AUTOSAR_Classic/MCAL/Pwm/exmaple/build/negative/case_07_power_uninit/obj/Pwm_Lcfg.o
 .bss           0x0000000020000038        0x0 /Users/phamvanvu/HALAAcademy/01_Courses/AUTOSAR_Classic/MCAL/Pwm/exmaple/build/negative/case_07_power_uninit/obj/system_stm32f10x.o
 .bss           0x0000000020000038        0x0 /Users/phamvanvu/HALAAcademy/01_Courses/AUTOSAR_Classic/MCAL/Pwm/exmaple/build/negative/case_07_power_uninit/obj/stm32f10x_rcc.o
 .bss           0x0000000020000038        0x0 /Users/phamvanvu/HALAAcademy/01_Courses/AUTOSAR_Classic/MCAL/Pwm/exmaple/build/negative/case_07_power_uninit/obj/stm32f10x_gpio.o
 .bss           0x0000000020000038        0x0 /Users/phamvanvu/HALAAcademy/01_Courses/AUTOSAR_Classic/MCAL/Pwm/exmaple/build/negative/case_07_power_uninit/obj/stm32f10x_tim.o
 .bss           0x0000000020000038        0x0 /Users/phamvanvu/HALAAcademy/01_Courses/AUTOSAR_Classic/MCAL/Pwm/exmaple/build/negative/case_07_power_uninit/obj/startup_stm32f10x_md.o
 *(COMMON)
                0x0000000020000038                . = ALIGN (0x4)
                0x0000000020000038                _ebss = .

/DISCARD/
 *(.note*)
 *(.comment*)
OUTPUT(/Users/phamvanvu/HALAAcademy/01_Courses/AUTOSAR_Classic/MCAL/Pwm/exmaple/build/negative/case_07_power_uninit/case_07_power_uninit.elf elf32-littlearm)
LOAD linker stubs

.ARM.attributes
                0x0000000000000000       0x2b
 .ARM.attributes
                0x0000000000000000       0x2d /Users/phamvanvu/HALAAcademy/01_Courses/AUTOSAR_Classic/MCAL/Pwm/exmaple/build/negative/case_07_power_uninit/obj/main.o
 .ARM.attributes
                0x000000000000002d       0x2d /Users/phamvanvu/HALAAcademy/01_Courses/AUTOSAR_Classic/MCAL/Pwm/exmaple/build/negative/case_07_power_uninit/obj/pwm_example_port.o
 .ARM.attributes
                0x000000000000005a       0x2d /Users/phamvanvu/HALAAcademy/01_Courses/AUTOSAR_Classic/MCAL/Pwm/exmaple/build/negative/case_07_power_uninit/obj/Pwm.o
 .ARM.attributes
                0x0000000000000087       0x2d /Users/phamvanvu/HALAAcademy/01_Courses/AUTOSAR_Classic/MCAL/Pwm/exmaple/build/negative/case_07_power_uninit/obj/Pwm_Lcfg.o
 .ARM.attributes
                0x00000000000000b4       0x2d /Users/phamvanvu/HALAAcademy/01_Courses/AUTOSAR_Classic/MCAL/Pwm/exmaple/build/negative/case_07_power_uninit/obj/system_stm32f10x.o
 .ARM.attributes
                0x00000000000000e1       0x2d /Users/phamvanvu/HALAAcademy/01_Courses/AUTOSAR_Classic/MCAL/Pwm/exmaple/build/negative/case_07_power_uninit/obj/stm32f10x_rcc.o
 .ARM.attributes
                0x000000000000010e       0x2d /Users/phamvanvu/HALAAcademy/01_Courses/AUTOSAR_Classic/MCAL/Pwm/exmaple/build/negative/case_07_power_uninit/obj/stm32f10x_gpio.o
 .ARM.attributes
                0x000000000000013b       0x2d /Users/phamvanvu/HALAAcademy/01_Courses/AUTOSAR_Classic/MCAL/Pwm/exmaple/build/negative/case_07_power_uninit/obj/stm32f10x_tim.o
 .ARM.attributes
                0x0000000000000168       0x21 /Users/phamvanvu/HALAAcademy/01_Courses/AUTOSAR_Classic/MCAL/Pwm/exmaple/build/negative/case_07_power_uninit/obj/startup_stm32f10x_md.o

.debug_info     0x0000000000000000     0x4505
 .debug_info    0x0000000000000000      0x172 /Users/phamvanvu/HALAAcademy/01_Courses/AUTOSAR_Classic/MCAL/Pwm/exmaple/build/negative/case_07_power_uninit/obj/main.o
 .debug_info    0x0000000000000172      0x212 /Users/phamvanvu/HALAAcademy/01_Courses/AUTOSAR_Classic/MCAL/Pwm/exmaple/build/negative/case_07_power_uninit/obj/pwm_example_port.o
 .debug_info    0x0000000000000384      0x9fa /Users/phamvanvu/HALAAcademy/01_Courses/AUTOSAR_Classic/MCAL/Pwm/exmaple/build/negative/case_07_power_uninit/obj/Pwm.o
 .debug_info    0x0000000000000d7e      0x496 /Users/phamvanvu/HALAAcademy/01_Courses/AUTOSAR_Classic/MCAL/Pwm/exmaple/build/negative/case_07_power_uninit/obj/Pwm_Lcfg.o
 .debug_info    0x0000000000001214      0x4ba /Users/phamvanvu/HALAAcademy/01_Courses/AUTOSAR_Classic/MCAL/Pwm/exmaple/build/negative/case_07_power_uninit/obj/system_stm32f10x.o
 .debug_info    0x00000000000016ce      0x8f7 /Users/phamvanvu/HALAAcademy/01_Courses/AUTOSAR_Classic/MCAL/Pwm/exmaple/build/negative/case_07_power_uninit/obj/stm32f10x_rcc.o
 .debug_info    0x0000000000001fc5      0x732 /Users/phamvanvu/HALAAcademy/01_Courses/AUTOSAR_Classic/MCAL/Pwm/exmaple/build/negative/case_07_power_uninit/obj/stm32f10x_gpio.o
 .debug_info    0x00000000000026f7     0x1dec /Users/phamvanvu/HALAAcademy/01_Courses/AUTOSAR_Classic/MCAL/Pwm/exmaple/build/negative/case_07_power_uninit/obj/stm32f10x_tim.o
 .debug_info    0x00000000000044e3       0x22 /Users/phamvanvu/HALAAcademy/01_Courses/AUTOSAR_Classic/MCAL/Pwm/exmaple/build/negative/case_07_power_uninit/obj/startup_stm32f10x_md.o

.debug_abbrev   0x0000000000000000      0xc1b
 .debug_abbrev  0x0000000000000000       0x8e /Users/phamvanvu/HALAAcademy/01_Courses/AUTOSAR_Classic/MCAL/Pwm/exmaple/build/negative/case_07_power_uninit/obj/main.o
 .debug_abbrev  0x000000000000008e       0xfd /Users/phamvanvu/HALAAcademy/01_Courses/AUTOSAR_Classic/MCAL/Pwm/exmaple/build/negative/case_07_power_uninit/obj/pwm_example_port.o
 .debug_abbrev  0x000000000000018b      0x25b /Users/phamvanvu/HALAAcademy/01_Courses/AUTOSAR_Classic/MCAL/Pwm/exmaple/build/negative/case_07_power_uninit/obj/Pwm.o
 .debug_abbrev  0x00000000000003e6      0x115 /Users/phamvanvu/HALAAcademy/01_Courses/AUTOSAR_Classic/MCAL/Pwm/exmaple/build/negative/case_07_power_uninit/obj/Pwm_Lcfg.o
 .debug_abbrev  0x00000000000004fb      0x180 /Users/phamvanvu/HALAAcademy/01_Courses/AUTOSAR_Classic/MCAL/Pwm/exmaple/build/negative/case_07_power_uninit/obj/system_stm32f10x.o
 .debug_abbrev  0x000000000000067b      0x1d6 /Users/phamvanvu/HALAAcademy/01_Courses/AUTOSAR_Classic/MCAL/Pwm/exmaple/build/negative/case_07_power_uninit/obj/stm32f10x_rcc.o
 .debug_abbrev  0x0000000000000851      0x1ec /Users/phamvanvu/HALAAcademy/01_Courses/AUTOSAR_Classic/MCAL/Pwm/exmaple/build/negative/case_07_power_uninit/obj/stm32f10x_gpio.o
 .debug_abbrev  0x0000000000000a3d      0x1cc /Users/phamvanvu/HALAAcademy/01_Courses/AUTOSAR_Classic/MCAL/Pwm/exmaple/build/negative/case_07_power_uninit/obj/stm32f10x_tim.o
 .debug_abbrev  0x0000000000000c09       0x12 /Users/phamvanvu/HALAAcademy/01_Courses/AUTOSAR_Classic/MCAL/Pwm/exmaple/build/negative/case_07_power_uninit/obj/startup_stm32f10x_md.o

.debug_aranges  0x0000000000000000      0x128
 .debug_aranges
                0x0000000000000000       0x20 /Users/phamvanvu/HALAAcademy/01_Courses/AUTOSAR_Classic/MCAL/Pwm/exmaple/build/negative/case_07_power_uninit/obj/main.o
 .debug_aranges
                0x0000000000000020       0x20 /Users/phamvanvu/HALAAcademy/01_Courses/AUTOSAR_Classic/MCAL/Pwm/exmaple/build/negative/case_07_power_uninit/obj/pwm_example_port.o
 .debug_aranges
                0x0000000000000040       0x20 /Users/phamvanvu/HALAAcademy/01_Courses/AUTOSAR_Classic/MCAL/Pwm/exmaple/build/negative/case_07_power_uninit/obj/Pwm.o
 .debug_aranges
                0x0000000000000060       0x20 /Users/phamvanvu/HALAAcademy/01_Courses/AUTOSAR_Classic/MCAL/Pwm/exmaple/build/negative/case_07_power_uninit/obj/Pwm_Lcfg.o
 .debug_aranges
                0x0000000000000080       0x20 /Users/phamvanvu/HALAAcademy/01_Courses/AUTOSAR_Classic/MCAL/Pwm/exmaple/build/negative/case_07_power_uninit/obj/system_stm32f10x.o
 .debug_aranges
                0x00000000000000a0       0x20 /Users/phamvanvu/HALAAcademy/01_Courses/AUTOSAR_Classic/MCAL/Pwm/exmaple/build/negative/case_07_power_uninit/obj/stm32f10x_rcc.o
 .debug_aranges
                0x00000000000000c0       0x20 /Users/phamvanvu/HALAAcademy/01_Courses/AUTOSAR_Classic/MCAL/Pwm/exmaple/build/negative/case_07_power_uninit/obj/stm32f10x_gpio.o
 .debug_aranges
                0x00000000000000e0       0x20 /Users/phamvanvu/HALAAcademy/01_Courses/AUTOSAR_Classic/MCAL/Pwm/exmaple/build/negative/case_07_power_uninit/obj/stm32f10x_tim.o
 .debug_aranges
                0x0000000000000100       0x28 /Users/phamvanvu/HALAAcademy/01_Courses/AUTOSAR_Classic/MCAL/Pwm/exmaple/build/negative/case_07_power_uninit/obj/startup_stm32f10x_md.o

.debug_macro    0x0000000000000000     0xc553
 .debug_macro   0x0000000000000000       0xee /Users/phamvanvu/HALAAcademy/01_Courses/AUTOSAR_Classic/MCAL/Pwm/exmaple/build/negative/case_07_power_uninit/obj/main.o
 .debug_macro   0x00000000000000ee      0xa66 /Users/phamvanvu/HALAAcademy/01_Courses/AUTOSAR_Classic/MCAL/Pwm/exmaple/build/negative/case_07_power_uninit/obj/main.o
 .debug_macro   0x0000000000000b54       0x69 /Users/phamvanvu/HALAAcademy/01_Courses/AUTOSAR_Classic/MCAL/Pwm/exmaple/build/negative/case_07_power_uninit/obj/main.o
 .debug_macro   0x0000000000000bbd       0x5d /Users/phamvanvu/HALAAcademy/01_Courses/AUTOSAR_Classic/MCAL/Pwm/exmaple/build/negative/case_07_power_uninit/obj/main.o
 .debug_macro   0x0000000000000c1a       0x22 /Users/phamvanvu/HALAAcademy/01_Courses/AUTOSAR_Classic/MCAL/Pwm/exmaple/build/negative/case_07_power_uninit/obj/main.o
 .debug_macro   0x0000000000000c3c       0x8e /Users/phamvanvu/HALAAcademy/01_Courses/AUTOSAR_Classic/MCAL/Pwm/exmaple/build/negative/case_07_power_uninit/obj/main.o
 .debug_macro   0x0000000000000cca       0x51 /Users/phamvanvu/HALAAcademy/01_Courses/AUTOSAR_Classic/MCAL/Pwm/exmaple/build/negative/case_07_power_uninit/obj/main.o
 .debug_macro   0x0000000000000d1b      0x103 /Users/phamvanvu/HALAAcademy/01_Courses/AUTOSAR_Classic/MCAL/Pwm/exmaple/build/negative/case_07_power_uninit/obj/main.o
 .debug_macro   0x0000000000000e1e       0x6a /Users/phamvanvu/HALAAcademy/01_Courses/AUTOSAR_Classic/MCAL/Pwm/exmaple/build/negative/case_07_power_uninit/obj/main.o
 .debug_macro   0x0000000000000e88      0x1df /Users/phamvanvu/HALAAcademy/01_Courses/AUTOSAR_Classic/MCAL/Pwm/exmaple/build/negative/case_07_power_uninit/obj/main.o
 .debug_macro   0x0000000000001067       0x1c /Users/phamvanvu/HALAAcademy/01_Courses/AUTOSAR_Classic/MCAL/Pwm/exmaple/build/negative/case_07_power_uninit/obj/main.o
 .debug_macro   0x0000000000001083       0x22 /Users/phamvanvu/HALAAcademy/01_Courses/AUTOSAR_Classic/MCAL/Pwm/exmaple/build/negative/case_07_power_uninit/obj/main.o
 .debug_macro   0x00000000000010a5       0xbd /Users/phamvanvu/HALAAcademy/01_Courses/AUTOSAR_Classic/MCAL/Pwm/exmaple/build/negative/case_07_power_uninit/obj/main.o
 .debug_macro   0x0000000000001162      0xd00 /Users/phamvanvu/HALAAcademy/01_Courses/AUTOSAR_Classic/MCAL/Pwm/exmaple/build/negative/case_07_power_uninit/obj/main.o
 .debug_macro   0x0000000000001e62     0x7eb3 /Users/phamvanvu/HALAAcademy/01_Courses/AUTOSAR_Classic/MCAL/Pwm/exmaple/build/negative/case_07_power_uninit/obj/main.o
 .debug_macro   0x0000000000009d15       0x10 /Users/phamvanvu/HALAAcademy/01_Courses/AUTOSAR_Classic/MCAL/Pwm/exmaple/build/negative/case_07_power_uninit/obj/main.o
 .debug_macro   0x0000000000009d25       0x35 /Users/phamvanvu/HALAAcademy/01_Courses/AUTOSAR_Classic/MCAL/Pwm/exmaple/build/negative/case_07_power_uninit/obj/main.o
 .debug_macro   0x0000000000009d5a      0x70b /Users/phamvanvu/HALAAcademy/01_Courses/AUTOSAR_Classic/MCAL/Pwm/exmaple/build/negative/case_07_power_uninit/obj/main.o
 .debug_macro   0x000000000000a465       0xde /Users/phamvanvu/HALAAcademy/01_Courses/AUTOSAR_Classic/MCAL/Pwm/exmaple/build/negative/case_07_power_uninit/obj/pwm_example_port.o
 .debug_macro   0x000000000000a543      0x2a6 /Users/phamvanvu/HALAAcademy/01_Courses/AUTOSAR_Classic/MCAL/Pwm/exmaple/build/negative/case_07_power_uninit/obj/pwm_example_port.o
 .debug_macro   0x000000000000a7e9      0x3e2 /Users/phamvanvu/HALAAcademy/01_Courses/AUTOSAR_Classic/MCAL/Pwm/exmaple/build/negative/case_07_power_uninit/obj/pwm_example_port.o
 .debug_macro   0x000000000000abcb       0xf6 /Users/phamvanvu/HALAAcademy/01_Courses/AUTOSAR_Classic/MCAL/Pwm/exmaple/build/negative/case_07_power_uninit/obj/Pwm.o
 .debug_macro   0x000000000000acc1       0x40 /Users/phamvanvu/HALAAcademy/01_Courses/AUTOSAR_Classic/MCAL/Pwm/exmaple/build/negative/case_07_power_uninit/obj/Pwm.o
 .debug_macro   0x000000000000ad01      0x174 /Users/phamvanvu/HALAAcademy/01_Courses/AUTOSAR_Classic/MCAL/Pwm/exmaple/build/negative/case_07_power_uninit/obj/Pwm.o
 .debug_macro   0x000000000000ae75      0x239 /Users/phamvanvu/HALAAcademy/01_Courses/AUTOSAR_Classic/MCAL/Pwm/exmaple/build/negative/case_07_power_uninit/obj/Pwm_Lcfg.o
 .debug_macro   0x000000000000b0ae       0x64 /Users/phamvanvu/HALAAcademy/01_Courses/AUTOSAR_Classic/MCAL/Pwm/exmaple/build/negative/case_07_power_uninit/obj/Pwm_Lcfg.o
 .debug_macro   0x000000000000b112       0x18 /Users/phamvanvu/HALAAcademy/01_Courses/AUTOSAR_Classic/MCAL/Pwm/exmaple/build/negative/case_07_power_uninit/obj/Pwm_Lcfg.o
 .debug_macro   0x000000000000b12a       0x35 /Users/phamvanvu/HALAAcademy/01_Courses/AUTOSAR_Classic/MCAL/Pwm/exmaple/build/negative/case_07_power_uninit/obj/Pwm_Lcfg.o
 .debug_macro   0x000000000000b15f       0x34 /Users/phamvanvu/HALAAcademy/01_Courses/AUTOSAR_Classic/MCAL/Pwm/exmaple/build/negative/case_07_power_uninit/obj/Pwm_Lcfg.o
 .debug_macro   0x000000000000b193       0x16 /Users/phamvanvu/HALAAcademy/01_Courses/AUTOSAR_Classic/MCAL/Pwm/exmaple/build/negative/case_07_power_uninit/obj/Pwm_Lcfg.o
 .debug_macro   0x000000000000b1a9       0x97 /Users/phamvanvu/HALAAcademy/01_Courses/AUTOSAR_Classic/MCAL/Pwm/exmaple/build/negative/case_07_power_uninit/obj/Pwm_Lcfg.o
 .debug_macro   0x000000000000b240      0x341 /Users/phamvanvu/HALAAcademy/01_Courses/AUTOSAR_Classic/MCAL/Pwm/exmaple/build/negative/case_07_power_uninit/obj/Pwm_Lcfg.o
 .debug_macro   0x000000000000b581       0xfd /Users/phamvanvu/HALAAcademy/01_Courses/AUTOSAR_Classic/MCAL/Pwm/exmaple/build/negative/case_07_power_uninit/obj/Pwm_Lcfg.o
 .debug_macro   0x000000000000b67e       0x10 /Users/phamvanvu/HALAAcademy/01_Courses/AUTOSAR_Classic/MCAL/Pwm/exmaple/build/negative/case_07_power_uninit/obj/Pwm_Lcfg.o
 .debug_macro   0x000000000000b68e       0x16 /Users/phamvanvu/HALAAcademy/01_Courses/AUTOSAR_Classic/MCAL/Pwm/exmaple/build/negative/case_07_power_uninit/obj/Pwm_Lcfg.o
 .debug_macro   0x000000000000b6a4       0x43 /Users/phamvanvu/HALAAcademy/01_Courses/AUTOSAR_Classic/MCAL/Pwm/exmaple/build/negative/case_07_power_uninit/obj/Pwm_Lcfg.o
 .debug_macro   0x000000000000b6e7       0x34 /Users/phamvanvu/HALAAcademy/01_Courses/AUTOSAR_Classic/MCAL/Pwm/exmaple/build/negative/case_07_power_uninit/obj/Pwm_Lcfg.o
 .debug_macro   0x000000000000b71b       0x10 /Users/phamvanvu/HALAAcademy/01_Courses/AUTOSAR_Classic/MCAL/Pwm/exmaple/build/negative/case_07_power_uninit/obj/Pwm_Lcfg.o
 .debug_macro   0x000000000000b72b       0x58 /Users/phamvanvu/HALAAcademy/01_Courses/AUTOSAR_Classic/MCAL/Pwm/exmaple/build/negative/case_07_power_uninit/obj/Pwm_Lcfg.o
 .debug_macro   0x000000000000b783      0x182 /Users/phamvanvu/HALAAcademy/01_Courses/AUTOSAR_Classic/MCAL/Pwm/exmaple/build/negative/case_07_power_uninit/obj/Pwm_Lcfg.o
 .debug_macro   0x000000000000b905       0x10 /Users/phamvanvu/HALAAcademy/01_Courses/AUTOSAR_Classic/MCAL/Pwm/exmaple/build/negative/case_07_power_uninit/obj/Pwm_Lcfg.o
 .debug_macro   0x000000000000b915       0x1c /Users/phamvanvu/HALAAcademy/01_Courses/AUTOSAR_Classic/MCAL/Pwm/exmaple/build/negative/case_07_power_uninit/obj/Pwm_Lcfg.o
 .debug_macro   0x000000000000b931       0x52 /Users/phamvanvu/HALAAcademy/01_Courses/AUTOSAR_Classic/MCAL/Pwm/exmaple/build/negative/case_07_power_uninit/obj/Pwm_Lcfg.o
 .debug_macro   0x000000000000b983       0x22 /Users/phamvanvu/HALAAcademy/01_Courses/AUTOSAR_Classic/MCAL/Pwm/exmaple/build/negative/case_07_power_uninit/obj/Pwm_Lcfg.o
 .debug_macro   0x000000000000b9a5       0x10 /Users/phamvanvu/HALAAcademy/01_Courses/AUTOSAR_Classic/MCAL/Pwm/exmaple/build/negative/case_07_power_uninit/obj/Pwm_Lcfg.o
 .debug_macro   0x000000000000b9b5       0x52 /Users/phamvanvu/HALAAcademy/01_Courses/AUTOSAR_Classic/MCAL/Pwm/exmaple/build/negative/case_07_power_uninit/obj/Pwm_Lcfg.o
 .debug_macro   0x000000000000ba07       0xd5 /Users/phamvanvu/HALAAcademy/01_Courses/AUTOSAR_Classic/MCAL/Pwm/exmaple/build/negative/case_07_power_uninit/obj/Pwm_Lcfg.o
 .debug_macro   0x000000000000badc       0x1c /Users/phamvanvu/HALAAcademy/01_Courses/AUTOSAR_Classic/MCAL/Pwm/exmaple/build/negative/case_07_power_uninit/obj/Pwm_Lcfg.o
 .debug_macro   0x000000000000baf8       0x3d /Users/phamvanvu/HALAAcademy/01_Courses/AUTOSAR_Classic/MCAL/Pwm/exmaple/build/negative/case_07_power_uninit/obj/Pwm_Lcfg.o
 .debug_macro   0x000000000000bb35       0x16 /Users/phamvanvu/HALAAcademy/01_Courses/AUTOSAR_Classic/MCAL/Pwm/exmaple/build/negative/case_07_power_uninit/obj/Pwm_Lcfg.o
 .debug_macro   0x000000000000bb4b      0x16f /Users/phamvanvu/HALAAcademy/01_Courses/AUTOSAR_Classic/MCAL/Pwm/exmaple/build/negative/case_07_power_uninit/obj/Pwm_Lcfg.o
 .debug_macro   0x000000000000bcba       0xc8 /Users/phamvanvu/HALAAcademy/01_Courses/AUTOSAR_Classic/MCAL/Pwm/exmaple/build/negative/case_07_power_uninit/obj/system_stm32f10x.o
 .debug_macro   0x000000000000bd82      0x1e7 /Users/phamvanvu/HALAAcademy/01_Courses/AUTOSAR_Classic/MCAL/Pwm/exmaple/build/negative/case_07_power_uninit/obj/stm32f10x_rcc.o
 .debug_macro   0x000000000000bf69      0x3dc /Users/phamvanvu/HALAAcademy/01_Courses/AUTOSAR_Classic/MCAL/Pwm/exmaple/build/negative/case_07_power_uninit/obj/stm32f10x_rcc.o
 .debug_macro   0x000000000000c345      0x122 /Users/phamvanvu/HALAAcademy/01_Courses/AUTOSAR_Classic/MCAL/Pwm/exmaple/build/negative/case_07_power_uninit/obj/stm32f10x_gpio.o
 .debug_macro   0x000000000000c467       0xec /Users/phamvanvu/HALAAcademy/01_Courses/AUTOSAR_Classic/MCAL/Pwm/exmaple/build/negative/case_07_power_uninit/obj/stm32f10x_tim.o

.debug_line     0x0000000000000000     0x3119
 .debug_line    0x0000000000000000      0x3c2 /Users/phamvanvu/HALAAcademy/01_Courses/AUTOSAR_Classic/MCAL/Pwm/exmaple/build/negative/case_07_power_uninit/obj/main.o
 .debug_line    0x00000000000003c2      0x35c /Users/phamvanvu/HALAAcademy/01_Courses/AUTOSAR_Classic/MCAL/Pwm/exmaple/build/negative/case_07_power_uninit/obj/pwm_example_port.o
 .debug_line    0x000000000000071e      0x617 /Users/phamvanvu/HALAAcademy/01_Courses/AUTOSAR_Classic/MCAL/Pwm/exmaple/build/negative/case_07_power_uninit/obj/Pwm.o
 .debug_line    0x0000000000000d35      0x44a /Users/phamvanvu/HALAAcademy/01_Courses/AUTOSAR_Classic/MCAL/Pwm/exmaple/build/negative/case_07_power_uninit/obj/Pwm_Lcfg.o
 .debug_line    0x000000000000117f      0x458 /Users/phamvanvu/HALAAcademy/01_Courses/AUTOSAR_Classic/MCAL/Pwm/exmaple/build/negative/case_07_power_uninit/obj/system_stm32f10x.o
 .debug_line    0x00000000000015d7      0x6be /Users/phamvanvu/HALAAcademy/01_Courses/AUTOSAR_Classic/MCAL/Pwm/exmaple/build/negative/case_07_power_uninit/obj/stm32f10x_rcc.o
 .debug_line    0x0000000000001c95      0x604 /Users/phamvanvu/HALAAcademy/01_Courses/AUTOSAR_Classic/MCAL/Pwm/exmaple/build/negative/case_07_power_uninit/obj/stm32f10x_gpio.o
 .debug_line    0x0000000000002299      0xdc4 /Users/phamvanvu/HALAAcademy/01_Courses/AUTOSAR_Classic/MCAL/Pwm/exmaple/build/negative/case_07_power_uninit/obj/stm32f10x_tim.o
 .debug_line    0x000000000000305d       0xbc /Users/phamvanvu/HALAAcademy/01_Courses/AUTOSAR_Classic/MCAL/Pwm/exmaple/build/negative/case_07_power_uninit/obj/startup_stm32f10x_md.o

.debug_str      0x0000000000000000    0x4321b
 .debug_str     0x0000000000000000    0x39535 /Users/phamvanvu/HALAAcademy/01_Courses/AUTOSAR_Classic/MCAL/Pwm/exmaple/build/negative/case_07_power_uninit/obj/main.o
                                      0x3969c (size before relaxing)
 .debug_str     0x0000000000039535     0x3d48 /Users/phamvanvu/HALAAcademy/01_Courses/AUTOSAR_Classic/MCAL/Pwm/exmaple/build/negative/case_07_power_uninit/obj/pwm_example_port.o
                                      0x3888d (size before relaxing)
 .debug_str     0x000000000003d27d      0x941 /Users/phamvanvu/HALAAcademy/01_Courses/AUTOSAR_Classic/MCAL/Pwm/exmaple/build/negative/case_07_power_uninit/obj/Pwm.o
                                      0x3a026 (size before relaxing)
 .debug_str     0x000000000003dbbe     0x38c8 /Users/phamvanvu/HALAAcademy/01_Courses/AUTOSAR_Classic/MCAL/Pwm/exmaple/build/negative/case_07_power_uninit/obj/Pwm_Lcfg.o
                                      0x3d347 (size before relaxing)
 .debug_str     0x0000000000041486      0x1c9 /Users/phamvanvu/HALAAcademy/01_Courses/AUTOSAR_Classic/MCAL/Pwm/exmaple/build/negative/case_07_power_uninit/obj/system_stm32f10x.o
                                      0x34d3b (size before relaxing)
 .debug_str     0x000000000004164f      0xb3f /Users/phamvanvu/HALAAcademy/01_Courses/AUTOSAR_Classic/MCAL/Pwm/exmaple/build/negative/case_07_power_uninit/obj/stm32f10x_rcc.o
                                      0x3761c (size before relaxing)
 .debug_str     0x000000000004218e      0x4bd /Users/phamvanvu/HALAAcademy/01_Courses/AUTOSAR_Classic/MCAL/Pwm/exmaple/build/negative/case_07_power_uninit/obj/stm32f10x_gpio.o
                                      0x38cfc (size before relaxing)
 .debug_str     0x000000000004264b      0xb61 /Users/phamvanvu/HALAAcademy/01_Courses/AUTOSAR_Classic/MCAL/Pwm/exmaple/build/negative/case_07_power_uninit/obj/stm32f10x_tim.o
                                      0x3bfa5 (size before relaxing)
 .debug_str     0x00000000000431ac       0x6f /Users/phamvanvu/HALAAcademy/01_Courses/AUTOSAR_Classic/MCAL/Pwm/exmaple/build/negative/case_07_power_uninit/obj/startup_stm32f10x_md.o
                                         0xac (size before relaxing)

.debug_frame    0x0000000000000000     0x19cc
 .debug_frame   0x0000000000000000       0x2c /Users/phamvanvu/HALAAcademy/01_Courses/AUTOSAR_Classic/MCAL/Pwm/exmaple/build/negative/case_07_power_uninit/obj/main.o
 .debug_frame   0x000000000000002c       0x34 /Users/phamvanvu/HALAAcademy/01_Courses/AUTOSAR_Classic/MCAL/Pwm/exmaple/build/negative/case_07_power_uninit/obj/pwm_example_port.o
 .debug_frame   0x0000000000000060      0x2b4 /Users/phamvanvu/HALAAcademy/01_Courses/AUTOSAR_Classic/MCAL/Pwm/exmaple/build/negative/case_07_power_uninit/obj/Pwm.o
 .debug_frame   0x0000000000000314       0x30 /Users/phamvanvu/HALAAcademy/01_Courses/AUTOSAR_Classic/MCAL/Pwm/exmaple/build/negative/case_07_power_uninit/obj/Pwm_Lcfg.o
 .debug_frame   0x0000000000000344       0x98 /Users/phamvanvu/HALAAcademy/01_Courses/AUTOSAR_Classic/MCAL/Pwm/exmaple/build/negative/case_07_power_uninit/obj/system_stm32f10x.o
 .debug_frame   0x00000000000003dc      0x4f4 /Users/phamvanvu/HALAAcademy/01_Courses/AUTOSAR_Classic/MCAL/Pwm/exmaple/build/negative/case_07_power_uninit/obj/stm32f10x_rcc.o
 .debug_frame   0x00000000000008d0      0x2d0 /Users/phamvanvu/HALAAcademy/01_Courses/AUTOSAR_Classic/MCAL/Pwm/exmaple/build/negative/case_07_power_uninit/obj/stm32f10x_gpio.o
 .debug_frame   0x0000000000000ba0      0xe2c /Users/phamvanvu/HALAAcademy/01_Courses/AUTOSAR_Classic/MCAL/Pwm/exmaple/build/negative/case_07_power_uninit/obj/stm32f10x_tim.o

.debug_ranges   0x0000000000000000       0x20
 .debug_ranges  0x0000000000000000       0x20 /Users/phamvanvu/HALAAcademy/01_Courses/AUTOSAR_Classic/MCAL/Pwm/exmaple/build/negative/case_07_power_uninit/obj/startup_stm32f10x_md.o
