21:16:21.9043 [INFO] Loaded monitor commands from: /Applications/Renode.app/Contents/MacOS/scripts/monitor.py
21:16:21.9139 [INFO] Monitor available in telnet mode on port 1234
21:16:21.9929 [INFO] Including script(s): /Users/phamvanvu/HALAAcademy/01_Courses/AUTOSAR_Classic/COM/scripts/stm32_interactive_cantp.resc
21:16:22.0724 [INFO] System bus created.
21:16:23.0843 [WARNING] Translation cache size 536870912 is larger than maximum allowed 134217728. It will be clamped to maximum
21:16:23.2955 [INFO] sysbus: Loaded SVD: /var/folders/gf/gn7n2rcn3lg87vmyhs88n8kr0000gp/T/renode-47461/fd66dc29-b60a-435a-9ec3-237c8304fd11.tmp. Name: STM32F103. Description: STM32F103.
21:16:23.3192 [INFO] sysbus: Loading block of 9398 bytes length at 0x8000000.
21:16:23.3272 [INFO] sysbus: Loading block of 20 bytes length at 0x80024B6.
21:16:23.3272 [INFO] sysbus: Loading block of 341 bytes length at 0x80024CC.
21:16:23.3657 [INFO] Old file /Users/phamvanvu/HALAAcademy/01_Courses/AUTOSAR_Classic/COM/logs/tx_uart.log moved to /Users/phamvanvu/HALAAcademy/01_Courses/AUTOSAR_Classic/COM/logs/tx_uart.log.1
21:16:23.3765 [INFO] Node_TX: CPUs: ["Node_TX.cpu"] were added to a new GDB server created on port :3333
21:16:23.3766 [INFO] Node_TX: GDB server with all CPUs started on port :3333
21:16:23.3767 [INFO] System bus created.
21:16:23.7026 [WARNING] Translation cache size 536870912 is larger than maximum allowed 134217728. It will be clamped to maximum
21:16:23.7668 [INFO] Node_RX/sysbus: Loaded SVD: /var/folders/gf/gn7n2rcn3lg87vmyhs88n8kr0000gp/T/renode-47461/2300b05d-2947-46db-8d1c-ee871c0b4e64.tmp. Name: STM32F103. Description: STM32F103.
21:16:23.7748 [INFO] Node_RX/sysbus: Loading block of 9146 bytes length at 0x8000000.
21:16:23.7766 [INFO] Node_RX/sysbus: Loading block of 20 bytes length at 0x80023BA.
21:16:23.7767 [INFO] Node_RX/sysbus: Loading block of 337 bytes length at 0x80023D0.
21:16:23.7809 [INFO] Old file /Users/phamvanvu/HALAAcademy/01_Courses/AUTOSAR_Classic/COM/logs/rx_uart.log moved to /Users/phamvanvu/HALAAcademy/01_Courses/AUTOSAR_Classic/COM/logs/rx_uart.log.1
21:16:23.7866 [INFO] Node_RX: CPUs: ["Node_RX.cpu"] were added to a new GDB server created on port :3334
21:16:23.7869 [INFO] Node_RX: GDB server with all CPUs started on port :3334
21:16:23.7966 [INFO] Node_TX/cpu: Guessing VectorTableOffset value to be 0x8000000.
21:16:23.8139 [INFO] Node_TX/cpu: Setting initial values: PC = 0x80022D9, SP = 0x20005000.
21:16:23.8185 [INFO] Node_TX: Machine started.
21:16:23.8187 [INFO] Node_RX/cpu: Guessing VectorTableOffset value to be 0x8000000.
21:16:23.8198 [INFO] Node_RX/cpu: Setting initial values: PC = 0x8002201, SP = 0x20005000.
21:16:23.8202 [INFO] Node_RX: Machine started.
21:16:23.8435 [WARNING] Node_TX/gpioPortA: Unhandled write to offset 0x4. Unhandled bits: [6-7] when writing value 0x444444B4. Tags: CNF9 (0x2).
21:16:23.8436 [WARNING] Node_RX/gpioPortA: Unhandled write to offset 0x4. Unhandled bits: [6-7] when writing value 0x444444B4. Tags: CNF9 (0x2).
21:16:23.8522 [WARNING] Node_TX/gpioPortA: Unhandled write to offset 0x4. Unhandled bits: [18-19] when writing value 0x444B4474. Tags: CNF12 (0x2).
21:16:23.8523 [WARNING] Node_RX/gpioPortA: Unhandled write to offset 0x4. Unhandled bits: [18-19] when writing value 0x444B4474. Tags: CNF12 (0x2).
21:16:23.8590 [WARNING] Node_RX/gpioPortA: Unhandled write to offset 0x0. Unhandled bits: [10-11] when writing value 0x44444B44. Tags: CNF2 (0x2).
21:16:23.8590 [WARNING] Node_TX/gpioPortA: Unhandled write to offset 0x0. Unhandled bits: [10-11] when writing value 0x44444B44. Tags: CNF2 (0x2).
21:16:23.8592 [WARNING] Node_TX/usart2: Unhandled write to offset 0x10. Unhandled bits: [14] when writing value 0x4000. Tags: LINEN (0x1).
21:16:23.8592 [WARNING] Node_RX/usart2: Unhandled write to offset 0x10. Unhandled bits: [14] when writing value 0x4000. Tags: LINEN (0x1).
21:16:23.8593 [WARNING] Node_RX/usart2: Unhandled write to offset 0x10. Unhandled bits: [5] when writing value 0x20. Tags: RESERVED (0x1).
21:16:23.8593 [WARNING] Node_TX/usart2: Unhandled write to offset 0x10. Unhandled bits: [5] when writing value 0x20. Tags: RESERVED (0x1).
