
Discarded input sections

 .group         0x0000000000000000        0xc /Users/phamvanvu/HALAAcademy/01_Courses/AUTOSAR_Classic/MCAL/Pwm/exmaple/build/advanced/case_05_power_state/obj/main.o
 .group         0x0000000000000000        0xc /Users/phamvanvu/HALAAcademy/01_Courses/AUTOSAR_Classic/MCAL/Pwm/exmaple/build/advanced/case_05_power_state/obj/main.o
 .group         0x0000000000000000        0xc /Users/phamvanvu/HALAAcademy/01_Courses/AUTOSAR_Classic/MCAL/Pwm/exmaple/build/advanced/case_05_power_state/obj/main.o
 .group         0x0000000000000000        0xc /Users/phamvanvu/HALAAcademy/01_Courses/AUTOSAR_Classic/MCAL/Pwm/exmaple/build/advanced/case_05_power_state/obj/main.o
 .group         0x0000000000000000        0xc /Users/phamvanvu/HALAAcademy/01_Courses/AUTOSAR_Classic/MCAL/Pwm/exmaple/build/advanced/case_05_power_state/obj/main.o
 .group         0x0000000000000000        0xc /Users/phamvanvu/HALAAcademy/01_Courses/AUTOSAR_Classic/MCAL/Pwm/exmaple/build/advanced/case_05_power_state/obj/main.o
 .group         0x0000000000000000        0xc /Users/phamvanvu/HALAAcademy/01_Courses/AUTOSAR_Classic/MCAL/Pwm/exmaple/build/advanced/case_05_power_state/obj/main.o
 .group         0x0000000000000000        0xc /Users/phamvanvu/HALAAcademy/01_Courses/AUTOSAR_Classic/MCAL/Pwm/exmaple/build/advanced/case_05_power_state/obj/main.o
 .group         0x0000000000000000        0xc /Users/phamvanvu/HALAAcademy/01_Courses/AUTOSAR_Classic/MCAL/Pwm/exmaple/build/advanced/case_05_power_state/obj/main.o
 .group         0x0000000000000000        0xc /Users/phamvanvu/HALAAcademy/01_Courses/AUTOSAR_Classic/MCAL/Pwm/exmaple/build/advanced/case_05_power_state/obj/main.o
 .group         0x0000000000000000        0xc /Users/phamvanvu/HALAAcademy/01_Courses/AUTOSAR_Classic/MCAL/Pwm/exmaple/build/advanced/case_05_power_state/obj/main.o
 .group         0x0000000000000000        0xc /Users/phamvanvu/HALAAcademy/01_Courses/AUTOSAR_Classic/MCAL/Pwm/exmaple/build/advanced/case_05_power_state/obj/main.o
 .group         0x0000000000000000        0xc /Users/phamvanvu/HALAAcademy/01_Courses/AUTOSAR_Classic/MCAL/Pwm/exmaple/build/advanced/case_05_power_state/obj/main.o
 .group         0x0000000000000000        0xc /Users/phamvanvu/HALAAcademy/01_Courses/AUTOSAR_Classic/MCAL/Pwm/exmaple/build/advanced/case_05_power_state/obj/main.o
 .group         0x0000000000000000        0xc /Users/phamvanvu/HALAAcademy/01_Courses/AUTOSAR_Classic/MCAL/Pwm/exmaple/build/advanced/case_05_power_state/obj/main.o
 .group         0x0000000000000000        0xc /Users/phamvanvu/HALAAcademy/01_Courses/AUTOSAR_Classic/MCAL/Pwm/exmaple/build/advanced/case_05_power_state/obj/main.o
 .group         0x0000000000000000        0xc /Users/phamvanvu/HALAAcademy/01_Courses/AUTOSAR_Classic/MCAL/Pwm/exmaple/build/advanced/case_05_power_state/obj/main.o
 .comment       0x0000000000000000       0x4a /Users/phamvanvu/HALAAcademy/01_Courses/AUTOSAR_Classic/MCAL/Pwm/exmaple/build/advanced/case_05_power_state/obj/main.o
 .group         0x0000000000000000        0xc /Users/phamvanvu/HALAAcademy/01_Courses/AUTOSAR_Classic/MCAL/Pwm/exmaple/build/advanced/case_05_power_state/obj/pwm_example_port.o
 .group         0x0000000000000000        0xc /Users/phamvanvu/HALAAcademy/01_Courses/AUTOSAR_Classic/MCAL/Pwm/exmaple/build/advanced/case_05_power_state/obj/pwm_example_port.o
 .group         0x0000000000000000        0xc /Users/phamvanvu/HALAAcademy/01_Courses/AUTOSAR_Classic/MCAL/Pwm/exmaple/build/advanced/case_05_power_state/obj/pwm_example_port.o
 .group         0x0000000000000000        0xc /Users/phamvanvu/HALAAcademy/01_Courses/AUTOSAR_Classic/MCAL/Pwm/exmaple/build/advanced/case_05_power_state/obj/pwm_example_port.o
 .group         0x0000000000000000        0xc /Users/phamvanvu/HALAAcademy/01_Courses/AUTOSAR_Classic/MCAL/Pwm/exmaple/build/advanced/case_05_power_state/obj/pwm_example_port.o
 .group         0x0000000000000000        0xc /Users/phamvanvu/HALAAcademy/01_Courses/AUTOSAR_Classic/MCAL/Pwm/exmaple/build/advanced/case_05_power_state/obj/pwm_example_port.o
 .group         0x0000000000000000        0xc /Users/phamvanvu/HALAAcademy/01_Courses/AUTOSAR_Classic/MCAL/Pwm/exmaple/build/advanced/case_05_power_state/obj/pwm_example_port.o
 .group         0x0000000000000000        0xc /Users/phamvanvu/HALAAcademy/01_Courses/AUTOSAR_Classic/MCAL/Pwm/exmaple/build/advanced/case_05_power_state/obj/pwm_example_port.o
 .group         0x0000000000000000        0xc /Users/phamvanvu/HALAAcademy/01_Courses/AUTOSAR_Classic/MCAL/Pwm/exmaple/build/advanced/case_05_power_state/obj/pwm_example_port.o
 .group         0x0000000000000000        0xc /Users/phamvanvu/HALAAcademy/01_Courses/AUTOSAR_Classic/MCAL/Pwm/exmaple/build/advanced/case_05_power_state/obj/pwm_example_port.o
 .group         0x0000000000000000        0xc /Users/phamvanvu/HALAAcademy/01_Courses/AUTOSAR_Classic/MCAL/Pwm/exmaple/build/advanced/case_05_power_state/obj/pwm_example_port.o
 .group         0x0000000000000000        0xc /Users/phamvanvu/HALAAcademy/01_Courses/AUTOSAR_Classic/MCAL/Pwm/exmaple/build/advanced/case_05_power_state/obj/pwm_example_port.o
 .group         0x0000000000000000        0xc /Users/phamvanvu/HALAAcademy/01_Courses/AUTOSAR_Classic/MCAL/Pwm/exmaple/build/advanced/case_05_power_state/obj/pwm_example_port.o
 .group         0x0000000000000000        0xc /Users/phamvanvu/HALAAcademy/01_Courses/AUTOSAR_Classic/MCAL/Pwm/exmaple/build/advanced/case_05_power_state/obj/pwm_example_port.o
 .group         0x0000000000000000        0xc /Users/phamvanvu/HALAAcademy/01_Courses/AUTOSAR_Classic/MCAL/Pwm/exmaple/build/advanced/case_05_power_state/obj/pwm_example_port.o
 .group         0x0000000000000000        0xc /Users/phamvanvu/HALAAcademy/01_Courses/AUTOSAR_Classic/MCAL/Pwm/exmaple/build/advanced/case_05_power_state/obj/pwm_example_port.o
 .group         0x0000000000000000        0xc /Users/phamvanvu/HALAAcademy/01_Courses/AUTOSAR_Classic/MCAL/Pwm/exmaple/build/advanced/case_05_power_state/obj/pwm_example_port.o
 .debug_macro   0x0000000000000000      0xa66 /Users/phamvanvu/HALAAcademy/01_Courses/AUTOSAR_Classic/MCAL/Pwm/exmaple/build/advanced/case_05_power_state/obj/pwm_example_port.o
 .debug_macro   0x0000000000000000       0x5d /Users/phamvanvu/HALAAcademy/01_Courses/AUTOSAR_Classic/MCAL/Pwm/exmaple/build/advanced/case_05_power_state/obj/pwm_example_port.o
 .debug_macro   0x0000000000000000       0x22 /Users/phamvanvu/HALAAcademy/01_Courses/AUTOSAR_Classic/MCAL/Pwm/exmaple/build/advanced/case_05_power_state/obj/pwm_example_port.o
 .debug_macro   0x0000000000000000       0x8e /Users/phamvanvu/HALAAcademy/01_Courses/AUTOSAR_Classic/MCAL/Pwm/exmaple/build/advanced/case_05_power_state/obj/pwm_example_port.o
 .debug_macro   0x0000000000000000       0x51 /Users/phamvanvu/HALAAcademy/01_Courses/AUTOSAR_Classic/MCAL/Pwm/exmaple/build/advanced/case_05_power_state/obj/pwm_example_port.o
 .debug_macro   0x0000000000000000      0x103 /Users/phamvanvu/HALAAcademy/01_Courses/AUTOSAR_Classic/MCAL/Pwm/exmaple/build/advanced/case_05_power_state/obj/pwm_example_port.o
 .debug_macro   0x0000000000000000       0x6a /Users/phamvanvu/HALAAcademy/01_Courses/AUTOSAR_Classic/MCAL/Pwm/exmaple/build/advanced/case_05_power_state/obj/pwm_example_port.o
 .debug_macro   0x0000000000000000      0x1df /Users/phamvanvu/HALAAcademy/01_Courses/AUTOSAR_Classic/MCAL/Pwm/exmaple/build/advanced/case_05_power_state/obj/pwm_example_port.o
 .debug_macro   0x0000000000000000       0x1c /Users/phamvanvu/HALAAcademy/01_Courses/AUTOSAR_Classic/MCAL/Pwm/exmaple/build/advanced/case_05_power_state/obj/pwm_example_port.o
 .debug_macro   0x0000000000000000       0x22 /Users/phamvanvu/HALAAcademy/01_Courses/AUTOSAR_Classic/MCAL/Pwm/exmaple/build/advanced/case_05_power_state/obj/pwm_example_port.o
 .debug_macro   0x0000000000000000       0xbd /Users/phamvanvu/HALAAcademy/01_Courses/AUTOSAR_Classic/MCAL/Pwm/exmaple/build/advanced/case_05_power_state/obj/pwm_example_port.o
 .debug_macro   0x0000000000000000      0xd00 /Users/phamvanvu/HALAAcademy/01_Courses/AUTOSAR_Classic/MCAL/Pwm/exmaple/build/advanced/case_05_power_state/obj/pwm_example_port.o
 .debug_macro   0x0000000000000000     0x7eb3 /Users/phamvanvu/HALAAcademy/01_Courses/AUTOSAR_Classic/MCAL/Pwm/exmaple/build/advanced/case_05_power_state/obj/pwm_example_port.o
 .debug_macro   0x0000000000000000       0x10 /Users/phamvanvu/HALAAcademy/01_Courses/AUTOSAR_Classic/MCAL/Pwm/exmaple/build/advanced/case_05_power_state/obj/pwm_example_port.o
 .debug_macro   0x0000000000000000       0x35 /Users/phamvanvu/HALAAcademy/01_Courses/AUTOSAR_Classic/MCAL/Pwm/exmaple/build/advanced/case_05_power_state/obj/pwm_example_port.o
 .comment       0x0000000000000000       0x4a /Users/phamvanvu/HALAAcademy/01_Courses/AUTOSAR_Classic/MCAL/Pwm/exmaple/build/advanced/case_05_power_state/obj/pwm_example_port.o
 .group         0x0000000000000000        0xc /Users/phamvanvu/HALAAcademy/01_Courses/AUTOSAR_Classic/MCAL/Pwm/exmaple/build/advanced/case_05_power_state/obj/Pwm.o
 .group         0x0000000000000000        0xc /Users/phamvanvu/HALAAcademy/01_Courses/AUTOSAR_Classic/MCAL/Pwm/exmaple/build/advanced/case_05_power_state/obj/Pwm.o
 .group         0x0000000000000000        0xc /Users/phamvanvu/HALAAcademy/01_Courses/AUTOSAR_Classic/MCAL/Pwm/exmaple/build/advanced/case_05_power_state/obj/Pwm.o
 .group         0x0000000000000000        0xc /Users/phamvanvu/HALAAcademy/01_Courses/AUTOSAR_Classic/MCAL/Pwm/exmaple/build/advanced/case_05_power_state/obj/Pwm.o
 .group         0x0000000000000000        0xc /Users/phamvanvu/HALAAcademy/01_Courses/AUTOSAR_Classic/MCAL/Pwm/exmaple/build/advanced/case_05_power_state/obj/Pwm.o
 .group         0x0000000000000000        0xc /Users/phamvanvu/HALAAcademy/01_Courses/AUTOSAR_Classic/MCAL/Pwm/exmaple/build/advanced/case_05_power_state/obj/Pwm.o
 .group         0x0000000000000000        0xc /Users/phamvanvu/HALAAcademy/01_Courses/AUTOSAR_Classic/MCAL/Pwm/exmaple/build/advanced/case_05_power_state/obj/Pwm.o
 .group         0x0000000000000000        0xc /Users/phamvanvu/HALAAcademy/01_Courses/AUTOSAR_Classic/MCAL/Pwm/exmaple/build/advanced/case_05_power_state/obj/Pwm.o
 .group         0x0000000000000000        0xc /Users/phamvanvu/HALAAcademy/01_Courses/AUTOSAR_Classic/MCAL/Pwm/exmaple/build/advanced/case_05_power_state/obj/Pwm.o
 .group         0x0000000000000000        0xc /Users/phamvanvu/HALAAcademy/01_Courses/AUTOSAR_Classic/MCAL/Pwm/exmaple/build/advanced/case_05_power_state/obj/Pwm.o
 .group         0x0000000000000000        0xc /Users/phamvanvu/HALAAcademy/01_Courses/AUTOSAR_Classic/MCAL/Pwm/exmaple/build/advanced/case_05_power_state/obj/Pwm.o
 .group         0x0000000000000000        0xc /Users/phamvanvu/HALAAcademy/01_Courses/AUTOSAR_Classic/MCAL/Pwm/exmaple/build/advanced/case_05_power_state/obj/Pwm.o
 .group         0x0000000000000000        0xc /Users/phamvanvu/HALAAcademy/01_Courses/AUTOSAR_Classic/MCAL/Pwm/exmaple/build/advanced/case_05_power_state/obj/Pwm.o
 .group         0x0000000000000000        0xc /Users/phamvanvu/HALAAcademy/01_Courses/AUTOSAR_Classic/MCAL/Pwm/exmaple/build/advanced/case_05_power_state/obj/Pwm.o
 .group         0x0000000000000000        0xc /Users/phamvanvu/HALAAcademy/01_Courses/AUTOSAR_Classic/MCAL/Pwm/exmaple/build/advanced/case_05_power_state/obj/Pwm.o
 .group         0x0000000000000000        0xc /Users/phamvanvu/HALAAcademy/01_Courses/AUTOSAR_Classic/MCAL/Pwm/exmaple/build/advanced/case_05_power_state/obj/Pwm.o
 .group         0x0000000000000000        0xc /Users/phamvanvu/HALAAcademy/01_Courses/AUTOSAR_Classic/MCAL/Pwm/exmaple/build/advanced/case_05_power_state/obj/Pwm.o
 .group         0x0000000000000000        0xc /Users/phamvanvu/HALAAcademy/01_Courses/AUTOSAR_Classic/MCAL/Pwm/exmaple/build/advanced/case_05_power_state/obj/Pwm.o
 .group         0x0000000000000000        0xc /Users/phamvanvu/HALAAcademy/01_Courses/AUTOSAR_Classic/MCAL/Pwm/exmaple/build/advanced/case_05_power_state/obj/Pwm.o
 .debug_macro   0x0000000000000000      0xa66 /Users/phamvanvu/HALAAcademy/01_Courses/AUTOSAR_Classic/MCAL/Pwm/exmaple/build/advanced/case_05_power_state/obj/Pwm.o
 .debug_macro   0x0000000000000000       0x69 /Users/phamvanvu/HALAAcademy/01_Courses/AUTOSAR_Classic/MCAL/Pwm/exmaple/build/advanced/case_05_power_state/obj/Pwm.o
 .debug_macro   0x0000000000000000       0x5d /Users/phamvanvu/HALAAcademy/01_Courses/AUTOSAR_Classic/MCAL/Pwm/exmaple/build/advanced/case_05_power_state/obj/Pwm.o
 .debug_macro   0x0000000000000000       0x22 /Users/phamvanvu/HALAAcademy/01_Courses/AUTOSAR_Classic/MCAL/Pwm/exmaple/build/advanced/case_05_power_state/obj/Pwm.o
 .debug_macro   0x0000000000000000       0x8e /Users/phamvanvu/HALAAcademy/01_Courses/AUTOSAR_Classic/MCAL/Pwm/exmaple/build/advanced/case_05_power_state/obj/Pwm.o
 .debug_macro   0x0000000000000000       0x51 /Users/phamvanvu/HALAAcademy/01_Courses/AUTOSAR_Classic/MCAL/Pwm/exmaple/build/advanced/case_05_power_state/obj/Pwm.o
 .debug_macro   0x0000000000000000      0x103 /Users/phamvanvu/HALAAcademy/01_Courses/AUTOSAR_Classic/MCAL/Pwm/exmaple/build/advanced/case_05_power_state/obj/Pwm.o
 .debug_macro   0x0000000000000000       0x6a /Users/phamvanvu/HALAAcademy/01_Courses/AUTOSAR_Classic/MCAL/Pwm/exmaple/build/advanced/case_05_power_state/obj/Pwm.o
 .debug_macro   0x0000000000000000      0x1df /Users/phamvanvu/HALAAcademy/01_Courses/AUTOSAR_Classic/MCAL/Pwm/exmaple/build/advanced/case_05_power_state/obj/Pwm.o
 .debug_macro   0x0000000000000000       0x1c /Users/phamvanvu/HALAAcademy/01_Courses/AUTOSAR_Classic/MCAL/Pwm/exmaple/build/advanced/case_05_power_state/obj/Pwm.o
 .debug_macro   0x0000000000000000       0x22 /Users/phamvanvu/HALAAcademy/01_Courses/AUTOSAR_Classic/MCAL/Pwm/exmaple/build/advanced/case_05_power_state/obj/Pwm.o
 .debug_macro   0x0000000000000000       0xbd /Users/phamvanvu/HALAAcademy/01_Courses/AUTOSAR_Classic/MCAL/Pwm/exmaple/build/advanced/case_05_power_state/obj/Pwm.o
 .debug_macro   0x0000000000000000      0xd00 /Users/phamvanvu/HALAAcademy/01_Courses/AUTOSAR_Classic/MCAL/Pwm/exmaple/build/advanced/case_05_power_state/obj/Pwm.o
 .debug_macro   0x0000000000000000     0x7eb3 /Users/phamvanvu/HALAAcademy/01_Courses/AUTOSAR_Classic/MCAL/Pwm/exmaple/build/advanced/case_05_power_state/obj/Pwm.o
 .debug_macro   0x0000000000000000       0x10 /Users/phamvanvu/HALAAcademy/01_Courses/AUTOSAR_Classic/MCAL/Pwm/exmaple/build/advanced/case_05_power_state/obj/Pwm.o
 .debug_macro   0x0000000000000000       0x35 /Users/phamvanvu/HALAAcademy/01_Courses/AUTOSAR_Classic/MCAL/Pwm/exmaple/build/advanced/case_05_power_state/obj/Pwm.o
 .debug_macro   0x0000000000000000      0x70b /Users/phamvanvu/HALAAcademy/01_Courses/AUTOSAR_Classic/MCAL/Pwm/exmaple/build/advanced/case_05_power_state/obj/Pwm.o
 .comment       0x0000000000000000       0x4a /Users/phamvanvu/HALAAcademy/01_Courses/AUTOSAR_Classic/MCAL/Pwm/exmaple/build/advanced/case_05_power_state/obj/Pwm.o
 .group         0x0000000000000000        0xc /Users/phamvanvu/HALAAcademy/01_Courses/AUTOSAR_Classic/MCAL/Pwm/exmaple/build/advanced/case_05_power_state/obj/Pwm_Lcfg.o
 .group         0x0000000000000000        0xc /Users/phamvanvu/HALAAcademy/01_Courses/AUTOSAR_Classic/MCAL/Pwm/exmaple/build/advanced/case_05_power_state/obj/Pwm_Lcfg.o
 .group         0x0000000000000000        0xc /Users/phamvanvu/HALAAcademy/01_Courses/AUTOSAR_Classic/MCAL/Pwm/exmaple/build/advanced/case_05_power_state/obj/Pwm_Lcfg.o
 .group         0x0000000000000000        0xc /Users/phamvanvu/HALAAcademy/01_Courses/AUTOSAR_Classic/MCAL/Pwm/exmaple/build/advanced/case_05_power_state/obj/Pwm_Lcfg.o
 .group         0x0000000000000000        0xc /Users/phamvanvu/HALAAcademy/01_Courses/AUTOSAR_Classic/MCAL/Pwm/exmaple/build/advanced/case_05_power_state/obj/Pwm_Lcfg.o
 .group         0x0000000000000000        0xc /Users/phamvanvu/HALAAcademy/01_Courses/AUTOSAR_Classic/MCAL/Pwm/exmaple/build/advanced/case_05_power_state/obj/Pwm_Lcfg.o
 .group         0x0000000000000000        0xc /Users/phamvanvu/HALAAcademy/01_Courses/AUTOSAR_Classic/MCAL/Pwm/exmaple/build/advanced/case_05_power_state/obj/Pwm_Lcfg.o
 .group         0x0000000000000000        0xc /Users/phamvanvu/HALAAcademy/01_Courses/AUTOSAR_Classic/MCAL/Pwm/exmaple/build/advanced/case_05_power_state/obj/Pwm_Lcfg.o
 .group         0x0000000000000000        0xc /Users/phamvanvu/HALAAcademy/01_Courses/AUTOSAR_Classic/MCAL/Pwm/exmaple/build/advanced/case_05_power_state/obj/Pwm_Lcfg.o
 .group         0x0000000000000000        0xc /Users/phamvanvu/HALAAcademy/01_Courses/AUTOSAR_Classic/MCAL/Pwm/exmaple/build/advanced/case_05_power_state/obj/Pwm_Lcfg.o
 .group         0x0000000000000000        0xc /Users/phamvanvu/HALAAcademy/01_Courses/AUTOSAR_Classic/MCAL/Pwm/exmaple/build/advanced/case_05_power_state/obj/Pwm_Lcfg.o
 .group         0x0000000000000000        0xc /Users/phamvanvu/HALAAcademy/01_Courses/AUTOSAR_Classic/MCAL/Pwm/exmaple/build/advanced/case_05_power_state/obj/Pwm_Lcfg.o
 .group         0x0000000000000000        0xc /Users/phamvanvu/HALAAcademy/01_Courses/AUTOSAR_Classic/MCAL/Pwm/exmaple/build/advanced/case_05_power_state/obj/Pwm_Lcfg.o
 .group         0x0000000000000000        0xc /Users/phamvanvu/HALAAcademy/01_Courses/AUTOSAR_Classic/MCAL/Pwm/exmaple/build/advanced/case_05_power_state/obj/Pwm_Lcfg.o
 .group         0x0000000000000000        0xc /Users/phamvanvu/HALAAcademy/01_Courses/AUTOSAR_Classic/MCAL/Pwm/exmaple/build/advanced/case_05_power_state/obj/Pwm_Lcfg.o
 .group         0x0000000000000000        0xc /Users/phamvanvu/HALAAcademy/01_Courses/AUTOSAR_Classic/MCAL/Pwm/exmaple/build/advanced/case_05_power_state/obj/Pwm_Lcfg.o
 .group         0x0000000000000000        0xc /Users/phamvanvu/HALAAcademy/01_Courses/AUTOSAR_Classic/MCAL/Pwm/exmaple/build/advanced/case_05_power_state/obj/Pwm_Lcfg.o
 .group         0x0000000000000000        0xc /Users/phamvanvu/HALAAcademy/01_Courses/AUTOSAR_Classic/MCAL/Pwm/exmaple/build/advanced/case_05_power_state/obj/Pwm_Lcfg.o
 .group         0x0000000000000000        0xc /Users/phamvanvu/HALAAcademy/01_Courses/AUTOSAR_Classic/MCAL/Pwm/exmaple/build/advanced/case_05_power_state/obj/Pwm_Lcfg.o
 .group         0x0000000000000000        0xc /Users/phamvanvu/HALAAcademy/01_Courses/AUTOSAR_Classic/MCAL/Pwm/exmaple/build/advanced/case_05_power_state/obj/Pwm_Lcfg.o
 .group         0x0000000000000000        0xc /Users/phamvanvu/HALAAcademy/01_Courses/AUTOSAR_Classic/MCAL/Pwm/exmaple/build/advanced/case_05_power_state/obj/Pwm_Lcfg.o
 .group         0x0000000000000000        0xc /Users/phamvanvu/HALAAcademy/01_Courses/AUTOSAR_Classic/MCAL/Pwm/exmaple/build/advanced/case_05_power_state/obj/Pwm_Lcfg.o
 .group         0x0000000000000000        0xc /Users/phamvanvu/HALAAcademy/01_Courses/AUTOSAR_Classic/MCAL/Pwm/exmaple/build/advanced/case_05_power_state/obj/Pwm_Lcfg.o
 .group         0x0000000000000000        0xc /Users/phamvanvu/HALAAcademy/01_Courses/AUTOSAR_Classic/MCAL/Pwm/exmaple/build/advanced/case_05_power_state/obj/Pwm_Lcfg.o
 .group         0x0000000000000000        0xc /Users/phamvanvu/HALAAcademy/01_Courses/AUTOSAR_Classic/MCAL/Pwm/exmaple/build/advanced/case_05_power_state/obj/Pwm_Lcfg.o
 .group         0x0000000000000000        0xc /Users/phamvanvu/HALAAcademy/01_Courses/AUTOSAR_Classic/MCAL/Pwm/exmaple/build/advanced/case_05_power_state/obj/Pwm_Lcfg.o
 .group         0x0000000000000000        0xc /Users/phamvanvu/HALAAcademy/01_Courses/AUTOSAR_Classic/MCAL/Pwm/exmaple/build/advanced/case_05_power_state/obj/Pwm_Lcfg.o
 .group         0x0000000000000000        0xc /Users/phamvanvu/HALAAcademy/01_Courses/AUTOSAR_Classic/MCAL/Pwm/exmaple/build/advanced/case_05_power_state/obj/Pwm_Lcfg.o
 .group         0x0000000000000000        0xc /Users/phamvanvu/HALAAcademy/01_Courses/AUTOSAR_Classic/MCAL/Pwm/exmaple/build/advanced/case_05_power_state/obj/Pwm_Lcfg.o
 .group         0x0000000000000000        0xc /Users/phamvanvu/HALAAcademy/01_Courses/AUTOSAR_Classic/MCAL/Pwm/exmaple/build/advanced/case_05_power_state/obj/Pwm_Lcfg.o
 .group         0x0000000000000000        0xc /Users/phamvanvu/HALAAcademy/01_Courses/AUTOSAR_Classic/MCAL/Pwm/exmaple/build/advanced/case_05_power_state/obj/Pwm_Lcfg.o
 .group         0x0000000000000000        0xc /Users/phamvanvu/HALAAcademy/01_Courses/AUTOSAR_Classic/MCAL/Pwm/exmaple/build/advanced/case_05_power_state/obj/Pwm_Lcfg.o
 .group         0x0000000000000000        0xc /Users/phamvanvu/HALAAcademy/01_Courses/AUTOSAR_Classic/MCAL/Pwm/exmaple/build/advanced/case_05_power_state/obj/Pwm_Lcfg.o
 .group         0x0000000000000000        0xc /Users/phamvanvu/HALAAcademy/01_Courses/AUTOSAR_Classic/MCAL/Pwm/exmaple/build/advanced/case_05_power_state/obj/Pwm_Lcfg.o
 .group         0x0000000000000000        0xc /Users/phamvanvu/HALAAcademy/01_Courses/AUTOSAR_Classic/MCAL/Pwm/exmaple/build/advanced/case_05_power_state/obj/Pwm_Lcfg.o
 .group         0x0000000000000000        0xc /Users/phamvanvu/HALAAcademy/01_Courses/AUTOSAR_Classic/MCAL/Pwm/exmaple/build/advanced/case_05_power_state/obj/Pwm_Lcfg.o
 .group         0x0000000000000000        0xc /Users/phamvanvu/HALAAcademy/01_Courses/AUTOSAR_Classic/MCAL/Pwm/exmaple/build/advanced/case_05_power_state/obj/Pwm_Lcfg.o
 .group         0x0000000000000000        0xc /Users/phamvanvu/HALAAcademy/01_Courses/AUTOSAR_Classic/MCAL/Pwm/exmaple/build/advanced/case_05_power_state/obj/Pwm_Lcfg.o
 .group         0x0000000000000000        0xc /Users/phamvanvu/HALAAcademy/01_Courses/AUTOSAR_Classic/MCAL/Pwm/exmaple/build/advanced/case_05_power_state/obj/Pwm_Lcfg.o
 .group         0x0000000000000000        0xc /Users/phamvanvu/HALAAcademy/01_Courses/AUTOSAR_Classic/MCAL/Pwm/exmaple/build/advanced/case_05_power_state/obj/Pwm_Lcfg.o
 .group         0x0000000000000000        0xc /Users/phamvanvu/HALAAcademy/01_Courses/AUTOSAR_Classic/MCAL/Pwm/exmaple/build/advanced/case_05_power_state/obj/Pwm_Lcfg.o
 .group         0x0000000000000000        0xc /Users/phamvanvu/HALAAcademy/01_Courses/AUTOSAR_Classic/MCAL/Pwm/exmaple/build/advanced/case_05_power_state/obj/Pwm_Lcfg.o
 .group         0x0000000000000000        0xc /Users/phamvanvu/HALAAcademy/01_Courses/AUTOSAR_Classic/MCAL/Pwm/exmaple/build/advanced/case_05_power_state/obj/Pwm_Lcfg.o
 .debug_macro   0x0000000000000000      0xa66 /Users/phamvanvu/HALAAcademy/01_Courses/AUTOSAR_Classic/MCAL/Pwm/exmaple/build/advanced/case_05_power_state/obj/Pwm_Lcfg.o
 .debug_macro   0x0000000000000000       0x69 /Users/phamvanvu/HALAAcademy/01_Courses/AUTOSAR_Classic/MCAL/Pwm/exmaple/build/advanced/case_05_power_state/obj/Pwm_Lcfg.o
 .debug_macro   0x0000000000000000       0x5d /Users/phamvanvu/HALAAcademy/01_Courses/AUTOSAR_Classic/MCAL/Pwm/exmaple/build/advanced/case_05_power_state/obj/Pwm_Lcfg.o
 .debug_macro   0x0000000000000000       0x22 /Users/phamvanvu/HALAAcademy/01_Courses/AUTOSAR_Classic/MCAL/Pwm/exmaple/build/advanced/case_05_power_state/obj/Pwm_Lcfg.o
 .debug_macro   0x0000000000000000       0x8e /Users/phamvanvu/HALAAcademy/01_Courses/AUTOSAR_Classic/MCAL/Pwm/exmaple/build/advanced/case_05_power_state/obj/Pwm_Lcfg.o
 .debug_macro   0x0000000000000000       0x51 /Users/phamvanvu/HALAAcademy/01_Courses/AUTOSAR_Classic/MCAL/Pwm/exmaple/build/advanced/case_05_power_state/obj/Pwm_Lcfg.o
 .debug_macro   0x0000000000000000      0x103 /Users/phamvanvu/HALAAcademy/01_Courses/AUTOSAR_Classic/MCAL/Pwm/exmaple/build/advanced/case_05_power_state/obj/Pwm_Lcfg.o
 .debug_macro   0x0000000000000000       0x6a /Users/phamvanvu/HALAAcademy/01_Courses/AUTOSAR_Classic/MCAL/Pwm/exmaple/build/advanced/case_05_power_state/obj/Pwm_Lcfg.o
 .debug_macro   0x0000000000000000      0x1df /Users/phamvanvu/HALAAcademy/01_Courses/AUTOSAR_Classic/MCAL/Pwm/exmaple/build/advanced/case_05_power_state/obj/Pwm_Lcfg.o
 .debug_macro   0x0000000000000000       0x1c /Users/phamvanvu/HALAAcademy/01_Courses/AUTOSAR_Classic/MCAL/Pwm/exmaple/build/advanced/case_05_power_state/obj/Pwm_Lcfg.o
 .debug_macro   0x0000000000000000       0x22 /Users/phamvanvu/HALAAcademy/01_Courses/AUTOSAR_Classic/MCAL/Pwm/exmaple/build/advanced/case_05_power_state/obj/Pwm_Lcfg.o
 .debug_macro   0x0000000000000000       0xbd /Users/phamvanvu/HALAAcademy/01_Courses/AUTOSAR_Classic/MCAL/Pwm/exmaple/build/advanced/case_05_power_state/obj/Pwm_Lcfg.o
 .debug_macro   0x0000000000000000      0xd00 /Users/phamvanvu/HALAAcademy/01_Courses/AUTOSAR_Classic/MCAL/Pwm/exmaple/build/advanced/case_05_power_state/obj/Pwm_Lcfg.o
 .debug_macro   0x0000000000000000     0x7eb3 /Users/phamvanvu/HALAAcademy/01_Courses/AUTOSAR_Classic/MCAL/Pwm/exmaple/build/advanced/case_05_power_state/obj/Pwm_Lcfg.o
 .debug_macro   0x0000000000000000       0x10 /Users/phamvanvu/HALAAcademy/01_Courses/AUTOSAR_Classic/MCAL/Pwm/exmaple/build/advanced/case_05_power_state/obj/Pwm_Lcfg.o
 .debug_macro   0x0000000000000000       0x35 /Users/phamvanvu/HALAAcademy/01_Courses/AUTOSAR_Classic/MCAL/Pwm/exmaple/build/advanced/case_05_power_state/obj/Pwm_Lcfg.o
 .debug_macro   0x0000000000000000      0x70b /Users/phamvanvu/HALAAcademy/01_Courses/AUTOSAR_Classic/MCAL/Pwm/exmaple/build/advanced/case_05_power_state/obj/Pwm_Lcfg.o
 .comment       0x0000000000000000       0x4a /Users/phamvanvu/HALAAcademy/01_Courses/AUTOSAR_Classic/MCAL/Pwm/exmaple/build/advanced/case_05_power_state/obj/Pwm_Lcfg.o
 .group         0x0000000000000000        0xc /Users/phamvanvu/HALAAcademy/01_Courses/AUTOSAR_Classic/MCAL/Pwm/exmaple/build/advanced/case_05_power_state/obj/system_stm32f10x.o
 .group         0x0000000000000000        0xc /Users/phamvanvu/HALAAcademy/01_Courses/AUTOSAR_Classic/MCAL/Pwm/exmaple/build/advanced/case_05_power_state/obj/system_stm32f10x.o
 .group         0x0000000000000000        0xc /Users/phamvanvu/HALAAcademy/01_Courses/AUTOSAR_Classic/MCAL/Pwm/exmaple/build/advanced/case_05_power_state/obj/system_stm32f10x.o
 .group         0x0000000000000000        0xc /Users/phamvanvu/HALAAcademy/01_Courses/AUTOSAR_Classic/MCAL/Pwm/exmaple/build/advanced/case_05_power_state/obj/system_stm32f10x.o
 .group         0x0000000000000000        0xc /Users/phamvanvu/HALAAcademy/01_Courses/AUTOSAR_Classic/MCAL/Pwm/exmaple/build/advanced/case_05_power_state/obj/system_stm32f10x.o
 .group         0x0000000000000000        0xc /Users/phamvanvu/HALAAcademy/01_Courses/AUTOSAR_Classic/MCAL/Pwm/exmaple/build/advanced/case_05_power_state/obj/system_stm32f10x.o
 .group         0x0000000000000000        0xc /Users/phamvanvu/HALAAcademy/01_Courses/AUTOSAR_Classic/MCAL/Pwm/exmaple/build/advanced/case_05_power_state/obj/system_stm32f10x.o
 .group         0x0000000000000000        0xc /Users/phamvanvu/HALAAcademy/01_Courses/AUTOSAR_Classic/MCAL/Pwm/exmaple/build/advanced/case_05_power_state/obj/system_stm32f10x.o
 .group         0x0000000000000000        0xc /Users/phamvanvu/HALAAcademy/01_Courses/AUTOSAR_Classic/MCAL/Pwm/exmaple/build/advanced/case_05_power_state/obj/system_stm32f10x.o
 .group         0x0000000000000000        0xc /Users/phamvanvu/HALAAcademy/01_Courses/AUTOSAR_Classic/MCAL/Pwm/exmaple/build/advanced/case_05_power_state/obj/system_stm32f10x.o
 .group         0x0000000000000000        0xc /Users/phamvanvu/HALAAcademy/01_Courses/AUTOSAR_Classic/MCAL/Pwm/exmaple/build/advanced/case_05_power_state/obj/system_stm32f10x.o
 .group         0x0000000000000000        0xc /Users/phamvanvu/HALAAcademy/01_Courses/AUTOSAR_Classic/MCAL/Pwm/exmaple/build/advanced/case_05_power_state/obj/system_stm32f10x.o
 .group         0x0000000000000000        0xc /Users/phamvanvu/HALAAcademy/01_Courses/AUTOSAR_Classic/MCAL/Pwm/exmaple/build/advanced/case_05_power_state/obj/system_stm32f10x.o
 .group         0x0000000000000000        0xc /Users/phamvanvu/HALAAcademy/01_Courses/AUTOSAR_Classic/MCAL/Pwm/exmaple/build/advanced/case_05_power_state/obj/system_stm32f10x.o
 .group         0x0000000000000000        0xc /Users/phamvanvu/HALAAcademy/01_Courses/AUTOSAR_Classic/MCAL/Pwm/exmaple/build/advanced/case_05_power_state/obj/system_stm32f10x.o
 .debug_macro   0x0000000000000000      0xa66 /Users/phamvanvu/HALAAcademy/01_Courses/AUTOSAR_Classic/MCAL/Pwm/exmaple/build/advanced/case_05_power_state/obj/system_stm32f10x.o
 .debug_macro   0x0000000000000000       0x5d /Users/phamvanvu/HALAAcademy/01_Courses/AUTOSAR_Classic/MCAL/Pwm/exmaple/build/advanced/case_05_power_state/obj/system_stm32f10x.o
 .debug_macro   0x0000000000000000       0x22 /Users/phamvanvu/HALAAcademy/01_Courses/AUTOSAR_Classic/MCAL/Pwm/exmaple/build/advanced/case_05_power_state/obj/system_stm32f10x.o
 .debug_macro   0x0000000000000000       0x8e /Users/phamvanvu/HALAAcademy/01_Courses/AUTOSAR_Classic/MCAL/Pwm/exmaple/build/advanced/case_05_power_state/obj/system_stm32f10x.o
 .debug_macro   0x0000000000000000       0x51 /Users/phamvanvu/HALAAcademy/01_Courses/AUTOSAR_Classic/MCAL/Pwm/exmaple/build/advanced/case_05_power_state/obj/system_stm32f10x.o
 .debug_macro   0x0000000000000000      0x103 /Users/phamvanvu/HALAAcademy/01_Courses/AUTOSAR_Classic/MCAL/Pwm/exmaple/build/advanced/case_05_power_state/obj/system_stm32f10x.o
 .debug_macro   0x0000000000000000       0x6a /Users/phamvanvu/HALAAcademy/01_Courses/AUTOSAR_Classic/MCAL/Pwm/exmaple/build/advanced/case_05_power_state/obj/system_stm32f10x.o
 .debug_macro   0x0000000000000000      0x1df /Users/phamvanvu/HALAAcademy/01_Courses/AUTOSAR_Classic/MCAL/Pwm/exmaple/build/advanced/case_05_power_state/obj/system_stm32f10x.o
 .debug_macro   0x0000000000000000       0x1c /Users/phamvanvu/HALAAcademy/01_Courses/AUTOSAR_Classic/MCAL/Pwm/exmaple/build/advanced/case_05_power_state/obj/system_stm32f10x.o
 .debug_macro   0x0000000000000000       0x22 /Users/phamvanvu/HALAAcademy/01_Courses/AUTOSAR_Classic/MCAL/Pwm/exmaple/build/advanced/case_05_power_state/obj/system_stm32f10x.o
 .debug_macro   0x0000000000000000       0xbd /Users/phamvanvu/HALAAcademy/01_Courses/AUTOSAR_Classic/MCAL/Pwm/exmaple/build/advanced/case_05_power_state/obj/system_stm32f10x.o
 .debug_macro   0x0000000000000000      0xd00 /Users/phamvanvu/HALAAcademy/01_Courses/AUTOSAR_Classic/MCAL/Pwm/exmaple/build/advanced/case_05_power_state/obj/system_stm32f10x.o
 .debug_macro   0x0000000000000000     0x7eb3 /Users/phamvanvu/HALAAcademy/01_Courses/AUTOSAR_Classic/MCAL/Pwm/exmaple/build/advanced/case_05_power_state/obj/system_stm32f10x.o
 .debug_macro   0x0000000000000000       0x10 /Users/phamvanvu/HALAAcademy/01_Courses/AUTOSAR_Classic/MCAL/Pwm/exmaple/build/advanced/case_05_power_state/obj/system_stm32f10x.o
 .debug_macro   0x0000000000000000       0x35 /Users/phamvanvu/HALAAcademy/01_Courses/AUTOSAR_Classic/MCAL/Pwm/exmaple/build/advanced/case_05_power_state/obj/system_stm32f10x.o
 .comment       0x0000000000000000       0x4a /Users/phamvanvu/HALAAcademy/01_Courses/AUTOSAR_Classic/MCAL/Pwm/exmaple/build/advanced/case_05_power_state/obj/system_stm32f10x.o
 .group         0x0000000000000000        0xc /Users/phamvanvu/HALAAcademy/01_Courses/AUTOSAR_Classic/MCAL/Pwm/exmaple/build/advanced/case_05_power_state/obj/stm32f10x_rcc.o
 .group         0x0000000000000000        0xc /Users/phamvanvu/HALAAcademy/01_Courses/AUTOSAR_Classic/MCAL/Pwm/exmaple/build/advanced/case_05_power_state/obj/stm32f10x_rcc.o
 .group         0x0000000000000000        0xc /Users/phamvanvu/HALAAcademy/01_Courses/AUTOSAR_Classic/MCAL/Pwm/exmaple/build/advanced/case_05_power_state/obj/stm32f10x_rcc.o
 .group         0x0000000000000000        0xc /Users/phamvanvu/HALAAcademy/01_Courses/AUTOSAR_Classic/MCAL/Pwm/exmaple/build/advanced/case_05_power_state/obj/stm32f10x_rcc.o
 .group         0x0000000000000000        0xc /Users/phamvanvu/HALAAcademy/01_Courses/AUTOSAR_Classic/MCAL/Pwm/exmaple/build/advanced/case_05_power_state/obj/stm32f10x_rcc.o
 .group         0x0000000000000000        0xc /Users/phamvanvu/HALAAcademy/01_Courses/AUTOSAR_Classic/MCAL/Pwm/exmaple/build/advanced/case_05_power_state/obj/stm32f10x_rcc.o
 .group         0x0000000000000000        0xc /Users/phamvanvu/HALAAcademy/01_Courses/AUTOSAR_Classic/MCAL/Pwm/exmaple/build/advanced/case_05_power_state/obj/stm32f10x_rcc.o
 .group         0x0000000000000000        0xc /Users/phamvanvu/HALAAcademy/01_Courses/AUTOSAR_Classic/MCAL/Pwm/exmaple/build/advanced/case_05_power_state/obj/stm32f10x_rcc.o
 .group         0x0000000000000000        0xc /Users/phamvanvu/HALAAcademy/01_Courses/AUTOSAR_Classic/MCAL/Pwm/exmaple/build/advanced/case_05_power_state/obj/stm32f10x_rcc.o
 .group         0x0000000000000000        0xc /Users/phamvanvu/HALAAcademy/01_Courses/AUTOSAR_Classic/MCAL/Pwm/exmaple/build/advanced/case_05_power_state/obj/stm32f10x_rcc.o
 .group         0x0000000000000000        0xc /Users/phamvanvu/HALAAcademy/01_Courses/AUTOSAR_Classic/MCAL/Pwm/exmaple/build/advanced/case_05_power_state/obj/stm32f10x_rcc.o
 .group         0x0000000000000000        0xc /Users/phamvanvu/HALAAcademy/01_Courses/AUTOSAR_Classic/MCAL/Pwm/exmaple/build/advanced/case_05_power_state/obj/stm32f10x_rcc.o
 .group         0x0000000000000000        0xc /Users/phamvanvu/HALAAcademy/01_Courses/AUTOSAR_Classic/MCAL/Pwm/exmaple/build/advanced/case_05_power_state/obj/stm32f10x_rcc.o
 .group         0x0000000000000000        0xc /Users/phamvanvu/HALAAcademy/01_Courses/AUTOSAR_Classic/MCAL/Pwm/exmaple/build/advanced/case_05_power_state/obj/stm32f10x_rcc.o
 .group         0x0000000000000000        0xc /Users/phamvanvu/HALAAcademy/01_Courses/AUTOSAR_Classic/MCAL/Pwm/exmaple/build/advanced/case_05_power_state/obj/stm32f10x_rcc.o
 .group         0x0000000000000000        0xc /Users/phamvanvu/HALAAcademy/01_Courses/AUTOSAR_Classic/MCAL/Pwm/exmaple/build/advanced/case_05_power_state/obj/stm32f10x_rcc.o
 .debug_macro   0x0000000000000000      0xa66 /Users/phamvanvu/HALAAcademy/01_Courses/AUTOSAR_Classic/MCAL/Pwm/exmaple/build/advanced/case_05_power_state/obj/stm32f10x_rcc.o
 .debug_macro   0x0000000000000000       0x5d /Users/phamvanvu/HALAAcademy/01_Courses/AUTOSAR_Classic/MCAL/Pwm/exmaple/build/advanced/case_05_power_state/obj/stm32f10x_rcc.o
 .debug_macro   0x0000000000000000       0x22 /Users/phamvanvu/HALAAcademy/01_Courses/AUTOSAR_Classic/MCAL/Pwm/exmaple/build/advanced/case_05_power_state/obj/stm32f10x_rcc.o
 .debug_macro   0x0000000000000000       0x8e /Users/phamvanvu/HALAAcademy/01_Courses/AUTOSAR_Classic/MCAL/Pwm/exmaple/build/advanced/case_05_power_state/obj/stm32f10x_rcc.o
 .debug_macro   0x0000000000000000       0x51 /Users/phamvanvu/HALAAcademy/01_Courses/AUTOSAR_Classic/MCAL/Pwm/exmaple/build/advanced/case_05_power_state/obj/stm32f10x_rcc.o
 .debug_macro   0x0000000000000000      0x103 /Users/phamvanvu/HALAAcademy/01_Courses/AUTOSAR_Classic/MCAL/Pwm/exmaple/build/advanced/case_05_power_state/obj/stm32f10x_rcc.o
 .debug_macro   0x0000000000000000       0x6a /Users/phamvanvu/HALAAcademy/01_Courses/AUTOSAR_Classic/MCAL/Pwm/exmaple/build/advanced/case_05_power_state/obj/stm32f10x_rcc.o
 .debug_macro   0x0000000000000000      0x1df /Users/phamvanvu/HALAAcademy/01_Courses/AUTOSAR_Classic/MCAL/Pwm/exmaple/build/advanced/case_05_power_state/obj/stm32f10x_rcc.o
 .debug_macro   0x0000000000000000       0x1c /Users/phamvanvu/HALAAcademy/01_Courses/AUTOSAR_Classic/MCAL/Pwm/exmaple/build/advanced/case_05_power_state/obj/stm32f10x_rcc.o
 .debug_macro   0x0000000000000000       0x22 /Users/phamvanvu/HALAAcademy/01_Courses/AUTOSAR_Classic/MCAL/Pwm/exmaple/build/advanced/case_05_power_state/obj/stm32f10x_rcc.o
 .debug_macro   0x0000000000000000       0xbd /Users/phamvanvu/HALAAcademy/01_Courses/AUTOSAR_Classic/MCAL/Pwm/exmaple/build/advanced/case_05_power_state/obj/stm32f10x_rcc.o
 .debug_macro   0x0000000000000000      0xd00 /Users/phamvanvu/HALAAcademy/01_Courses/AUTOSAR_Classic/MCAL/Pwm/exmaple/build/advanced/case_05_power_state/obj/stm32f10x_rcc.o
 .debug_macro   0x0000000000000000     0x7eb3 /Users/phamvanvu/HALAAcademy/01_Courses/AUTOSAR_Classic/MCAL/Pwm/exmaple/build/advanced/case_05_power_state/obj/stm32f10x_rcc.o
 .debug_macro   0x0000000000000000       0x10 /Users/phamvanvu/HALAAcademy/01_Courses/AUTOSAR_Classic/MCAL/Pwm/exmaple/build/advanced/case_05_power_state/obj/stm32f10x_rcc.o
 .debug_macro   0x0000000000000000       0x35 /Users/phamvanvu/HALAAcademy/01_Courses/AUTOSAR_Classic/MCAL/Pwm/exmaple/build/advanced/case_05_power_state/obj/stm32f10x_rcc.o
 .comment       0x0000000000000000       0x4a /Users/phamvanvu/HALAAcademy/01_Courses/AUTOSAR_Classic/MCAL/Pwm/exmaple/build/advanced/case_05_power_state/obj/stm32f10x_rcc.o
 .group         0x0000000000000000        0xc /Users/phamvanvu/HALAAcademy/01_Courses/AUTOSAR_Classic/MCAL/Pwm/exmaple/build/advanced/case_05_power_state/obj/stm32f10x_gpio.o
 .group         0x0000000000000000        0xc /Users/phamvanvu/HALAAcademy/01_Courses/AUTOSAR_Classic/MCAL/Pwm/exmaple/build/advanced/case_05_power_state/obj/stm32f10x_gpio.o
 .group         0x0000000000000000        0xc /Users/phamvanvu/HALAAcademy/01_Courses/AUTOSAR_Classic/MCAL/Pwm/exmaple/build/advanced/case_05_power_state/obj/stm32f10x_gpio.o
 .group         0x0000000000000000        0xc /Users/phamvanvu/HALAAcademy/01_Courses/AUTOSAR_Classic/MCAL/Pwm/exmaple/build/advanced/case_05_power_state/obj/stm32f10x_gpio.o
 .group         0x0000000000000000        0xc /Users/phamvanvu/HALAAcademy/01_Courses/AUTOSAR_Classic/MCAL/Pwm/exmaple/build/advanced/case_05_power_state/obj/stm32f10x_gpio.o
 .group         0x0000000000000000        0xc /Users/phamvanvu/HALAAcademy/01_Courses/AUTOSAR_Classic/MCAL/Pwm/exmaple/build/advanced/case_05_power_state/obj/stm32f10x_gpio.o
 .group         0x0000000000000000        0xc /Users/phamvanvu/HALAAcademy/01_Courses/AUTOSAR_Classic/MCAL/Pwm/exmaple/build/advanced/case_05_power_state/obj/stm32f10x_gpio.o
 .group         0x0000000000000000        0xc /Users/phamvanvu/HALAAcademy/01_Courses/AUTOSAR_Classic/MCAL/Pwm/exmaple/build/advanced/case_05_power_state/obj/stm32f10x_gpio.o
 .group         0x0000000000000000        0xc /Users/phamvanvu/HALAAcademy/01_Courses/AUTOSAR_Classic/MCAL/Pwm/exmaple/build/advanced/case_05_power_state/obj/stm32f10x_gpio.o
 .group         0x0000000000000000        0xc /Users/phamvanvu/HALAAcademy/01_Courses/AUTOSAR_Classic/MCAL/Pwm/exmaple/build/advanced/case_05_power_state/obj/stm32f10x_gpio.o
 .group         0x0000000000000000        0xc /Users/phamvanvu/HALAAcademy/01_Courses/AUTOSAR_Classic/MCAL/Pwm/exmaple/build/advanced/case_05_power_state/obj/stm32f10x_gpio.o
 .group         0x0000000000000000        0xc /Users/phamvanvu/HALAAcademy/01_Courses/AUTOSAR_Classic/MCAL/Pwm/exmaple/build/advanced/case_05_power_state/obj/stm32f10x_gpio.o
 .group         0x0000000000000000        0xc /Users/phamvanvu/HALAAcademy/01_Courses/AUTOSAR_Classic/MCAL/Pwm/exmaple/build/advanced/case_05_power_state/obj/stm32f10x_gpio.o
 .group         0x0000000000000000        0xc /Users/phamvanvu/HALAAcademy/01_Courses/AUTOSAR_Classic/MCAL/Pwm/exmaple/build/advanced/case_05_power_state/obj/stm32f10x_gpio.o
 .group         0x0000000000000000        0xc /Users/phamvanvu/HALAAcademy/01_Courses/AUTOSAR_Classic/MCAL/Pwm/exmaple/build/advanced/case_05_power_state/obj/stm32f10x_gpio.o
 .group         0x0000000000000000        0xc /Users/phamvanvu/HALAAcademy/01_Courses/AUTOSAR_Classic/MCAL/Pwm/exmaple/build/advanced/case_05_power_state/obj/stm32f10x_gpio.o
 .group         0x0000000000000000        0xc /Users/phamvanvu/HALAAcademy/01_Courses/AUTOSAR_Classic/MCAL/Pwm/exmaple/build/advanced/case_05_power_state/obj/stm32f10x_gpio.o
 .debug_macro   0x0000000000000000      0xa66 /Users/phamvanvu/HALAAcademy/01_Courses/AUTOSAR_Classic/MCAL/Pwm/exmaple/build/advanced/case_05_power_state/obj/stm32f10x_gpio.o
 .debug_macro   0x0000000000000000       0x5d /Users/phamvanvu/HALAAcademy/01_Courses/AUTOSAR_Classic/MCAL/Pwm/exmaple/build/advanced/case_05_power_state/obj/stm32f10x_gpio.o
 .debug_macro   0x0000000000000000       0x22 /Users/phamvanvu/HALAAcademy/01_Courses/AUTOSAR_Classic/MCAL/Pwm/exmaple/build/advanced/case_05_power_state/obj/stm32f10x_gpio.o
 .debug_macro   0x0000000000000000       0x8e /Users/phamvanvu/HALAAcademy/01_Courses/AUTOSAR_Classic/MCAL/Pwm/exmaple/build/advanced/case_05_power_state/obj/stm32f10x_gpio.o
 .debug_macro   0x0000000000000000       0x51 /Users/phamvanvu/HALAAcademy/01_Courses/AUTOSAR_Classic/MCAL/Pwm/exmaple/build/advanced/case_05_power_state/obj/stm32f10x_gpio.o
 .debug_macro   0x0000000000000000      0x103 /Users/phamvanvu/HALAAcademy/01_Courses/AUTOSAR_Classic/MCAL/Pwm/exmaple/build/advanced/case_05_power_state/obj/stm32f10x_gpio.o
 .debug_macro   0x0000000000000000       0x6a /Users/phamvanvu/HALAAcademy/01_Courses/AUTOSAR_Classic/MCAL/Pwm/exmaple/build/advanced/case_05_power_state/obj/stm32f10x_gpio.o
 .debug_macro   0x0000000000000000      0x1df /Users/phamvanvu/HALAAcademy/01_Courses/AUTOSAR_Classic/MCAL/Pwm/exmaple/build/advanced/case_05_power_state/obj/stm32f10x_gpio.o
 .debug_macro   0x0000000000000000       0x1c /Users/phamvanvu/HALAAcademy/01_Courses/AUTOSAR_Classic/MCAL/Pwm/exmaple/build/advanced/case_05_power_state/obj/stm32f10x_gpio.o
 .debug_macro   0x0000000000000000       0x22 /Users/phamvanvu/HALAAcademy/01_Courses/AUTOSAR_Classic/MCAL/Pwm/exmaple/build/advanced/case_05_power_state/obj/stm32f10x_gpio.o
 .debug_macro   0x0000000000000000       0xbd /Users/phamvanvu/HALAAcademy/01_Courses/AUTOSAR_Classic/MCAL/Pwm/exmaple/build/advanced/case_05_power_state/obj/stm32f10x_gpio.o
 .debug_macro   0x0000000000000000      0xd00 /Users/phamvanvu/HALAAcademy/01_Courses/AUTOSAR_Classic/MCAL/Pwm/exmaple/build/advanced/case_05_power_state/obj/stm32f10x_gpio.o
 .debug_macro   0x0000000000000000     0x7eb3 /Users/phamvanvu/HALAAcademy/01_Courses/AUTOSAR_Classic/MCAL/Pwm/exmaple/build/advanced/case_05_power_state/obj/stm32f10x_gpio.o
 .debug_macro   0x0000000000000000       0x10 /Users/phamvanvu/HALAAcademy/01_Courses/AUTOSAR_Classic/MCAL/Pwm/exmaple/build/advanced/case_05_power_state/obj/stm32f10x_gpio.o
 .debug_macro   0x0000000000000000       0x35 /Users/phamvanvu/HALAAcademy/01_Courses/AUTOSAR_Classic/MCAL/Pwm/exmaple/build/advanced/case_05_power_state/obj/stm32f10x_gpio.o
 .debug_macro   0x0000000000000000      0x2a6 /Users/phamvanvu/HALAAcademy/01_Courses/AUTOSAR_Classic/MCAL/Pwm/exmaple/build/advanced/case_05_power_state/obj/stm32f10x_gpio.o
 .debug_macro   0x0000000000000000      0x3e2 /Users/phamvanvu/HALAAcademy/01_Courses/AUTOSAR_Classic/MCAL/Pwm/exmaple/build/advanced/case_05_power_state/obj/stm32f10x_gpio.o
 .comment       0x0000000000000000       0x4a /Users/phamvanvu/HALAAcademy/01_Courses/AUTOSAR_Classic/MCAL/Pwm/exmaple/build/advanced/case_05_power_state/obj/stm32f10x_gpio.o
 .group         0x0000000000000000        0xc /Users/phamvanvu/HALAAcademy/01_Courses/AUTOSAR_Classic/MCAL/Pwm/exmaple/build/advanced/case_05_power_state/obj/stm32f10x_tim.o
 .group         0x0000000000000000        0xc /Users/phamvanvu/HALAAcademy/01_Courses/AUTOSAR_Classic/MCAL/Pwm/exmaple/build/advanced/case_05_power_state/obj/stm32f10x_tim.o
 .group         0x0000000000000000        0xc /Users/phamvanvu/HALAAcademy/01_Courses/AUTOSAR_Classic/MCAL/Pwm/exmaple/build/advanced/case_05_power_state/obj/stm32f10x_tim.o
 .group         0x0000000000000000        0xc /Users/phamvanvu/HALAAcademy/01_Courses/AUTOSAR_Classic/MCAL/Pwm/exmaple/build/advanced/case_05_power_state/obj/stm32f10x_tim.o
 .group         0x0000000000000000        0xc /Users/phamvanvu/HALAAcademy/01_Courses/AUTOSAR_Classic/MCAL/Pwm/exmaple/build/advanced/case_05_power_state/obj/stm32f10x_tim.o
 .group         0x0000000000000000        0xc /Users/phamvanvu/HALAAcademy/01_Courses/AUTOSAR_Classic/MCAL/Pwm/exmaple/build/advanced/case_05_power_state/obj/stm32f10x_tim.o
 .group         0x0000000000000000        0xc /Users/phamvanvu/HALAAcademy/01_Courses/AUTOSAR_Classic/MCAL/Pwm/exmaple/build/advanced/case_05_power_state/obj/stm32f10x_tim.o
 .group         0x0000000000000000        0xc /Users/phamvanvu/HALAAcademy/01_Courses/AUTOSAR_Classic/MCAL/Pwm/exmaple/build/advanced/case_05_power_state/obj/stm32f10x_tim.o
 .group         0x0000000000000000        0xc /Users/phamvanvu/HALAAcademy/01_Courses/AUTOSAR_Classic/MCAL/Pwm/exmaple/build/advanced/case_05_power_state/obj/stm32f10x_tim.o
 .group         0x0000000000000000        0xc /Users/phamvanvu/HALAAcademy/01_Courses/AUTOSAR_Classic/MCAL/Pwm/exmaple/build/advanced/case_05_power_state/obj/stm32f10x_tim.o
 .group         0x0000000000000000        0xc /Users/phamvanvu/HALAAcademy/01_Courses/AUTOSAR_Classic/MCAL/Pwm/exmaple/build/advanced/case_05_power_state/obj/stm32f10x_tim.o
 .group         0x0000000000000000        0xc /Users/phamvanvu/HALAAcademy/01_Courses/AUTOSAR_Classic/MCAL/Pwm/exmaple/build/advanced/case_05_power_state/obj/stm32f10x_tim.o
 .group         0x0000000000000000        0xc /Users/phamvanvu/HALAAcademy/01_Courses/AUTOSAR_Classic/MCAL/Pwm/exmaple/build/advanced/case_05_power_state/obj/stm32f10x_tim.o
 .group         0x0000000000000000        0xc /Users/phamvanvu/HALAAcademy/01_Courses/AUTOSAR_Classic/MCAL/Pwm/exmaple/build/advanced/case_05_power_state/obj/stm32f10x_tim.o
 .group         0x0000000000000000        0xc /Users/phamvanvu/HALAAcademy/01_Courses/AUTOSAR_Classic/MCAL/Pwm/exmaple/build/advanced/case_05_power_state/obj/stm32f10x_tim.o
 .group         0x0000000000000000        0xc /Users/phamvanvu/HALAAcademy/01_Courses/AUTOSAR_Classic/MCAL/Pwm/exmaple/build/advanced/case_05_power_state/obj/stm32f10x_tim.o
 .group         0x0000000000000000        0xc /Users/phamvanvu/HALAAcademy/01_Courses/AUTOSAR_Classic/MCAL/Pwm/exmaple/build/advanced/case_05_power_state/obj/stm32f10x_tim.o
 .debug_macro   0x0000000000000000      0xa66 /Users/phamvanvu/HALAAcademy/01_Courses/AUTOSAR_Classic/MCAL/Pwm/exmaple/build/advanced/case_05_power_state/obj/stm32f10x_tim.o
 .debug_macro   0x0000000000000000       0x5d /Users/phamvanvu/HALAAcademy/01_Courses/AUTOSAR_Classic/MCAL/Pwm/exmaple/build/advanced/case_05_power_state/obj/stm32f10x_tim.o
 .debug_macro   0x0000000000000000       0x22 /Users/phamvanvu/HALAAcademy/01_Courses/AUTOSAR_Classic/MCAL/Pwm/exmaple/build/advanced/case_05_power_state/obj/stm32f10x_tim.o
 .debug_macro   0x0000000000000000       0x8e /Users/phamvanvu/HALAAcademy/01_Courses/AUTOSAR_Classic/MCAL/Pwm/exmaple/build/advanced/case_05_power_state/obj/stm32f10x_tim.o
 .debug_macro   0x0000000000000000       0x51 /Users/phamvanvu/HALAAcademy/01_Courses/AUTOSAR_Classic/MCAL/Pwm/exmaple/build/advanced/case_05_power_state/obj/stm32f10x_tim.o
 .debug_macro   0x0000000000000000      0x103 /Users/phamvanvu/HALAAcademy/01_Courses/AUTOSAR_Classic/MCAL/Pwm/exmaple/build/advanced/case_05_power_state/obj/stm32f10x_tim.o
 .debug_macro   0x0000000000000000       0x6a /Users/phamvanvu/HALAAcademy/01_Courses/AUTOSAR_Classic/MCAL/Pwm/exmaple/build/advanced/case_05_power_state/obj/stm32f10x_tim.o
 .debug_macro   0x0000000000000000      0x1df /Users/phamvanvu/HALAAcademy/01_Courses/AUTOSAR_Classic/MCAL/Pwm/exmaple/build/advanced/case_05_power_state/obj/stm32f10x_tim.o
 .debug_macro   0x0000000000000000       0x1c /Users/phamvanvu/HALAAcademy/01_Courses/AUTOSAR_Classic/MCAL/Pwm/exmaple/build/advanced/case_05_power_state/obj/stm32f10x_tim.o
 .debug_macro   0x0000000000000000       0x22 /Users/phamvanvu/HALAAcademy/01_Courses/AUTOSAR_Classic/MCAL/Pwm/exmaple/build/advanced/case_05_power_state/obj/stm32f10x_tim.o
 .debug_macro   0x0000000000000000       0xbd /Users/phamvanvu/HALAAcademy/01_Courses/AUTOSAR_Classic/MCAL/Pwm/exmaple/build/advanced/case_05_power_state/obj/stm32f10x_tim.o
 .debug_macro   0x0000000000000000      0xd00 /Users/phamvanvu/HALAAcademy/01_Courses/AUTOSAR_Classic/MCAL/Pwm/exmaple/build/advanced/case_05_power_state/obj/stm32f10x_tim.o
 .debug_macro   0x0000000000000000     0x7eb3 /Users/phamvanvu/HALAAcademy/01_Courses/AUTOSAR_Classic/MCAL/Pwm/exmaple/build/advanced/case_05_power_state/obj/stm32f10x_tim.o
 .debug_macro   0x0000000000000000       0x10 /Users/phamvanvu/HALAAcademy/01_Courses/AUTOSAR_Classic/MCAL/Pwm/exmaple/build/advanced/case_05_power_state/obj/stm32f10x_tim.o
 .debug_macro   0x0000000000000000       0x35 /Users/phamvanvu/HALAAcademy/01_Courses/AUTOSAR_Classic/MCAL/Pwm/exmaple/build/advanced/case_05_power_state/obj/stm32f10x_tim.o
 .debug_macro   0x0000000000000000      0x70b /Users/phamvanvu/HALAAcademy/01_Courses/AUTOSAR_Classic/MCAL/Pwm/exmaple/build/advanced/case_05_power_state/obj/stm32f10x_tim.o
 .debug_macro   0x0000000000000000      0x3e2 /Users/phamvanvu/HALAAcademy/01_Courses/AUTOSAR_Classic/MCAL/Pwm/exmaple/build/advanced/case_05_power_state/obj/stm32f10x_tim.o
 .comment       0x0000000000000000       0x4a /Users/phamvanvu/HALAAcademy/01_Courses/AUTOSAR_Classic/MCAL/Pwm/exmaple/build/advanced/case_05_power_state/obj/stm32f10x_tim.o

Memory Configuration

Name             Origin             Length             Attributes
FLASH            0x0000000008000000 0x0000000000010000 xr
RAM              0x0000000020000000 0x0000000000005000 xrw
*default*        0x0000000000000000 0xffffffffffffffff

Linker script and memory map

LOAD /Users/phamvanvu/HALAAcademy/01_Courses/AUTOSAR_Classic/MCAL/Pwm/exmaple/build/advanced/case_05_power_state/obj/main.o
LOAD /Users/phamvanvu/HALAAcademy/01_Courses/AUTOSAR_Classic/MCAL/Pwm/exmaple/build/advanced/case_05_power_state/obj/pwm_example_port.o
LOAD /Users/phamvanvu/HALAAcademy/01_Courses/AUTOSAR_Classic/MCAL/Pwm/exmaple/build/advanced/case_05_power_state/obj/Pwm.o
LOAD /Users/phamvanvu/HALAAcademy/01_Courses/AUTOSAR_Classic/MCAL/Pwm/exmaple/build/advanced/case_05_power_state/obj/Pwm_Lcfg.o
LOAD /Users/phamvanvu/HALAAcademy/01_Courses/AUTOSAR_Classic/MCAL/Pwm/exmaple/build/advanced/case_05_power_state/obj/system_stm32f10x.o
LOAD /Users/phamvanvu/HALAAcademy/01_Courses/AUTOSAR_Classic/MCAL/Pwm/exmaple/build/advanced/case_05_power_state/obj/stm32f10x_rcc.o
LOAD /Users/phamvanvu/HALAAcademy/01_Courses/AUTOSAR_Classic/MCAL/Pwm/exmaple/build/advanced/case_05_power_state/obj/stm32f10x_gpio.o
LOAD /Users/phamvanvu/HALAAcademy/01_Courses/AUTOSAR_Classic/MCAL/Pwm/exmaple/build/advanced/case_05_power_state/obj/stm32f10x_tim.o
LOAD /Users/phamvanvu/HALAAcademy/01_Courses/AUTOSAR_Classic/MCAL/Pwm/exmaple/build/advanced/case_05_power_state/obj/startup_stm32f10x_md.o
                0x0000000020005000                _estack = (ORIGIN (RAM) + LENGTH (RAM))

.isr_vector     0x0000000008000000      0x10c
 *(.isr_vector)
 .isr_vector    0x0000000008000000      0x10c /Users/phamvanvu/HALAAcademy/01_Courses/AUTOSAR_Classic/MCAL/Pwm/exmaple/build/advanced/case_05_power_state/obj/startup_stm32f10x_md.o
                0x0000000008000000                g_pfnVectors

.text           0x000000000800010c     0x350c
                0x000000000800010c                _stext = .
 *(.text*)
 .text          0x000000000800010c       0x74 /Users/phamvanvu/HALAAcademy/01_Courses/AUTOSAR_Classic/MCAL/Pwm/exmaple/build/advanced/case_05_power_state/obj/main.o
                0x000000000800010c                main
 .text          0x0000000008000180       0x30 /Users/phamvanvu/HALAAcademy/01_Courses/AUTOSAR_Classic/MCAL/Pwm/exmaple/build/advanced/case_05_power_state/obj/pwm_example_port.o
                0x0000000008000180                Pwm_Example_PortInit
 .text          0x00000000080001b0      0x638 /Users/phamvanvu/HALAAcademy/01_Courses/AUTOSAR_Classic/MCAL/Pwm/exmaple/build/advanced/case_05_power_state/obj/Pwm.o
                0x0000000008000320                Pwm_Init
                0x00000000080003e0                Pwm_DeInit
                0x000000000800047c                Pwm_SetDutyCycle
                0x00000000080004c2                Pwm_SetPeriodAndDuty
                0x0000000008000518                Pwm_SetOutputToIdle
                0x0000000008000544                Pwm_GetOutputState
                0x00000000080005de                Pwm_DisableNotification
                0x000000000800060a                Pwm_EnableNotification
                0x000000000800063c                Pwm_GetVersionInfo
                0x0000000008000678                Pwm_SetPowerState
                0x00000000080006e0                Pwm_GetCurrentPowerState
                0x0000000008000730                Pwm_GetTargetPowerState
                0x0000000008000780                Pwm_PreparePowerState
                0x00000000080007d4                Pwm_Main_PowerTransitionManager
 .text          0x00000000080007e8        0xc /Users/phamvanvu/HALAAcademy/01_Courses/AUTOSAR_Classic/MCAL/Pwm/exmaple/build/advanced/case_05_power_state/obj/Pwm_Lcfg.o
                0x00000000080007e8                Pwm_Channel0_Notification
 .text          0x00000000080007f4      0x258 /Users/phamvanvu/HALAAcademy/01_Courses/AUTOSAR_Classic/MCAL/Pwm/exmaple/build/advanced/case_05_power_state/obj/system_stm32f10x.o
                0x00000000080007f4                SystemInit
                0x000000000800085c                SystemCoreClockUpdate
 .text          0x0000000008000a4c      0x7dc /Users/phamvanvu/HALAAcademy/01_Courses/AUTOSAR_Classic/MCAL/Pwm/exmaple/build/advanced/case_05_power_state/obj/stm32f10x_rcc.o
                0x0000000008000a4c                RCC_DeInit
                0x0000000008000aa8                RCC_HSEConfig
                0x0000000008000b04                RCC_WaitForHSEStartUp
                0x0000000008000b54                RCC_AdjustHSICalibrationValue
                0x0000000008000b90                RCC_HSICmd
                0x0000000008000bb0                RCC_PLLConfig
                0x0000000008000bec                RCC_PLLCmd
                0x0000000008000c0c                RCC_SYSCLKConfig
                0x0000000008000c44                RCC_GetSYSCLKSource
                0x0000000008000c60                RCC_HCLKConfig
                0x0000000008000c98                RCC_PCLK1Config
                0x0000000008000cd0                RCC_PCLK2Config
                0x0000000008000d08                RCC_ITConfig
                0x0000000008000d54                RCC_USBCLKConfig
                0x0000000008000d70                RCC_ADCCLKConfig
                0x0000000008000da8                RCC_LSEConfig
                0x0000000008000de8                RCC_LSICmd
                0x0000000008000e08                RCC_RTCCLKConfig
                0x0000000008000e2c                RCC_RTCCLKCmd
                0x0000000008000e4c                RCC_GetClocksFreq
                0x0000000008000fb8                RCC_AHBPeriphClockCmd
                0x0000000008000ff4                RCC_APB2PeriphClockCmd
                0x0000000008001030                RCC_APB1PeriphClockCmd
                0x000000000800106c                RCC_APB2PeriphResetCmd
                0x00000000080010a8                RCC_APB1PeriphResetCmd
                0x00000000080010e4                RCC_BackupResetCmd
                0x0000000008001104                RCC_ClockSecuritySystemCmd
                0x0000000008001124                RCC_MCOConfig
                0x0000000008001144                RCC_GetFlagStatus
                0x00000000080011b8                RCC_ClearFlag
                0x00000000080011d4                RCC_GetITStatus
                0x0000000008001208                RCC_ClearITPendingBit
 .text          0x0000000008001228      0x5d8 /Users/phamvanvu/HALAAcademy/01_Courses/AUTOSAR_Classic/MCAL/Pwm/exmaple/build/advanced/case_05_power_state/obj/stm32f10x_gpio.o
                0x0000000008001228                GPIO_DeInit
                0x000000000800130c                GPIO_AFIODeInit
                0x0000000008001324                GPIO_Init
                0x000000000800149c                GPIO_StructInit
                0x00000000080014c2                GPIO_ReadInputDataBit
                0x00000000080014f4                GPIO_ReadInputData
                0x000000000800150c                GPIO_ReadOutputDataBit
                0x000000000800153e                GPIO_ReadOutputData
                0x0000000008001556                GPIO_SetBits
                0x0000000008001572                GPIO_ResetBits
                0x000000000800158e                GPIO_WriteBit
                0x00000000080015bc                GPIO_Write
                0x00000000080015d8                GPIO_PinLockConfig
                0x000000000800161a                GPIO_EventOutputConfig
                0x0000000008001664                GPIO_EventOutputCmd
                0x0000000008001684                GPIO_PinRemapConfig
                0x0000000008001764                GPIO_EXTILineConfig
                0x00000000080017e4                GPIO_ETH_MediaInterfaceConfig
 .text          0x0000000008001800     0x1d94 /Users/phamvanvu/HALAAcademy/01_Courses/AUTOSAR_Classic/MCAL/Pwm/exmaple/build/advanced/case_05_power_state/obj/stm32f10x_tim.o
                0x0000000008001800                TIM_DeInit
                0x0000000008001a2c                TIM_TimeBaseInit
                0x0000000008001b24                TIM_OC1Init
                0x0000000008001c3c                TIM_OC2Init
                0x0000000008001d4c                TIM_OC3Init
                0x0000000008001e58                TIM_OC4Init
                0x0000000008001f28                TIM_ICInit
                0x0000000008001fd0                TIM_PWMIConfig
                0x0000000008002088                TIM_BDTRConfig
                0x00000000080020d6                TIM_TimeBaseStructInit
                0x0000000008002108                TIM_OCStructInit
                0x000000000800214a                TIM_ICStructInit
                0x000000000800217a                TIM_BDTRStructInit
                0x00000000080021b6                TIM_Cmd
                0x00000000080021f4                TIM_CtrlPWMOutputs
                0x000000000800223e                TIM_ITConfig
                0x0000000008002284                TIM_GenerateEvent
                0x00000000080022a0                TIM_DMAConfig
                0x00000000080022c8                TIM_DMACmd
                0x000000000800230e                TIM_InternalClockConfig
                0x0000000008002330                TIM_ITRxExternalClockConfig
                0x000000000800235e                TIM_TIxExternalClockConfig
                0x00000000080023ba                TIM_ETRClockMode1Config
                0x0000000008002418                TIM_ETRClockMode2Config
                0x0000000008002456                TIM_ETRConfig
                0x00000000080024a8                TIM_PrescalerConfig
                0x00000000080024ce                TIM_CounterModeConfig
                0x0000000008002504                TIM_SelectInputTrigger
                0x000000000800253a                TIM_EncoderInterfaceConfig
                0x00000000080025d0                TIM_ForcedOC1Config
                0x0000000008002606                TIM_ForcedOC2Config
                0x0000000008002640                TIM_ForcedOC3Config
                0x0000000008002676                TIM_ForcedOC4Config
                0x00000000080026b0                TIM_ARRPreloadConfig
                0x00000000080026ee                TIM_SelectCOM
                0x000000000800272c                TIM_SelectCCDMA
                0x000000000800276a                TIM_CCPreloadControl
                0x00000000080027a8                TIM_OC1PreloadConfig
                0x00000000080027de                TIM_OC2PreloadConfig
                0x0000000008002818                TIM_OC3PreloadConfig
                0x000000000800284e                TIM_OC4PreloadConfig
                0x0000000008002888                TIM_OC1FastConfig
                0x00000000080028be                TIM_OC2FastConfig
                0x00000000080028f8                TIM_OC3FastConfig
                0x000000000800292e                TIM_OC4FastConfig
                0x0000000008002968                TIM_ClearOC1Ref
                0x000000000800299e                TIM_ClearOC2Ref
                0x00000000080029d8                TIM_ClearOC3Ref
                0x0000000008002a0e                TIM_ClearOC4Ref
                0x0000000008002a48                TIM_OC1PolarityConfig
                0x0000000008002a7e                TIM_OC1NPolarityConfig
                0x0000000008002ab4                TIM_OC2PolarityConfig
                0x0000000008002aee                TIM_OC2NPolarityConfig
                0x0000000008002b28                TIM_OC3PolarityConfig
                0x0000000008002b62                TIM_OC3NPolarityConfig
                0x0000000008002b9c                TIM_OC4PolarityConfig
                0x0000000008002bd6                TIM_CCxCmd
                0x0000000008002c2a                TIM_CCxNCmd
                0x0000000008002c7e                TIM_SelectOCxM
                0x0000000008002d2e                TIM_UpdateDisableConfig
                0x0000000008002d6c                TIM_UpdateRequestConfig
                0x0000000008002daa                TIM_SelectHallSensor
                0x0000000008002de8                TIM_SelectOnePulseMode
                0x0000000008002e1e                TIM_SelectOutputTrigger
                0x0000000008002e54                TIM_SelectSlaveMode
                0x0000000008002e8a                TIM_SelectMasterSlaveMode
                0x0000000008002ec0                TIM_SetCounter
                0x0000000008002edc                TIM_SetAutoreload
                0x0000000008002ef8                TIM_SetCompare1
                0x0000000008002f14                TIM_SetCompare2
                0x0000000008002f30                TIM_SetCompare3
                0x0000000008002f4c                TIM_SetCompare4
                0x0000000008002f6a                TIM_SetIC1Prescaler
                0x0000000008002fa0                TIM_SetIC2Prescaler
                0x0000000008002fda                TIM_SetIC3Prescaler
                0x0000000008003010                TIM_SetIC4Prescaler
                0x000000000800304a                TIM_SetClockDivision
                0x0000000008003080                TIM_GetCapture1
                0x0000000008003098                TIM_GetCapture2
                0x00000000080030b0                TIM_GetCapture3
                0x00000000080030c8                TIM_GetCapture4
                0x00000000080030e2                TIM_GetCounter
                0x00000000080030fa                TIM_GetPrescaler
                0x0000000008003112                TIM_GetFlagStatus
                0x0000000008003148                TIM_ClearFlag
                0x0000000008003168                TIM_GetITStatus
                0x00000000080031ba                TIM_ClearITPendingBit
 .text          0x0000000008003594       0x14 /Users/phamvanvu/HALAAcademy/01_Courses/AUTOSAR_Classic/MCAL/Pwm/exmaple/build/advanced/case_05_power_state/obj/startup_stm32f10x_md.o
 .text.Reset_Handler
                0x00000000080035a8       0x44 /Users/phamvanvu/HALAAcademy/01_Courses/AUTOSAR_Classic/MCAL/Pwm/exmaple/build/advanced/case_05_power_state/obj/startup_stm32f10x_md.o
                0x00000000080035a8                Reset_Handler
 .text.Default_Handler
                0x00000000080035ec        0x2 /Users/phamvanvu/HALAAcademy/01_Courses/AUTOSAR_Classic/MCAL/Pwm/exmaple/build/advanced/case_05_power_state/obj/startup_stm32f10x_md.o
                0x00000000080035ec                USBWakeUp_IRQHandler
                0x00000000080035ec                DebugMon_Handler
                0x00000000080035ec                TIM1_CC_IRQHandler
                0x00000000080035ec                HardFault_Handler
                0x00000000080035ec                SysTick_Handler
                0x00000000080035ec                PVD_IRQHandler
                0x00000000080035ec                PendSV_Handler
                0x00000000080035ec                NMI_Handler
                0x00000000080035ec                EXTI3_IRQHandler
                0x00000000080035ec                EXTI0_IRQHandler
                0x00000000080035ec                I2C2_EV_IRQHandler
                0x00000000080035ec                UsageFault_Handler
                0x00000000080035ec                ADC1_2_IRQHandler
                0x00000000080035ec                SPI1_IRQHandler
                0x00000000080035ec                TAMPER_IRQHandler
                0x00000000080035ec                DMA1_Channel4_IRQHandler
                0x00000000080035ec                USART3_IRQHandler
                0x00000000080035ec                RTC_IRQHandler
                0x00000000080035ec                DMA1_Channel7_IRQHandler
                0x00000000080035ec                CAN1_RX1_IRQHandler
                0x00000000080035ec                TIM4_IRQHandler
                0x00000000080035ec                I2C1_EV_IRQHandler
                0x00000000080035ec                DMA1_Channel6_IRQHandler
                0x00000000080035ec                TIM3_IRQHandler
                0x00000000080035ec                RCC_IRQHandler
                0x00000000080035ec                TIM1_TRG_COM_IRQHandler
                0x00000000080035ec                DMA1_Channel1_IRQHandler
                0x00000000080035ec                Default_Handler
                0x00000000080035ec                EXTI15_10_IRQHandler
                0x00000000080035ec                EXTI9_5_IRQHandler
                0x00000000080035ec                SPI2_IRQHandler
                0x00000000080035ec                MemManage_Handler
                0x00000000080035ec                SVC_Handler
                0x00000000080035ec                DMA1_Channel5_IRQHandler
                0x00000000080035ec                EXTI4_IRQHandler
                0x00000000080035ec                USB_LP_CAN1_RX0_IRQHandler
                0x00000000080035ec                USB_HP_CAN1_TX_IRQHandler
                0x00000000080035ec                DMA1_Channel3_IRQHandler
                0x00000000080035ec                TIM1_UP_IRQHandler
                0x00000000080035ec                WWDG_IRQHandler
                0x00000000080035ec                TIM2_IRQHandler
                0x00000000080035ec                TIM1_BRK_IRQHandler
                0x00000000080035ec                EXTI1_IRQHandler
                0x00000000080035ec                RTCAlarm_IRQHandler
                0x00000000080035ec                USART2_IRQHandler
                0x00000000080035ec                I2C2_ER_IRQHandler
                0x00000000080035ec                DMA1_Channel2_IRQHandler
                0x00000000080035ec                CAN1_SCE_IRQHandler
                0x00000000080035ec                FLASH_IRQHandler
                0x00000000080035ec                BusFault_Handler
                0x00000000080035ec                USART1_IRQHandler
                0x00000000080035ec                I2C1_ER_IRQHandler
                0x00000000080035ec                EXTI2_IRQHandler
 *(.rodata*)
 *fill*         0x00000000080035ee        0x2 
 .rodata        0x00000000080035f0       0x28 /Users/phamvanvu/HALAAcademy/01_Courses/AUTOSAR_Classic/MCAL/Pwm/exmaple/build/advanced/case_05_power_state/obj/Pwm_Lcfg.o
                0x00000000080035f0                PwmChannelsConfig
                0x0000000008003610                PwmDriverConfig
 *(.glue_7)
 .glue_7        0x0000000008003618        0x0 linker stubs
 *(.glue_7t)
 .glue_7t       0x0000000008003618        0x0 linker stubs

.vfp11_veneer   0x0000000008003618        0x0
 .vfp11_veneer  0x0000000008003618        0x0 linker stubs

.v4_bx          0x0000000008003618        0x0
 .v4_bx         0x0000000008003618        0x0 linker stubs

.iplt           0x0000000008003618        0x0
 .iplt          0x0000000008003618        0x0 /Users/phamvanvu/HALAAcademy/01_Courses/AUTOSAR_Classic/MCAL/Pwm/exmaple/build/advanced/case_05_power_state/obj/main.o

.rel.dyn        0x0000000008003618        0x0
 .rel.iplt      0x0000000008003618        0x0 /Users/phamvanvu/HALAAcademy/01_Courses/AUTOSAR_Classic/MCAL/Pwm/exmaple/build/advanced/case_05_power_state/obj/main.o
                0x0000000008003618                . = ALIGN (0x4)

.ARM.extab
 *(.ARM.extab* .gnu.linkonce.armextab.*)
                0x0000000008003618                . = ALIGN (0x4)
                0x0000000008003618                __exidx_start = .

.ARM.exidx
 *(.ARM.exidx* .gnu.linkonce.armexidx.*)
                0x0000000008003618                __exidx_end = .
                0x0000000008003618                . = ALIGN (0x4)
                0x0000000008003618                _etext = .

.data           0x0000000020000000       0x2c load address 0x0000000008003618
                0x0000000020000000                . = ALIGN (0x4)
                0x0000000020000000                _sdata = .
 *(.data*)
 .data          0x0000000020000000        0x4 /Users/phamvanvu/HALAAcademy/01_Courses/AUTOSAR_Classic/MCAL/Pwm/exmaple/build/advanced/case_05_power_state/obj/main.o
                0x0000000020000000                g_case05_ret0
                0x0000000020000001                g_case05_ret1
                0x0000000020000002                g_case05_ret2
                0x0000000020000003                g_case05_ret3
 .data          0x0000000020000004        0x0 /Users/phamvanvu/HALAAcademy/01_Courses/AUTOSAR_Classic/MCAL/Pwm/exmaple/build/advanced/case_05_power_state/obj/pwm_example_port.o
 .data          0x0000000020000004        0x0 /Users/phamvanvu/HALAAcademy/01_Courses/AUTOSAR_Classic/MCAL/Pwm/exmaple/build/advanced/case_05_power_state/obj/Pwm.o
 .data          0x0000000020000004        0x0 /Users/phamvanvu/HALAAcademy/01_Courses/AUTOSAR_Classic/MCAL/Pwm/exmaple/build/advanced/case_05_power_state/obj/Pwm_Lcfg.o
 .data          0x0000000020000004       0x14 /Users/phamvanvu/HALAAcademy/01_Courses/AUTOSAR_Classic/MCAL/Pwm/exmaple/build/advanced/case_05_power_state/obj/system_stm32f10x.o
                0x0000000020000004                SystemCoreClock
                0x0000000020000008                AHBPrescTable
 .data          0x0000000020000018       0x14 /Users/phamvanvu/HALAAcademy/01_Courses/AUTOSAR_Classic/MCAL/Pwm/exmaple/build/advanced/case_05_power_state/obj/stm32f10x_rcc.o
 .data          0x000000002000002c        0x0 /Users/phamvanvu/HALAAcademy/01_Courses/AUTOSAR_Classic/MCAL/Pwm/exmaple/build/advanced/case_05_power_state/obj/stm32f10x_gpio.o
 .data          0x000000002000002c        0x0 /Users/phamvanvu/HALAAcademy/01_Courses/AUTOSAR_Classic/MCAL/Pwm/exmaple/build/advanced/case_05_power_state/obj/stm32f10x_tim.o
 .data          0x000000002000002c        0x0 /Users/phamvanvu/HALAAcademy/01_Courses/AUTOSAR_Classic/MCAL/Pwm/exmaple/build/advanced/case_05_power_state/obj/startup_stm32f10x_md.o
 *(.data.*)
                0x000000002000002c                . = ALIGN (0x4)
                0x000000002000002c                _edata = .
                0x0000000008003618                _sidata = LOADADDR (.data)

.igot.plt       0x000000002000002c        0x0 load address 0x0000000008003644
 .igot.plt      0x000000002000002c        0x0 /Users/phamvanvu/HALAAcademy/01_Courses/AUTOSAR_Classic/MCAL/Pwm/exmaple/build/advanced/case_05_power_state/obj/main.o

.bss            0x000000002000002c        0xc load address 0x0000000008003644
                0x000000002000002c                . = ALIGN (0x4)
                0x000000002000002c                _sbss = .
 *(.bss*)
 .bss           0x000000002000002c        0x3 /Users/phamvanvu/HALAAcademy/01_Courses/AUTOSAR_Classic/MCAL/Pwm/exmaple/build/advanced/case_05_power_state/obj/main.o
                0x000000002000002c                g_case05_result
                0x000000002000002d                g_case05_current
                0x000000002000002e                g_case05_target
 .bss           0x000000002000002f        0x0 /Users/phamvanvu/HALAAcademy/01_Courses/AUTOSAR_Classic/MCAL/Pwm/exmaple/build/advanced/case_05_power_state/obj/pwm_example_port.o
 *fill*         0x000000002000002f        0x1 
 .bss           0x0000000020000030        0x8 /Users/phamvanvu/HALAAcademy/01_Courses/AUTOSAR_Classic/MCAL/Pwm/exmaple/build/advanced/case_05_power_state/obj/Pwm.o
 .bss           0x0000000020000038        0x0 /Users/phamvanvu/HALAAcademy/01_Courses/AUTOSAR_Classic/MCAL/Pwm/exmaple/build/advanced/case_05_power_state/obj/Pwm_Lcfg.o
 .bss           0x0000000020000038        0x0 /Users/phamvanvu/HALAAcademy/01_Courses/AUTOSAR_Classic/MCAL/Pwm/exmaple/build/advanced/case_05_power_state/obj/system_stm32f10x.o
 .bss           0x0000000020000038        0x0 /Users/phamvanvu/HALAAcademy/01_Courses/AUTOSAR_Classic/MCAL/Pwm/exmaple/build/advanced/case_05_power_state/obj/stm32f10x_rcc.o
 .bss           0x0000000020000038        0x0 /Users/phamvanvu/HALAAcademy/01_Courses/AUTOSAR_Classic/MCAL/Pwm/exmaple/build/advanced/case_05_power_state/obj/stm32f10x_gpio.o
 .bss           0x0000000020000038        0x0 /Users/phamvanvu/HALAAcademy/01_Courses/AUTOSAR_Classic/MCAL/Pwm/exmaple/build/advanced/case_05_power_state/obj/stm32f10x_tim.o
 .bss           0x0000000020000038        0x0 /Users/phamvanvu/HALAAcademy/01_Courses/AUTOSAR_Classic/MCAL/Pwm/exmaple/build/advanced/case_05_power_state/obj/startup_stm32f10x_md.o
 *(COMMON)
                0x0000000020000038                . = ALIGN (0x4)
                0x0000000020000038                _ebss = .

/DISCARD/
 *(.note*)
 *(.comment*)
OUTPUT(/Users/phamvanvu/HALAAcademy/01_Courses/AUTOSAR_Classic/MCAL/Pwm/exmaple/build/advanced/case_05_power_state/case_05_power_state.elf elf32-littlearm)
LOAD linker stubs

.ARM.attributes
                0x0000000000000000       0x2b
 .ARM.attributes
                0x0000000000000000       0x2d /Users/phamvanvu/HALAAcademy/01_Courses/AUTOSAR_Classic/MCAL/Pwm/exmaple/build/advanced/case_05_power_state/obj/main.o
 .ARM.attributes
                0x000000000000002d       0x2d /Users/phamvanvu/HALAAcademy/01_Courses/AUTOSAR_Classic/MCAL/Pwm/exmaple/build/advanced/case_05_power_state/obj/pwm_example_port.o
 .ARM.attributes
                0x000000000000005a       0x2d /Users/phamvanvu/HALAAcademy/01_Courses/AUTOSAR_Classic/MCAL/Pwm/exmaple/build/advanced/case_05_power_state/obj/Pwm.o
 .ARM.attributes
                0x0000000000000087       0x2d /Users/phamvanvu/HALAAcademy/01_Courses/AUTOSAR_Classic/MCAL/Pwm/exmaple/build/advanced/case_05_power_state/obj/Pwm_Lcfg.o
 .ARM.attributes
                0x00000000000000b4       0x2d /Users/phamvanvu/HALAAcademy/01_Courses/AUTOSAR_Classic/MCAL/Pwm/exmaple/build/advanced/case_05_power_state/obj/system_stm32f10x.o
 .ARM.attributes
                0x00000000000000e1       0x2d /Users/phamvanvu/HALAAcademy/01_Courses/AUTOSAR_Classic/MCAL/Pwm/exmaple/build/advanced/case_05_power_state/obj/stm32f10x_rcc.o
 .ARM.attributes
                0x000000000000010e       0x2d /Users/phamvanvu/HALAAcademy/01_Courses/AUTOSAR_Classic/MCAL/Pwm/exmaple/build/advanced/case_05_power_state/obj/stm32f10x_gpio.o
 .ARM.attributes
                0x000000000000013b       0x2d /Users/phamvanvu/HALAAcademy/01_Courses/AUTOSAR_Classic/MCAL/Pwm/exmaple/build/advanced/case_05_power_state/obj/stm32f10x_tim.o
 .ARM.attributes
                0x0000000000000168       0x21 /Users/phamvanvu/HALAAcademy/01_Courses/AUTOSAR_Classic/MCAL/Pwm/exmaple/build/advanced/case_05_power_state/obj/startup_stm32f10x_md.o

.debug_info     0x0000000000000000     0x48be
 .debug_info    0x0000000000000000      0x52b /Users/phamvanvu/HALAAcademy/01_Courses/AUTOSAR_Classic/MCAL/Pwm/exmaple/build/advanced/case_05_power_state/obj/main.o
 .debug_info    0x000000000000052b      0x212 /Users/phamvanvu/HALAAcademy/01_Courses/AUTOSAR_Classic/MCAL/Pwm/exmaple/build/advanced/case_05_power_state/obj/pwm_example_port.o
 .debug_info    0x000000000000073d      0x9fa /Users/phamvanvu/HALAAcademy/01_Courses/AUTOSAR_Classic/MCAL/Pwm/exmaple/build/advanced/case_05_power_state/obj/Pwm.o
 .debug_info    0x0000000000001137      0x496 /Users/phamvanvu/HALAAcademy/01_Courses/AUTOSAR_Classic/MCAL/Pwm/exmaple/build/advanced/case_05_power_state/obj/Pwm_Lcfg.o
 .debug_info    0x00000000000015cd      0x4ba /Users/phamvanvu/HALAAcademy/01_Courses/AUTOSAR_Classic/MCAL/Pwm/exmaple/build/advanced/case_05_power_state/obj/system_stm32f10x.o
 .debug_info    0x0000000000001a87      0x8f7 /Users/phamvanvu/HALAAcademy/01_Courses/AUTOSAR_Classic/MCAL/Pwm/exmaple/build/advanced/case_05_power_state/obj/stm32f10x_rcc.o
 .debug_info    0x000000000000237e      0x732 /Users/phamvanvu/HALAAcademy/01_Courses/AUTOSAR_Classic/MCAL/Pwm/exmaple/build/advanced/case_05_power_state/obj/stm32f10x_gpio.o
 .debug_info    0x0000000000002ab0     0x1dec /Users/phamvanvu/HALAAcademy/01_Courses/AUTOSAR_Classic/MCAL/Pwm/exmaple/build/advanced/case_05_power_state/obj/stm32f10x_tim.o
 .debug_info    0x000000000000489c       0x22 /Users/phamvanvu/HALAAcademy/01_Courses/AUTOSAR_Classic/MCAL/Pwm/exmaple/build/advanced/case_05_power_state/obj/startup_stm32f10x_md.o

.debug_abbrev   0x0000000000000000      0xca5
 .debug_abbrev  0x0000000000000000      0x118 /Users/phamvanvu/HALAAcademy/01_Courses/AUTOSAR_Classic/MCAL/Pwm/exmaple/build/advanced/case_05_power_state/obj/main.o
 .debug_abbrev  0x0000000000000118       0xfd /Users/phamvanvu/HALAAcademy/01_Courses/AUTOSAR_Classic/MCAL/Pwm/exmaple/build/advanced/case_05_power_state/obj/pwm_example_port.o
 .debug_abbrev  0x0000000000000215      0x25b /Users/phamvanvu/HALAAcademy/01_Courses/AUTOSAR_Classic/MCAL/Pwm/exmaple/build/advanced/case_05_power_state/obj/Pwm.o
 .debug_abbrev  0x0000000000000470      0x115 /Users/phamvanvu/HALAAcademy/01_Courses/AUTOSAR_Classic/MCAL/Pwm/exmaple/build/advanced/case_05_power_state/obj/Pwm_Lcfg.o
 .debug_abbrev  0x0000000000000585      0x180 /Users/phamvanvu/HALAAcademy/01_Courses/AUTOSAR_Classic/MCAL/Pwm/exmaple/build/advanced/case_05_power_state/obj/system_stm32f10x.o
 .debug_abbrev  0x0000000000000705      0x1d6 /Users/phamvanvu/HALAAcademy/01_Courses/AUTOSAR_Classic/MCAL/Pwm/exmaple/build/advanced/case_05_power_state/obj/stm32f10x_rcc.o
 .debug_abbrev  0x00000000000008db      0x1ec /Users/phamvanvu/HALAAcademy/01_Courses/AUTOSAR_Classic/MCAL/Pwm/exmaple/build/advanced/case_05_power_state/obj/stm32f10x_gpio.o
 .debug_abbrev  0x0000000000000ac7      0x1cc /Users/phamvanvu/HALAAcademy/01_Courses/AUTOSAR_Classic/MCAL/Pwm/exmaple/build/advanced/case_05_power_state/obj/stm32f10x_tim.o
 .debug_abbrev  0x0000000000000c93       0x12 /Users/phamvanvu/HALAAcademy/01_Courses/AUTOSAR_Classic/MCAL/Pwm/exmaple/build/advanced/case_05_power_state/obj/startup_stm32f10x_md.o

.debug_aranges  0x0000000000000000      0x128
 .debug_aranges
                0x0000000000000000       0x20 /Users/phamvanvu/HALAAcademy/01_Courses/AUTOSAR_Classic/MCAL/Pwm/exmaple/build/advanced/case_05_power_state/obj/main.o
 .debug_aranges
                0x0000000000000020       0x20 /Users/phamvanvu/HALAAcademy/01_Courses/AUTOSAR_Classic/MCAL/Pwm/exmaple/build/advanced/case_05_power_state/obj/pwm_example_port.o
 .debug_aranges
                0x0000000000000040       0x20 /Users/phamvanvu/HALAAcademy/01_Courses/AUTOSAR_Classic/MCAL/Pwm/exmaple/build/advanced/case_05_power_state/obj/Pwm.o
 .debug_aranges
                0x0000000000000060       0x20 /Users/phamvanvu/HALAAcademy/01_Courses/AUTOSAR_Classic/MCAL/Pwm/exmaple/build/advanced/case_05_power_state/obj/Pwm_Lcfg.o
 .debug_aranges
                0x0000000000000080       0x20 /Users/phamvanvu/HALAAcademy/01_Courses/AUTOSAR_Classic/MCAL/Pwm/exmaple/build/advanced/case_05_power_state/obj/system_stm32f10x.o
 .debug_aranges
                0x00000000000000a0       0x20 /Users/phamvanvu/HALAAcademy/01_Courses/AUTOSAR_Classic/MCAL/Pwm/exmaple/build/advanced/case_05_power_state/obj/stm32f10x_rcc.o
 .debug_aranges
                0x00000000000000c0       0x20 /Users/phamvanvu/HALAAcademy/01_Courses/AUTOSAR_Classic/MCAL/Pwm/exmaple/build/advanced/case_05_power_state/obj/stm32f10x_gpio.o
 .debug_aranges
                0x00000000000000e0       0x20 /Users/phamvanvu/HALAAcademy/01_Courses/AUTOSAR_Classic/MCAL/Pwm/exmaple/build/advanced/case_05_power_state/obj/stm32f10x_tim.o
 .debug_aranges
                0x0000000000000100       0x28 /Users/phamvanvu/HALAAcademy/01_Courses/AUTOSAR_Classic/MCAL/Pwm/exmaple/build/advanced/case_05_power_state/obj/startup_stm32f10x_md.o

.debug_macro    0x0000000000000000     0xc561
 .debug_macro   0x0000000000000000       0xfc /Users/phamvanvu/HALAAcademy/01_Courses/AUTOSAR_Classic/MCAL/Pwm/exmaple/build/advanced/case_05_power_state/obj/main.o
 .debug_macro   0x00000000000000fc      0xa66 /Users/phamvanvu/HALAAcademy/01_Courses/AUTOSAR_Classic/MCAL/Pwm/exmaple/build/advanced/case_05_power_state/obj/main.o
 .debug_macro   0x0000000000000b62       0x69 /Users/phamvanvu/HALAAcademy/01_Courses/AUTOSAR_Classic/MCAL/Pwm/exmaple/build/advanced/case_05_power_state/obj/main.o
 .debug_macro   0x0000000000000bcb       0x5d /Users/phamvanvu/HALAAcademy/01_Courses/AUTOSAR_Classic/MCAL/Pwm/exmaple/build/advanced/case_05_power_state/obj/main.o
 .debug_macro   0x0000000000000c28       0x22 /Users/phamvanvu/HALAAcademy/01_Courses/AUTOSAR_Classic/MCAL/Pwm/exmaple/build/advanced/case_05_power_state/obj/main.o
 .debug_macro   0x0000000000000c4a       0x8e /Users/phamvanvu/HALAAcademy/01_Courses/AUTOSAR_Classic/MCAL/Pwm/exmaple/build/advanced/case_05_power_state/obj/main.o
 .debug_macro   0x0000000000000cd8       0x51 /Users/phamvanvu/HALAAcademy/01_Courses/AUTOSAR_Classic/MCAL/Pwm/exmaple/build/advanced/case_05_power_state/obj/main.o
 .debug_macro   0x0000000000000d29      0x103 /Users/phamvanvu/HALAAcademy/01_Courses/AUTOSAR_Classic/MCAL/Pwm/exmaple/build/advanced/case_05_power_state/obj/main.o
 .debug_macro   0x0000000000000e2c       0x6a /Users/phamvanvu/HALAAcademy/01_Courses/AUTOSAR_Classic/MCAL/Pwm/exmaple/build/advanced/case_05_power_state/obj/main.o
 .debug_macro   0x0000000000000e96      0x1df /Users/phamvanvu/HALAAcademy/01_Courses/AUTOSAR_Classic/MCAL/Pwm/exmaple/build/advanced/case_05_power_state/obj/main.o
 .debug_macro   0x0000000000001075       0x1c /Users/phamvanvu/HALAAcademy/01_Courses/AUTOSAR_Classic/MCAL/Pwm/exmaple/build/advanced/case_05_power_state/obj/main.o
 .debug_macro   0x0000000000001091       0x22 /Users/phamvanvu/HALAAcademy/01_Courses/AUTOSAR_Classic/MCAL/Pwm/exmaple/build/advanced/case_05_power_state/obj/main.o
 .debug_macro   0x00000000000010b3       0xbd /Users/phamvanvu/HALAAcademy/01_Courses/AUTOSAR_Classic/MCAL/Pwm/exmaple/build/advanced/case_05_power_state/obj/main.o
 .debug_macro   0x0000000000001170      0xd00 /Users/phamvanvu/HALAAcademy/01_Courses/AUTOSAR_Classic/MCAL/Pwm/exmaple/build/advanced/case_05_power_state/obj/main.o
 .debug_macro   0x0000000000001e70     0x7eb3 /Users/phamvanvu/HALAAcademy/01_Courses/AUTOSAR_Classic/MCAL/Pwm/exmaple/build/advanced/case_05_power_state/obj/main.o
 .debug_macro   0x0000000000009d23       0x10 /Users/phamvanvu/HALAAcademy/01_Courses/AUTOSAR_Classic/MCAL/Pwm/exmaple/build/advanced/case_05_power_state/obj/main.o
 .debug_macro   0x0000000000009d33       0x35 /Users/phamvanvu/HALAAcademy/01_Courses/AUTOSAR_Classic/MCAL/Pwm/exmaple/build/advanced/case_05_power_state/obj/main.o
 .debug_macro   0x0000000000009d68      0x70b /Users/phamvanvu/HALAAcademy/01_Courses/AUTOSAR_Classic/MCAL/Pwm/exmaple/build/advanced/case_05_power_state/obj/main.o
 .debug_macro   0x000000000000a473       0xde /Users/phamvanvu/HALAAcademy/01_Courses/AUTOSAR_Classic/MCAL/Pwm/exmaple/build/advanced/case_05_power_state/obj/pwm_example_port.o
 .debug_macro   0x000000000000a551      0x2a6 /Users/phamvanvu/HALAAcademy/01_Courses/AUTOSAR_Classic/MCAL/Pwm/exmaple/build/advanced/case_05_power_state/obj/pwm_example_port.o
 .debug_macro   0x000000000000a7f7      0x3e2 /Users/phamvanvu/HALAAcademy/01_Courses/AUTOSAR_Classic/MCAL/Pwm/exmaple/build/advanced/case_05_power_state/obj/pwm_example_port.o
 .debug_macro   0x000000000000abd9       0xf6 /Users/phamvanvu/HALAAcademy/01_Courses/AUTOSAR_Classic/MCAL/Pwm/exmaple/build/advanced/case_05_power_state/obj/Pwm.o
 .debug_macro   0x000000000000accf       0x40 /Users/phamvanvu/HALAAcademy/01_Courses/AUTOSAR_Classic/MCAL/Pwm/exmaple/build/advanced/case_05_power_state/obj/Pwm.o
 .debug_macro   0x000000000000ad0f      0x174 /Users/phamvanvu/HALAAcademy/01_Courses/AUTOSAR_Classic/MCAL/Pwm/exmaple/build/advanced/case_05_power_state/obj/Pwm.o
 .debug_macro   0x000000000000ae83      0x239 /Users/phamvanvu/HALAAcademy/01_Courses/AUTOSAR_Classic/MCAL/Pwm/exmaple/build/advanced/case_05_power_state/obj/Pwm_Lcfg.o
 .debug_macro   0x000000000000b0bc       0x64 /Users/phamvanvu/HALAAcademy/01_Courses/AUTOSAR_Classic/MCAL/Pwm/exmaple/build/advanced/case_05_power_state/obj/Pwm_Lcfg.o
 .debug_macro   0x000000000000b120       0x18 /Users/phamvanvu/HALAAcademy/01_Courses/AUTOSAR_Classic/MCAL/Pwm/exmaple/build/advanced/case_05_power_state/obj/Pwm_Lcfg.o
 .debug_macro   0x000000000000b138       0x35 /Users/phamvanvu/HALAAcademy/01_Courses/AUTOSAR_Classic/MCAL/Pwm/exmaple/build/advanced/case_05_power_state/obj/Pwm_Lcfg.o
 .debug_macro   0x000000000000b16d       0x34 /Users/phamvanvu/HALAAcademy/01_Courses/AUTOSAR_Classic/MCAL/Pwm/exmaple/build/advanced/case_05_power_state/obj/Pwm_Lcfg.o
 .debug_macro   0x000000000000b1a1       0x16 /Users/phamvanvu/HALAAcademy/01_Courses/AUTOSAR_Classic/MCAL/Pwm/exmaple/build/advanced/case_05_power_state/obj/Pwm_Lcfg.o
 .debug_macro   0x000000000000b1b7       0x97 /Users/phamvanvu/HALAAcademy/01_Courses/AUTOSAR_Classic/MCAL/Pwm/exmaple/build/advanced/case_05_power_state/obj/Pwm_Lcfg.o
 .debug_macro   0x000000000000b24e      0x341 /Users/phamvanvu/HALAAcademy/01_Courses/AUTOSAR_Classic/MCAL/Pwm/exmaple/build/advanced/case_05_power_state/obj/Pwm_Lcfg.o
 .debug_macro   0x000000000000b58f       0xfd /Users/phamvanvu/HALAAcademy/01_Courses/AUTOSAR_Classic/MCAL/Pwm/exmaple/build/advanced/case_05_power_state/obj/Pwm_Lcfg.o
 .debug_macro   0x000000000000b68c       0x10 /Users/phamvanvu/HALAAcademy/01_Courses/AUTOSAR_Classic/MCAL/Pwm/exmaple/build/advanced/case_05_power_state/obj/Pwm_Lcfg.o
 .debug_macro   0x000000000000b69c       0x16 /Users/phamvanvu/HALAAcademy/01_Courses/AUTOSAR_Classic/MCAL/Pwm/exmaple/build/advanced/case_05_power_state/obj/Pwm_Lcfg.o
 .debug_macro   0x000000000000b6b2       0x43 /Users/phamvanvu/HALAAcademy/01_Courses/AUTOSAR_Classic/MCAL/Pwm/exmaple/build/advanced/case_05_power_state/obj/Pwm_Lcfg.o
 .debug_macro   0x000000000000b6f5       0x34 /Users/phamvanvu/HALAAcademy/01_Courses/AUTOSAR_Classic/MCAL/Pwm/exmaple/build/advanced/case_05_power_state/obj/Pwm_Lcfg.o
 .debug_macro   0x000000000000b729       0x10 /Users/phamvanvu/HALAAcademy/01_Courses/AUTOSAR_Classic/MCAL/Pwm/exmaple/build/advanced/case_05_power_state/obj/Pwm_Lcfg.o
 .debug_macro   0x000000000000b739       0x58 /Users/phamvanvu/HALAAcademy/01_Courses/AUTOSAR_Classic/MCAL/Pwm/exmaple/build/advanced/case_05_power_state/obj/Pwm_Lcfg.o
 .debug_macro   0x000000000000b791      0x182 /Users/phamvanvu/HALAAcademy/01_Courses/AUTOSAR_Classic/MCAL/Pwm/exmaple/build/advanced/case_05_power_state/obj/Pwm_Lcfg.o
 .debug_macro   0x000000000000b913       0x10 /Users/phamvanvu/HALAAcademy/01_Courses/AUTOSAR_Classic/MCAL/Pwm/exmaple/build/advanced/case_05_power_state/obj/Pwm_Lcfg.o
 .debug_macro   0x000000000000b923       0x1c /Users/phamvanvu/HALAAcademy/01_Courses/AUTOSAR_Classic/MCAL/Pwm/exmaple/build/advanced/case_05_power_state/obj/Pwm_Lcfg.o
 .debug_macro   0x000000000000b93f       0x52 /Users/phamvanvu/HALAAcademy/01_Courses/AUTOSAR_Classic/MCAL/Pwm/exmaple/build/advanced/case_05_power_state/obj/Pwm_Lcfg.o
 .debug_macro   0x000000000000b991       0x22 /Users/phamvanvu/HALAAcademy/01_Courses/AUTOSAR_Classic/MCAL/Pwm/exmaple/build/advanced/case_05_power_state/obj/Pwm_Lcfg.o
 .debug_macro   0x000000000000b9b3       0x10 /Users/phamvanvu/HALAAcademy/01_Courses/AUTOSAR_Classic/MCAL/Pwm/exmaple/build/advanced/case_05_power_state/obj/Pwm_Lcfg.o
 .debug_macro   0x000000000000b9c3       0x52 /Users/phamvanvu/HALAAcademy/01_Courses/AUTOSAR_Classic/MCAL/Pwm/exmaple/build/advanced/case_05_power_state/obj/Pwm_Lcfg.o
 .debug_macro   0x000000000000ba15       0xd5 /Users/phamvanvu/HALAAcademy/01_Courses/AUTOSAR_Classic/MCAL/Pwm/exmaple/build/advanced/case_05_power_state/obj/Pwm_Lcfg.o
 .debug_macro   0x000000000000baea       0x1c /Users/phamvanvu/HALAAcademy/01_Courses/AUTOSAR_Classic/MCAL/Pwm/exmaple/build/advanced/case_05_power_state/obj/Pwm_Lcfg.o
 .debug_macro   0x000000000000bb06       0x3d /Users/phamvanvu/HALAAcademy/01_Courses/AUTOSAR_Classic/MCAL/Pwm/exmaple/build/advanced/case_05_power_state/obj/Pwm_Lcfg.o
 .debug_macro   0x000000000000bb43       0x16 /Users/phamvanvu/HALAAcademy/01_Courses/AUTOSAR_Classic/MCAL/Pwm/exmaple/build/advanced/case_05_power_state/obj/Pwm_Lcfg.o
 .debug_macro   0x000000000000bb59      0x16f /Users/phamvanvu/HALAAcademy/01_Courses/AUTOSAR_Classic/MCAL/Pwm/exmaple/build/advanced/case_05_power_state/obj/Pwm_Lcfg.o
 .debug_macro   0x000000000000bcc8       0xc8 /Users/phamvanvu/HALAAcademy/01_Courses/AUTOSAR_Classic/MCAL/Pwm/exmaple/build/advanced/case_05_power_state/obj/system_stm32f10x.o
 .debug_macro   0x000000000000bd90      0x1e7 /Users/phamvanvu/HALAAcademy/01_Courses/AUTOSAR_Classic/MCAL/Pwm/exmaple/build/advanced/case_05_power_state/obj/stm32f10x_rcc.o
 .debug_macro   0x000000000000bf77      0x3dc /Users/phamvanvu/HALAAcademy/01_Courses/AUTOSAR_Classic/MCAL/Pwm/exmaple/build/advanced/case_05_power_state/obj/stm32f10x_rcc.o
 .debug_macro   0x000000000000c353      0x122 /Users/phamvanvu/HALAAcademy/01_Courses/AUTOSAR_Classic/MCAL/Pwm/exmaple/build/advanced/case_05_power_state/obj/stm32f10x_gpio.o
 .debug_macro   0x000000000000c475       0xec /Users/phamvanvu/HALAAcademy/01_Courses/AUTOSAR_Classic/MCAL/Pwm/exmaple/build/advanced/case_05_power_state/obj/stm32f10x_tim.o

.debug_line     0x0000000000000000     0x3126
 .debug_line    0x0000000000000000      0x3cf /Users/phamvanvu/HALAAcademy/01_Courses/AUTOSAR_Classic/MCAL/Pwm/exmaple/build/advanced/case_05_power_state/obj/main.o
 .debug_line    0x00000000000003cf      0x35c /Users/phamvanvu/HALAAcademy/01_Courses/AUTOSAR_Classic/MCAL/Pwm/exmaple/build/advanced/case_05_power_state/obj/pwm_example_port.o
 .debug_line    0x000000000000072b      0x617 /Users/phamvanvu/HALAAcademy/01_Courses/AUTOSAR_Classic/MCAL/Pwm/exmaple/build/advanced/case_05_power_state/obj/Pwm.o
 .debug_line    0x0000000000000d42      0x44a /Users/phamvanvu/HALAAcademy/01_Courses/AUTOSAR_Classic/MCAL/Pwm/exmaple/build/advanced/case_05_power_state/obj/Pwm_Lcfg.o
 .debug_line    0x000000000000118c      0x458 /Users/phamvanvu/HALAAcademy/01_Courses/AUTOSAR_Classic/MCAL/Pwm/exmaple/build/advanced/case_05_power_state/obj/system_stm32f10x.o
 .debug_line    0x00000000000015e4      0x6be /Users/phamvanvu/HALAAcademy/01_Courses/AUTOSAR_Classic/MCAL/Pwm/exmaple/build/advanced/case_05_power_state/obj/stm32f10x_rcc.o
 .debug_line    0x0000000000001ca2      0x604 /Users/phamvanvu/HALAAcademy/01_Courses/AUTOSAR_Classic/MCAL/Pwm/exmaple/build/advanced/case_05_power_state/obj/stm32f10x_gpio.o
 .debug_line    0x00000000000022a6      0xdc4 /Users/phamvanvu/HALAAcademy/01_Courses/AUTOSAR_Classic/MCAL/Pwm/exmaple/build/advanced/case_05_power_state/obj/stm32f10x_tim.o
 .debug_line    0x000000000000306a       0xbc /Users/phamvanvu/HALAAcademy/01_Courses/AUTOSAR_Classic/MCAL/Pwm/exmaple/build/advanced/case_05_power_state/obj/startup_stm32f10x_md.o

.debug_str      0x0000000000000000    0x43238
 .debug_str     0x0000000000000000    0x39792 /Users/phamvanvu/HALAAcademy/01_Courses/AUTOSAR_Classic/MCAL/Pwm/exmaple/build/advanced/case_05_power_state/obj/main.o
                                      0x39914 (size before relaxing)
 .debug_str     0x0000000000039792     0x3d3d /Users/phamvanvu/HALAAcademy/01_Courses/AUTOSAR_Classic/MCAL/Pwm/exmaple/build/advanced/case_05_power_state/obj/pwm_example_port.o
                                      0x3888d (size before relaxing)
 .debug_str     0x000000000003d4cf      0x71c /Users/phamvanvu/HALAAcademy/01_Courses/AUTOSAR_Classic/MCAL/Pwm/exmaple/build/advanced/case_05_power_state/obj/Pwm.o
                                      0x3a026 (size before relaxing)
 .debug_str     0x000000000003dbeb     0x38b8 /Users/phamvanvu/HALAAcademy/01_Courses/AUTOSAR_Classic/MCAL/Pwm/exmaple/build/advanced/case_05_power_state/obj/Pwm_Lcfg.o
                                      0x3d347 (size before relaxing)
 .debug_str     0x00000000000414a3      0x1c9 /Users/phamvanvu/HALAAcademy/01_Courses/AUTOSAR_Classic/MCAL/Pwm/exmaple/build/advanced/case_05_power_state/obj/system_stm32f10x.o
                                      0x34d3b (size before relaxing)
 .debug_str     0x000000000004166c      0xb3f /Users/phamvanvu/HALAAcademy/01_Courses/AUTOSAR_Classic/MCAL/Pwm/exmaple/build/advanced/case_05_power_state/obj/stm32f10x_rcc.o
                                      0x3761c (size before relaxing)
 .debug_str     0x00000000000421ab      0x4bd /Users/phamvanvu/HALAAcademy/01_Courses/AUTOSAR_Classic/MCAL/Pwm/exmaple/build/advanced/case_05_power_state/obj/stm32f10x_gpio.o
                                      0x38cfc (size before relaxing)
 .debug_str     0x0000000000042668      0xb61 /Users/phamvanvu/HALAAcademy/01_Courses/AUTOSAR_Classic/MCAL/Pwm/exmaple/build/advanced/case_05_power_state/obj/stm32f10x_tim.o
                                      0x3bfa5 (size before relaxing)
 .debug_str     0x00000000000431c9       0x6f /Users/phamvanvu/HALAAcademy/01_Courses/AUTOSAR_Classic/MCAL/Pwm/exmaple/build/advanced/case_05_power_state/obj/startup_stm32f10x_md.o
                                         0xac (size before relaxing)

.debug_frame    0x0000000000000000     0x19cc
 .debug_frame   0x0000000000000000       0x2c /Users/phamvanvu/HALAAcademy/01_Courses/AUTOSAR_Classic/MCAL/Pwm/exmaple/build/advanced/case_05_power_state/obj/main.o
 .debug_frame   0x000000000000002c       0x34 /Users/phamvanvu/HALAAcademy/01_Courses/AUTOSAR_Classic/MCAL/Pwm/exmaple/build/advanced/case_05_power_state/obj/pwm_example_port.o
 .debug_frame   0x0000000000000060      0x2b4 /Users/phamvanvu/HALAAcademy/01_Courses/AUTOSAR_Classic/MCAL/Pwm/exmaple/build/advanced/case_05_power_state/obj/Pwm.o
 .debug_frame   0x0000000000000314       0x30 /Users/phamvanvu/HALAAcademy/01_Courses/AUTOSAR_Classic/MCAL/Pwm/exmaple/build/advanced/case_05_power_state/obj/Pwm_Lcfg.o
 .debug_frame   0x0000000000000344       0x98 /Users/phamvanvu/HALAAcademy/01_Courses/AUTOSAR_Classic/MCAL/Pwm/exmaple/build/advanced/case_05_power_state/obj/system_stm32f10x.o
 .debug_frame   0x00000000000003dc      0x4f4 /Users/phamvanvu/HALAAcademy/01_Courses/AUTOSAR_Classic/MCAL/Pwm/exmaple/build/advanced/case_05_power_state/obj/stm32f10x_rcc.o
 .debug_frame   0x00000000000008d0      0x2d0 /Users/phamvanvu/HALAAcademy/01_Courses/AUTOSAR_Classic/MCAL/Pwm/exmaple/build/advanced/case_05_power_state/obj/stm32f10x_gpio.o
 .debug_frame   0x0000000000000ba0      0xe2c /Users/phamvanvu/HALAAcademy/01_Courses/AUTOSAR_Classic/MCAL/Pwm/exmaple/build/advanced/case_05_power_state/obj/stm32f10x_tim.o

.debug_ranges   0x0000000000000000       0x20
 .debug_ranges  0x0000000000000000       0x20 /Users/phamvanvu/HALAAcademy/01_Courses/AUTOSAR_Classic/MCAL/Pwm/exmaple/build/advanced/case_05_power_state/obj/startup_stm32f10x_md.o
