Archive member included to satisfy reference by file (symbol)

c:/program files (x86)/arm gnu toolchain arm-none-eabi/11.3 rel1/bin/../lib/gcc/arm-none-eabi/11.3.1/thumb/v7-m/nofp\libc_nano.a(libc_a-errno.o)
                              build/platform/debug/syscalls_min.o (__errno)
c:/program files (x86)/arm gnu toolchain arm-none-eabi/11.3 rel1/bin/../lib/gcc/arm-none-eabi/11.3.1/thumb/v7-m/nofp\libc_nano.a(libc_a-impure.o)
                              c:/program files (x86)/arm gnu toolchain arm-none-eabi/11.3 rel1/bin/../lib/gcc/arm-none-eabi/11.3.1/thumb/v7-m/nofp\libc_nano.a(libc_a-errno.o) (_impure_ptr)

Discarded input sections

 .group         0x00000000        0xc build/platform/spl/src/misc.o
 .group         0x00000000        0xc build/platform/spl/src/misc.o
 .group         0x00000000        0xc build/platform/spl/src/misc.o
 .group         0x00000000        0xc build/platform/spl/src/misc.o
 .group         0x00000000        0xc build/platform/spl/src/misc.o
 .group         0x00000000        0xc build/platform/spl/src/misc.o
 .group         0x00000000        0xc build/platform/spl/src/misc.o
 .group         0x00000000        0xc build/platform/spl/src/misc.o
 .group         0x00000000        0xc build/platform/spl/src/misc.o
 .group         0x00000000        0xc build/platform/spl/src/misc.o
 .group         0x00000000        0xc build/platform/spl/src/misc.o
 .group         0x00000000        0xc build/platform/spl/src/misc.o
 .text          0x00000000        0x0 build/platform/spl/src/misc.o
 .data          0x00000000        0x0 build/platform/spl/src/misc.o
 .bss           0x00000000        0x0 build/platform/spl/src/misc.o
 .text.NVIC_PriorityGroupConfig
                0x00000000       0x14 build/platform/spl/src/misc.o
 .text.NVIC_Init
                0x00000000       0x6c build/platform/spl/src/misc.o
 .text.NVIC_SetVectorTable
                0x00000000       0x14 build/platform/spl/src/misc.o
 .text.NVIC_SystemLPConfig
                0x00000000       0x1c build/platform/spl/src/misc.o
 .text.SysTick_CLKSourceConfig
                0x00000000       0x18 build/platform/spl/src/misc.o
 .debug_info    0x00000000      0x502 build/platform/spl/src/misc.o
 .debug_abbrev  0x00000000      0x197 build/platform/spl/src/misc.o
 .debug_loclists
                0x00000000      0x10c build/platform/spl/src/misc.o
 .debug_aranges
                0x00000000       0x40 build/platform/spl/src/misc.o
 .debug_rnglists
                0x00000000       0x2b build/platform/spl/src/misc.o
 .debug_macro   0x00000000       0xb5 build/platform/spl/src/misc.o
 .debug_macro   0x00000000      0xaae build/platform/spl/src/misc.o
 .debug_macro   0x00000000       0x57 build/platform/spl/src/misc.o
 .debug_macro   0x00000000      0x34e build/platform/spl/src/misc.o
 .debug_macro   0x00000000       0x1c build/platform/spl/src/misc.o
 .debug_macro   0x00000000       0x22 build/platform/spl/src/misc.o
 .debug_macro   0x00000000       0xbd build/platform/spl/src/misc.o
 .debug_macro   0x00000000      0xd00 build/platform/spl/src/misc.o
 .debug_macro   0x00000000     0x7eb3 build/platform/spl/src/misc.o
 .debug_macro   0x00000000      0x2a6 build/platform/spl/src/misc.o
 .debug_macro   0x00000000      0x3e2 build/platform/spl/src/misc.o
 .debug_macro   0x00000000       0x35 build/platform/spl/src/misc.o
 .debug_macro   0x00000000       0x85 build/platform/spl/src/misc.o
 .debug_line    0x00000000      0x2e9 build/platform/spl/src/misc.o
 .debug_str     0x00000000    0x38ac9 build/platform/spl/src/misc.o
 .comment       0x00000000       0x34 build/platform/spl/src/misc.o
 .debug_frame   0x00000000       0x70 build/platform/spl/src/misc.o
 .ARM.attributes
                0x00000000       0x2d build/platform/spl/src/misc.o
 .group         0x00000000        0xc build/platform/spl/src/stm32f10x_adc.o
 .group         0x00000000        0xc build/platform/spl/src/stm32f10x_adc.o
 .group         0x00000000        0xc build/platform/spl/src/stm32f10x_adc.o
 .group         0x00000000        0xc build/platform/spl/src/stm32f10x_adc.o
 .group         0x00000000        0xc build/platform/spl/src/stm32f10x_adc.o
 .group         0x00000000        0xc build/platform/spl/src/stm32f10x_adc.o
 .group         0x00000000        0xc build/platform/spl/src/stm32f10x_adc.o
 .group         0x00000000        0xc build/platform/spl/src/stm32f10x_adc.o
 .group         0x00000000        0xc build/platform/spl/src/stm32f10x_adc.o
 .group         0x00000000        0xc build/platform/spl/src/stm32f10x_adc.o
 .group         0x00000000        0xc build/platform/spl/src/stm32f10x_adc.o
 .group         0x00000000        0xc build/platform/spl/src/stm32f10x_adc.o
 .text          0x00000000        0x0 build/platform/spl/src/stm32f10x_adc.o
 .data          0x00000000        0x0 build/platform/spl/src/stm32f10x_adc.o
 .bss           0x00000000        0x0 build/platform/spl/src/stm32f10x_adc.o
 .text.ADC_DeInit
[...]
Memory Configuration

Name             Origin             Length             Attributes
FLASH            0x08000000         0x00010000         xr
RAM              0x20000000         0x00005000         xrw
*default*        0x00000000         0xffffffff

Linker script and memory map

LOAD build/platform/spl/src/misc.o
LOAD build/platform/spl/src/stm32f10x_adc.o
LOAD build/platform/spl/src/stm32f10x_bkp.o
LOAD build/platform/spl/src/stm32f10x_can.o
LOAD build/platform/spl/src/stm32f10x_cec.o
LOAD build/platform/spl/src/stm32f10x_crc.o
LOAD build/platform/spl/src/stm32f10x_dac.o
LOAD build/platform/spl/src/stm32f10x_dbgmcu.o
LOAD build/platform/spl/src/stm32f10x_dma.o
LOAD build/platform/spl/src/stm32f10x_exti.o
LOAD build/platform/spl/src/stm32f10x_flash.o
LOAD build/platform/spl/src/stm32f10x_fsmc.o
LOAD build/platform/spl/src/stm32f10x_gpio.o
LOAD build/platform/spl/src/stm32f10x_i2c.o
LOAD build/platform/spl/src/stm32f10x_iwdg.o
LOAD build/platform/spl/src/stm32f10x_pwr.o
LOAD build/platform/spl/src/stm32f10x_rcc.o
LOAD build/platform/spl/src/stm32f10x_rtc.o
LOAD build/platform/spl/src/stm32f10x_sdio.o
LOAD build/platform/spl/src/stm32f10x_spi.o
LOAD build/platform/spl/src/stm32f10x_tim.o
LOAD build/platform/spl/src/stm32f10x_usart.o
LOAD build/platform/spl/src/stm32f10x_wwdg.o
LOAD build/platform/spl/src/system_stm32f10x.o
LOAD build/platform/debug/semihost.o
LOAD build/platform/debug/syscalls_min.o
LOAD build/src/main.o
LOAD build/platform/bsp/startup_stm32f10x_md.o
START GROUP
LOAD c:/program files (x86)/arm gnu toolchain arm-none-eabi/11.3 rel1/bin/../lib/gcc/arm-none-eabi/11.3.1/thumb/v7-m/nofp\libc_nano.a
LOAD c:/program files (x86)/arm gnu toolchain arm-none-eabi/11.3 rel1/bin/../lib/gcc/arm-none-eabi/11.3.1/thumb/v7-m/nofp\libm.a
LOAD c:/program files (x86)/arm gnu toolchain arm-none-eabi/11.3 rel1/bin/../lib/gcc/arm-none-eabi/11.3.1/thumb/v7-m/nofp\libgcc.a
END GROUP
                0x20005000                _estack = (ORIGIN (RAM) + LENGTH (RAM))

.isr_vector     0x08000000      0x10c
 *(.isr_vector)
 .isr_vector    0x08000000      0x10c build/platform/bsp/startup_stm32f10x_md.o
                0x08000000                g_pfnVectors

.text           0x0800010c      0x18a
                0x0800010c                _stext = .
 *(.text*)
 .text.GPIO_Init
                0x0800010c       0xc0 build/platform/spl/src/stm32f10x_gpio.o
                0x0800010c                GPIO_Init
 .text.GPIO_SetBits
                0x080001cc        0x4 build/platform/spl/src/stm32f10x_gpio.o
                0x080001cc                GPIO_SetBits
 .text.GPIO_ResetBits
                0x080001d0        0x4 build/platform/spl/src/stm32f10x_gpio.o
                0x080001d0                GPIO_ResetBits
 .text.RCC_APB2PeriphClockCmd
                0x080001d4       0x18 build/platform/spl/src/stm32f10x_rcc.o
                0x080001d4                RCC_APB2PeriphClockCmd
 .text.SystemInit
                0x080001ec       0x1c build/platform/spl/src/system_stm32f10x.o
                0x080001ec                SystemInit
 .text.startup.main
                0x08000208       0x48 build/src/main.o
                0x08000208                main
 .text.Reset_Handler
                0x08000250       0x44 build/platform/bsp/startup_stm32f10x_md.o
                0x08000250                Reset_Handler
 .text.Default_Handler
                0x08000294        0x2 build/platform/bsp/startup_stm32f10x_md.o
                0x08000294                EXTI2_IRQHandler
                0x08000294                DebugMon_Handler
                0x08000294                TIM1_CC_IRQHandler
                0x08000294                HardFault_Handler
                0x08000294                SysTick_Handler
                0x08000294                PVD_IRQHandler
                0x08000294                PendSV_Handler
                0x08000294                NMI_Handler
                0x08000294                EXTI3_IRQHandler
                0x08000294                EXTI0_IRQHandler
                0x08000294                I2C2_EV_IRQHandler
                0x08000294                UsageFault_Handler
                0x08000294                ADC1_2_IRQHandler
                0x08000294                SPI1_IRQHandler
                0x08000294                TAMPER_IRQHandler
                0x08000294                DMA1_Channel4_IRQHandler
                0x08000294                USART3_IRQHandler
                0x08000294                RTC_IRQHandler
                0x08000294                DMA1_Channel7_IRQHandler
                0x08000294                CAN1_RX1_IRQHandler
                0x08000294                TIM4_IRQHandler
                0x08000294                I2C1_EV_IRQHandler
                0x08000294                DMA1_Channel6_IRQHandler
                0x08000294                TIM3_IRQHandler
                0x08000294                RCC_IRQHandler
                0x08000294                TIM1_TRG_COM_IRQHandler
                0x08000294                DMA1_Channel1_IRQHandler
                0x08000294                Default_Handler
                0x08000294                EXTI15_10_IRQHandler
                0x08000294                EXTI9_5_IRQHandler
                0x08000294                SPI2_IRQHandler
                0x08000294                MemManage_Handler
                0x08000294                SVC_Handler
                0x08000294                DMA1_Channel5_IRQHandler
                0x08000294                EXTI4_IRQHandler
                0x08000294                USB_LP_CAN1_RX0_IRQHandler
                0x08000294                USB_HP_CAN1_TX_IRQHandler
                0x08000294                DMA1_Channel3_IRQHandler
                0x08000294                TIM1_UP_IRQHandler
                0x08000294                WWDG_IRQHandler
                0x08000294                TIM2_IRQHandler
                0x08000294                TIM1_BRK_IRQHandler
                0x08000294                EXTI1_IRQHandler
                0x08000294                RTCAlarm_IRQHandler
                0x08000294                USART2_IRQHandler
                0x08000294                I2C2_ER_IRQHandler
                0x08000294                DMA1_Channel2_IRQHandler
                0x08000294                CAN1_SCE_IRQHandler
                0x08000294                FLASH_IRQHandler
                0x08000294                BusFault_Handler
                0x08000294                USART1_IRQHandler
                0x08000294                I2C1_ER_IRQHandler
                0x08000294                USBWakeUp_IRQHandler
 *(.rodata*)
 *(.glue_7)
 .glue_7        0x08000296        0x0 linker stubs
 *(.glue_7t)
 .glue_7t       0x08000296        0x0 linker stubs

.vfp11_veneer   0x08000298        0x0
 .vfp11_veneer  0x08000298        0x0 linker stubs

.v4_bx          0x08000298        0x0
 .v4_bx         0x08000298        0x0 linker stubs

.iplt           0x08000298        0x0
 .iplt          0x08000298        0x0 build/platform/spl/src/system_stm32f10x.o

.rel.dyn        0x08000298        0x0
 .rel.iplt      0x08000298        0x0 build/platform/spl/src/system_stm32f10x.o
                0x08000298                . = ALIGN (0x4)

.ARM.extab
 *(.ARM.extab* .gnu.linkonce.armextab.*)
                0x08000298                . = ALIGN (0x4)
                0x08000298                __exidx_start = .

.ARM.exidx
 *(.ARM.exidx* .gnu.linkonce.armexidx.*)
                0x08000298                __exidx_end = .
                0x08000298                . = ALIGN (0x4)
                0x08000298                _etext = .

.data           0x20000000        0x4 load address 0x08000298
                0x20000000                . = ALIGN (0x4)
                0x20000000                _sdata = .
 *(.data*)
 .data.SystemCoreClock
                0x20000000        0x4 build/platform/spl/src/system_stm32f10x.o
                0x20000000                SystemCoreClock
 *(.data.*)
                0x20000004                . = ALIGN (0x4)
                0x20000004                _edata = .
                0x08000298                _sidata = LOADADDR (.data)

.igot.plt       0x20000004        0x0 load address 0x0800029c
 .igot.plt      0x20000004        0x0 build/platform/spl/src/system_stm32f10x.o

.bss            0x20000004        0x0
                0x20000004                . = ALIGN (0x4)
                0x20000004                _sbss = .
 *(.bss*)
 *(COMMON)
                0x20000004                . = ALIGN (0x4)
                0x20000004                _ebss = .

/DISCARD/
 *(.note*)
 *(.comment*)
OUTPUT(build/FIRMWARE.elf elf32-littlearm)
LOAD linker stubs

.ARM.attributes
                0x00000000       0x2b
 .ARM.attributes
                0x00000000       0x2d build/platform/spl/src/stm32f10x_gpio.o
 .ARM.attributes
                0x0000002d       0x2d build/platform/spl/src/stm32f10x_rcc.o
 .ARM.attributes
                0x0000005a       0x2d build/platform/spl/src/system_stm32f10x.o
 .ARM.attributes
                0x00000087       0x2d build/src/main.o
 .ARM.attributes
                0x000000b4       0x21 build/platform/bsp/startup_stm32f10x_md.o

.debug_info     0x00000000     0x18b6
 .debug_info    0x00000000      0x89e build/platform/spl/src/stm32f10x_gpio.o
 .debug_info    0x0000089e      0x92f build/platform/spl/src/stm32f10x_rcc.o
 .debug_info    0x000011cd      0x3b0 build/platform/spl/src/system_stm32f10x.o
 .debug_info    0x0000157d      0x339 build/src/main.o

.debug_abbrev   0x00000000      0x812
 .debug_abbrev  0x00000000      0x263 build/platform/spl/src/stm32f10x_gpio.o
 .debug_abbrev  0x00000263      0x2a0 build/platform/spl/src/stm32f10x_rcc.o
 .debug_abbrev  0x00000503      0x157 build/platform/spl/src/system_stm32f10x.o
 .debug_abbrev  0x0000065a      0x1b8 build/src/main.o

.debug_loclists
                0x00000000      0x84d
 .debug_loclists
                0x00000000      0x440 build/platform/spl/src/stm32f10x_gpio.o
 .debug_loclists
                0x00000440      0x363 build/platform/spl/src/stm32f10x_rcc.o
 .debug_loclists
                0x000007a3       0x8e build/platform/spl/src/system_stm32f10x.o
 .debug_loclists
                0x00000831       0x1c build/src/main.o

.debug_aranges  0x00000000      0x210
 .debug_aranges
                0x00000000       0xa8 build/platform/spl/src/stm32f10x_gpio.o
 .debug_aranges
                0x000000a8      0x118 build/platform/spl/src/stm32f10x_rcc.o
 .debug_aranges
                0x000001c0       0x28 build/platform/spl/src/system_stm32f10x.o
 .debug_aranges
                0x000001e8       0x28 build/src/main.o

.debug_rnglists
                0x00000000      0x18d
 .debug_rnglists
                0x00000000       0x7b build/platform/spl/src/stm32f10x_gpio.o
 .debug_rnglists
                0x0000007b       0xe0 build/platform/spl/src/stm32f10x_rcc.o
 .debug_rnglists
                0x0000015b       0x19 build/platform/spl/src/system_stm32f10x.o
 .debug_rnglists
                0x00000174       0x19 build/src/main.o

.debug_macro    0x00000000      0x7ea
 .debug_macro   0x00000000       0xfc build/platform/spl/src/stm32f10x_gpio.o
 .debug_macro   0x000000fc      0x3dc build/platform/spl/src/stm32f10x_gpio.o
 .debug_macro   0x000004d8      0x1c6 build/platform/spl/src/stm32f10x_rcc.o
 .debug_macro   0x0000069e       0xac build/platform/spl/src/system_stm32f10x.o
 .debug_macro   0x0000074a       0xa0 build/src/main.o

.debug_line     0x00000000     0x14c4
 .debug_line    0x00000000      0x707 build/platform/spl/src/stm32f10x_gpio.o
 .debug_line    0x00000707      0x940 build/platform/spl/src/stm32f10x_rcc.o
 .debug_line    0x00001047      0x25a build/platform/spl/src/system_stm32f10x.o
 .debug_line    0x000012a1      0x223 build/src/main.o

.debug_str      0x00000000    0x39494
 .debug_str     0x00000000    0x3884b build/platform/spl/src/stm32f10x_gpio.o
                              0x389ae (size before relaxing)
 .debug_str     0x0003884b      0xb41 build/platform/spl/src/stm32f10x_rcc.o
                              0x38f7d (size before relaxing)
 .debug_str     0x0003938c       0xd8 build/platform/spl/src/system_stm32f10x.o
                              0x384f5 (size before relaxing)
 .debug_str     0x00039464       0x30 build/src/main.o
                              0x38558 (size before relaxing)

.debug_frame    0x00000000      0x42c
 .debug_frame   0x00000000      0x194 build/platform/spl/src/stm32f10x_gpio.o
 .debug_frame   0x00000194      0x228 build/platform/spl/src/stm32f10x_rcc.o
 .debug_frame   0x000003bc       0x30 build/platform/spl/src/system_stm32f10x.o
 .debug_frame   0x000003ec       0x40 build/src/main.o
